198.51.100.10 - - [05/Jul/2025:19:25:22 ] "GET /api/users HTTP/1.1" 404 45672 "-" "Mozilla/5.0 (X11; Linux x86_64) AppleWebKit/537.36"
192.168.1.100 - - [05/Jul/2025:19:26:22 ] "GET /about HTTP/1.1" 500 11137 "-" "Mozilla/5.0 (Macintosh; Intel Mac OS X 10_15_7) AppleWebKit/537.36"
198.51.100.10 - - [05/Jul/2025:19:27:22 ] "GET /products HTTP/1.1" 301 12120 "-" "Mozilla/5.0 (Windows NT 10.0; Win64; x64) AppleWebKit/537.36"
192.168.1.100 - - [05/Jul/2025:19:28:22 ] "GET / HTTP/1.1" 200 8091 "-" "Mozilla/5.0 (Windows NT 10.0; Win64; x64) AppleWebKit/537.36"
198.51.100.10 - - [05/Jul/2025:19:29:22 ] "GET /api/products HTTP/1.1" 302 24424 "-" "Mozilla/5.0 (Macintosh; Intel Mac OS X 10_15_7) AppleWebKit/537.36"
172.16.0.25 - - [05/Jul/2025:19:30:22 ] "GET /dashboard HTTP/1.1" 302 17209 "-" "Mozilla/5.0 (X11; Linux x86_64) AppleWebKit/537.36"
203.0.113.45 - - [05/Jul/2025:19:31:22 ] "GET /about HTTP/1.1" 404 4394 "-" "Mozilla/5.0 (X11; Linux x86_64) AppleWebKit/537.36"
192.168.1.100 - - [05/Jul/2025:19:32:22 ] "GET /products HTTP/1.1" 200 47694 "-" "Mozilla/5.0 (X11; Linux x86_64) AppleWebKit/537.36"
192.168.1.100 - - [05/Jul/2025:19:33:22 ] "GET /admin HTTP/1.1" 404 13744 "-" "Mozilla/5.0 (X11; Linux x86_64) AppleWebKit/537.36"
10.0.0.50 - - [05/Jul/2025:19:34:22 ] "GET /products HTTP/1.1" 200 31207 "-" "Mozilla/5.0 (Macintosh; Intel Mac OS X 10_15_7) AppleWebKit/537.36"
172.16.0.25 - - [05/Jul/2025:19:35:22 ] "GET /api/products HTTP/1.1" 200 44432 "-" "Mozilla/5.0 (Windows NT 10.0; Win64; x64) AppleWebKit/537.36"
172.16.0.25 - - [05/Jul/2025:19:36:22 ] "GET /contact HTTP/1.1" 404 25227 "-" "Mozilla/5.0 (Windows NT 10.0; Win64; x64) AppleWebKit/537.36"
198.51.100.10 - - [05/Jul/2025:19:37:22 ] "GET /api/users HTTP/1.1" 500 44077 "-" "Mozilla/5.0 (Windows NT 10.0; Win64; x64) AppleWebKit/537.36"
10.0.0.50 - - [05/Jul/2025:19:38:22 ] "GET /about HTTP/1.1" 503 46603 "-" "Mozilla/5.0 (Macintosh; Intel Mac OS X 10_15_7) AppleWebKit/537.36"
10.0.0.50 - - [05/Jul/2025:19:39:22 ] "GET / HTTP/1.1" 200 16045 "-" "Mozilla/5.0 (X11; Linux x86_64) AppleWebKit/537.36"
10.0.0.50 - - [05/Jul/2025:19:40:22 ] "GET /products HTTP/1.1" 503 26398 "-" "Mozilla/5.0 (Macintosh; Intel Mac OS X 10_15_7) AppleWebKit/537.36"
172.16.0.25 - - [05/Jul/2025:19:41:22 ] "GET /api/products HTTP/1.1" 503 20574 "-" "Mozilla/5.0 (Macintosh; Intel Mac OS X 10_15_7) AppleWebKit/537.36"
10.0.0.50 - - [05/Jul/2025:19:42:22 ] "GET /api/orders HTTP/1.1" 200 39648 "-" "Mozilla/5.0 (X11; Linux x86_64) AppleWebKit/537.36"
192.168.1.100 - - [05/Jul/2025:19:43:22 ] "GET /contact HTTP/1.1" 404 3568 "-" "Mozilla/5.0 (Windows NT 10.0; Win64; x64) AppleWebKit/537.36"
172.16.0.25 - - [05/Jul/2025:19:44:22 ] "GET /admin HTTP/1.1" 404 12718 "-" "Mozilla/5.0 (X11; Linux x86_64) AppleWebKit/537.36"
172.16.0.25 - - [05/Jul/2025:19:45:22 ] "GET /dashboard HTTP/1.1" 200 29999 "-" "Mozilla/5.0 (Windows NT 10.0; Win64; x64) AppleWebKit/537.36"
203.0.113.45 - - [05/Jul/2025:19:46:22 ] "GET /admin HTTP/1.1" 500 27103 "-" "Mozilla/5.0 (X11; Linux x86_64) AppleWebKit/537.36"
198.51.100.10 - - [05/Jul/2025:19:47:22 ] "GET /logout HTTP/1.1" 200 31894 "-" "Mozilla/5.0 (Windows NT 10.0; Win64; x64) AppleWebKit/537.36"
198.51.100.10 - - [05/Jul/2025:19:48:22 ] "GET /products HTTP/1.1" 500 41913 "-" "Mozilla/5.0 (X11; Linux x86_64) AppleWebKit/537.36"
172.16.0.25 - - [05/Jul/2025:19:49:22 ] "GET /admin HTTP/1.1" 200 9360 "-" "Mozilla/5.0 (X11; Linux x86_64) AppleWebKit/537.36"
172.16.0.25 - - [05/Jul/2025:19:50:22 ] "GET /register HTTP/1.1" 200 43722 "-" "Mozilla/5.0 (X11; Linux x86_64) AppleWebKit/537.36"
10.0.0.50 - - [05/Jul/2025:19:51:22 ] "GET /api/orders HTTP/1.1" 500 45219 "-" "Mozilla/5.0 (X11; Linux x86_64) AppleWebKit/537.36"
172.16.0.25 - - [05/Jul/2025:19:52:22 ] "GET /logout HTTP/1.1" 200 34696 "-" "Mozilla/5.0 (Windows NT 10.0; Win64; x64) AppleWebKit/537.36"
203.0.113.45 - - [05/Jul/2025:19:53:22 ] "GET /index.html HTTP/1.1" 301 9290 "-" "Mozilla/5.0 (X11; Linux x86_64) AppleWebKit/537.36"
10.0.0.50 - - [05/Jul/2025:19:54:22 ] "GET /profile HTTP/1.1" 200 6461 "-" "Mozilla/5.0 (Macintosh; Intel Mac OS X 10_15_7) AppleWebKit/537.36"
192.168.1.100 - - [05/Jul/2025:19:55:22 ] "GET /about HTTP/1.1" 200 17797 "-" "Mozilla/5.0 (X11; Linux x86_64) AppleWebKit/537.36"
203.0.113.45 - - [05/Jul/2025:19:56:22 ] "GET /api/products HTTP/1.1" 503 15804 "-" "Mozilla/5.0 (Windows NT 10.0; Win64; x64) AppleWebKit/537.36"
192.168.1.100 - - [05/Jul/2025:19:57:22 ] "GET /index.html HTTP/1.1" 200 40927 "-" "Mozilla/5.0 (Windows NT 10.0; Win64; x64) AppleWebKit/537.36"
10.0.0.50 - - [05/Jul/2025:19:58:22 ] "GET /admin HTTP/1.1" 200 35454 "-" "Mozilla/5.0 (Macintosh; Intel Mac OS X 10_15_7) AppleWebKit/537.36"
203.0.113.45 - - [05/Jul/2025:19:59:22 ] "GET /api/orders HTTP/1.1" 200 12952 "-" "Mozilla/5.0 (X11; Linux x86_64) AppleWebKit/537.36"
172.16.0.25 - - [05/Jul/2025:20:00:22 ] "GET /index.html HTTP/1.1" 200 32909 "-" "Mozilla/5.0 (Macintosh; Intel Mac OS X 10_15_7) AppleWebKit/537.36"
10.0.0.50 - - [05/Jul/2025:20:01:22 ] "GET /dashboard HTTP/1.1" 301 8069 "-" "Mozilla/5.0 (Macintosh; Intel Mac OS X 10_15_7) AppleWebKit/537.36"
172.16.0.25 - - [05/Jul/2025:20:02:22 ] "GET /admin HTTP/1.1" 200 23209 "-" "Mozilla/5.0 (X11; Linux x86_64) AppleWebKit/537.36"
172.16.0.25 - - [05/Jul/2025:20:03:22 ] "GET /index.html HTTP/1.1" 200 1724 "-" "Mozilla/5.0 (Macintosh; Intel Mac OS X 10_15_7) AppleWebKit/537.36"
10.0.0.50 - - [05/Jul/2025:20:04:22 ] "GET /api/users HTTP/1.1" 200 6168 "-" "Mozilla/5.0 (X11; Linux x86_64) AppleWebKit/537.36"
203.0.113.45 - - [05/Jul/2025:20:05:22 ] "GET /dashboard HTTP/1.1" 302 46815 "-" "Mozilla/5.0 (X11; Linux x86_64) AppleWebKit/537.36"
172.16.0.25 - - [05/Jul/2025:20:06:22 ] "GET /register HTTP/1.1" 302 9935 "-" "Mozilla/5.0 (Macintosh; Intel Mac OS X 10_15_7) AppleWebKit/537.36"
10.0.0.50 - - [05/Jul/2025:20:07:22 ] "GET /products HTTP/1.1" 200 39956 "-" "Mozilla/5.0 (Windows NT 10.0; Win64; x64) AppleWebKit/537.36"
203.0.113.45 - - [05/Jul/2025:20:08:22 ] "GET /register HTTP/1.1" 503 1462 "-" "Mozilla/5.0 (X11; Linux x86_64) AppleWebKit/537.36"
203.0.113.45 - - [05/Jul/2025:20:09:22 ] "GET /register HTTP/1.1" 200 12235 "-" "Mozilla/5.0 (X11; Linux x86_64) AppleWebKit/537.36"
10.0.0.50 - - [05/Jul/2025:20:10:22 ] "GET /admin HTTP/1.1" 302 4593 "-" "Mozilla/5.0 (Windows NT 10.0; Win64; x64) AppleWebKit/537.36"
203.0.113.45 - - [05/Jul/2025:20:11:22 ] "GET /profile HTTP/1.1" 200 44428 "-" "Mozilla/5.0 (Windows NT 10.0; Win64; x64) AppleWebKit/537.36"
172.16.0.25 - - [05/Jul/2025:20:12:22 ] "GET /products HTTP/1.1" 200 1880 "-" "Mozilla/5.0 (Macintosh; Intel Mac OS X 10_15_7) AppleWebKit/537.36"
203.0.113.45 - - [05/Jul/2025:20:13:22 ] "GET /profile HTTP/1.1" 500 9172 "-" "Mozilla/5.0 (Windows NT 10.0; Win64; x64) AppleWebKit/537.36"
203.0.113.45 - - [05/Jul/2025:20:14:22 ] "GET /logout HTTP/1.1" 503 34179 "-" "Mozilla/5.0 (Windows NT 10.0; Win64; x64) AppleWebKit/537.36"
198.51.100.10 - - [05/Jul/2025:20:15:22 ] "GET /register HTTP/1.1" 404 32212 "-" "Mozilla/5.0 (X11; Linux x86_64) AppleWebKit/537.36"
172.16.0.25 - - [05/Jul/2025:20:16:22 ] "GET /logout HTTP/1.1" 404 49358 "-" "Mozilla/5.0 (Macintosh; Intel Mac OS X 10_15_7) AppleWebKit/537.36"
192.168.1.100 - - [05/Jul/2025:20:17:22 ] "GET / HTTP/1.1" 200 33408 "-" "Mozilla/5.0 (Macintosh; Intel Mac OS X 10_15_7) AppleWebKit/537.36"
192.168.1.100 - - [05/Jul/2025:20:18:22 ] "GET /api/orders HTTP/1.1" 200 17561 "-" "Mozilla/5.0 (Windows NT 10.0; Win64; x64) AppleWebKit/537.36"
192.168.1.100 - - [05/Jul/2025:20:19:22 ] "GET /about HTTP/1.1" 200 5673 "-" "Mozilla/5.0 (X11; Linux x86_64) AppleWebKit/537.36"
203.0.113.45 - - [05/Jul/2025:20:20:22 ] "GET /products HTTP/1.1" 500 20364 "-" "Mozilla/5.0 (Windows NT 10.0; Win64; x64) AppleWebKit/537.36"
192.168.1.100 - - [05/Jul/2025:20:21:22 ] "GET /api/orders HTTP/1.1" 500 10737 "-" "Mozilla/5.0 (Macintosh; Intel Mac OS X 10_15_7) AppleWebKit/537.36"
192.168.1.100 - - [05/Jul/2025:20:22:22 ] "GET /login HTTP/1.1" 301 10681 "-" "Mozilla/5.0 (Windows NT 10.0; Win64; x64) AppleWebKit/537.36"
192.168.1.100 - - [05/Jul/2025:20:23:22 ] "GET /products HTTP/1.1" 301 13810 "-" "Mozilla/5.0 (Macintosh; Intel Mac OS X 10_15_7) AppleWebKit/537.36"
203.0.113.45 - - [05/Jul/2025:20:24:22 ] "GET /admin HTTP/1.1" 200 6321 "-" "Mozilla/5.0 (Windows NT 10.0; Win64; x64) AppleWebKit/537.36"
172.16.0.25 - - [05/Jul/2025:20:25:22 ] "GET /register HTTP/1.1" 404 29206 "-" "Mozilla/5.0 (Macintosh; Intel Mac OS X 10_15_7) AppleWebKit/537.36"
203.0.113.45 - - [05/Jul/2025:20:26:22 ] "GET /products HTTP/1.1" 200 30044 "-" "Mozilla/5.0 (Windows NT 10.0; Win64; x64) AppleWebKit/537.36"
10.0.0.50 - - [05/Jul/2025:20:27:22 ] "GET /profile HTTP/1.1" 500 5710 "-" "Mozilla/5.0 (X11; Linux x86_64) AppleWebKit/537.36"
10.0.0.50 - - [05/Jul/2025:20:28:22 ] "GET /api/products HTTP/1.1" 500 20865 "-" "Mozilla/5.0 (X11; Linux x86_64) AppleWebKit/537.36"
172.16.0.25 - - [05/Jul/2025:20:29:22 ] "GET /about HTTP/1.1" 503 33259 "-" "Mozilla/5.0 (Macintosh; Intel Mac OS X 10_15_7) AppleWebKit/537.36"
203.0.113.45 - - [05/Jul/2025:20:30:22 ] "GET /register HTTP/1.1" 200 36799 "-" "Mozilla/5.0 (X11; Linux x86_64) AppleWebKit/537.36"
10.0.0.50 - - [05/Jul/2025:20:31:22 ] "GET /about HTTP/1.1" 200 30030 "-" "Mozilla/5.0 (X11; Linux x86_64) AppleWebKit/537.36"
192.168.1.100 - - [05/Jul/2025:20:32:22 ] "GET /logout HTTP/1.1" 200 20046 "-" "Mozilla/5.0 (Macintosh; Intel Mac OS X 10_15_7) AppleWebKit/537.36"
10.0.0.50 - - [05/Jul/2025:20:33:22 ] "GET /api/users HTTP/1.1" 200 38224 "-" "Mozilla/5.0 (X11; Linux x86_64) AppleWebKit/537.36"
172.16.0.25 - - [05/Jul/2025:20:34:22 ] "GET / HTTP/1.1" 302 11683 "-" "Mozilla/5.0 (X11; Linux x86_64) AppleWebKit/537.36"
198.51.100.10 - - [05/Jul/2025:20:35:22 ] "GET /logout HTTP/1.1" 200 21313 "-" "Mozilla/5.0 (Windows NT 10.0; Win64; x64) AppleWebKit/537.36"
203.0.113.45 - - [05/Jul/2025:20:36:22 ] "GET /contact HTTP/1.1" 503 8260 "-" "Mozilla/5.0 (X11; Linux x86_64) AppleWebKit/537.36"
192.168.1.100 - - [05/Jul/2025:20:37:22 ] "GET /admin HTTP/1.1" 404 45597 "-" "Mozilla/5.0 (Windows NT 10.0; Win64; x64) AppleWebKit/537.36"
198.51.100.10 - - [05/Jul/2025:20:38:22 ] "GET /api/users HTTP/1.1" 200 30645 "-" "Mozilla/5.0 (Windows NT 10.0; Win64; x64) AppleWebKit/537.36"
172.16.0.25 - - [05/Jul/2025:20:39:22 ] "GET /logout HTTP/1.1" 200 32791 "-" "Mozilla/5.0 (X11; Linux x86_64) AppleWebKit/537.36"
192.168.1.100 - - [05/Jul/2025:20:40:22 ] "GET /profile HTTP/1.1" 302 35025 "-" "Mozilla/5.0 (Windows NT 10.0; Win64; x64) AppleWebKit/537.36"
203.0.113.45 - - [05/Jul/2025:20:41:22 ] "GET /api/products HTTP/1.1" 200 29401 "-" "Mozilla/5.0 (Macintosh; Intel Mac OS X 10_15_7) AppleWebKit/537.36"
192.168.1.100 - - [05/Jul/2025:20:42:22 ] "GET /dashboard HTTP/1.1" 503 30949 "-" "Mozilla/5.0 (Windows NT 10.0; Win64; x64) AppleWebKit/537.36"
203.0.113.45 - - [05/Jul/2025:20:43:22 ] "GET /profile HTTP/1.1" 200 947 "-" "Mozilla/5.0 (Macintosh; Intel Mac OS X 10_15_7) AppleWebKit/537.36"
203.0.113.45 - - [05/Jul/2025:20:44:22 ] "GET /logout HTTP/1.1" 200 34316 "-" "Mozilla/5.0 (X11; Linux x86_64) AppleWebKit/537.36"
203.0.113.45 - - [05/Jul/2025:20:45:22 ] "GET /about HTTP/1.1" 503 17522 "-" "Mozilla/5.0 (Windows NT 10.0; Win64; x64) AppleWebKit/537.36"
192.168.1.100 - - [05/Jul/2025:20:46:22 ] "GET /register HTTP/1.1" 301 34121 "-" "Mozilla/5.0 (Windows NT 10.0; Win64; x64) AppleWebKit/537.36"
192.168.1.100 - - [05/Jul/2025:20:47:22 ] "GET /api/orders HTTP/1.1" 200 4308 "-" "Mozilla/5.0 (Macintosh; Intel Mac OS X 10_15_7) AppleWebKit/537.36"
172.16.0.25 - - [05/Jul/2025:20:48:22 ] "GET /index.html HTTP/1.1" 200 41333 "-" "Mozilla/5.0 (Macintosh; Intel Mac OS X 10_15_7) AppleWebKit/537.36"
172.16.0.25 - - [05/Jul/2025:20:49:22 ] "GET /index.html HTTP/1.1" 200 35792 "-" "Mozilla/5.0 (Windows NT 10.0; Win64; x64) AppleWebKit/537.36"
172.16.0.25 - - [05/Jul/2025:20:50:22 ] "GET / HTTP/1.1" 503 7680 "-" "Mozilla/5.0 (Windows NT 10.0; Win64; x64) AppleWebKit/537.36"
203.0.113.45 - - [05/Jul/2025:20:51:22 ] "GET /api/users HTTP/1.1" 200 35933 "-" "Mozilla/5.0 (Windows NT 10.0; Win64; x64) AppleWebKit/537.36"
198.51.100.10 - - [05/Jul/2025:20:52:22 ] "GET /login HTTP/1.1" 200 19436 "-" "Mozilla/5.0 (Windows NT 10.0; Win64; x64) AppleWebKit/537.36"
192.168.1.100 - - [05/Jul/2025:20:53:22 ] "GET /api/users HTTP/1.1" 301 47364 "-" "Mozilla/5.0 (Windows NT 10.0; Win64; x64) AppleWebKit/537.36"
192.168.1.100 - - [05/Jul/2025:20:54:22 ] "GET /logout HTTP/1.1" 302 47844 "-" "Mozilla/5.0 (X11; Linux x86_64) AppleWebKit/537.36"
172.16.0.25 - - [05/Jul/2025:20:55:22 ] "GET /register HTTP/1.1" 301 34571 "-" "Mozilla/5.0 (X11; Linux x86_64) AppleWebKit/537.36"
203.0.113.45 - - [05/Jul/2025:20:56:22 ] "GET /api/orders HTTP/1.1" 301 15298 "-" "Mozilla/5.0 (X11; Linux x86_64) AppleWebKit/537.36"
198.51.100.10 - - [05/Jul/2025:20:57:22 ] "GET /profile HTTP/1.1" 200 4689 "-" "Mozilla/5.0 (X11; Linux x86_64) AppleWebKit/537.36"
192.168.1.100 - - [05/Jul/2025:20:58:22 ] "GET /logout HTTP/1.1" 404 46032 "-" "Mozilla/5.0 (Windows NT 10.0; Win64; x64) AppleWebKit/537.36"
172.16.0.25 - - [05/Jul/2025:20:59:22 ] "GET /about HTTP/1.1" 404 19555 "-" "Mozilla/5.0 (Windows NT 10.0; Win64; x64) AppleWebKit/537.36"
203.0.113.45 - - [05/Jul/2025:21:00:22 ] "GET /api/users HTTP/1.1" 200 40848 "-" "Mozilla/5.0 (X11; Linux x86_64) AppleWebKit/537.36"
198.51.100.10 - - [05/Jul/2025:21:01:22 ] "GET /dashboard HTTP/1.1" 200 37722 "-" "Mozilla/5.0 (Macintosh; Intel Mac OS X 10_15_7) AppleWebKit/537.36"
198.51.100.10 - - [05/Jul/2025:21:02:22 ] "GET /api/products HTTP/1.1" 200 31244 "-" "Mozilla/5.0 (X11; Linux x86_64) AppleWebKit/537.36"
10.0.0.50 - - [05/Jul/2025:21:03:22 ] "GET /api/orders HTTP/1.1" 200 22981 "-" "Mozilla/5.0 (X11; Linux x86_64) AppleWebKit/537.36"
10.0.0.50 - - [05/Jul/2025:21:04:22 ] "GET /profile HTTP/1.1" 404 16885 "-" "Mozilla/5.0 (Macintosh; Intel Mac OS X 10_15_7) AppleWebKit/537.36"
203.0.113.45 - - [05/Jul/2025:21:05:22 ] "GET /profile HTTP/1.1" 500 13309 "-" "Mozilla/5.0 (Windows NT 10.0; Win64; x64) AppleWebKit/537.36"
198.51.100.10 - - [05/Jul/2025:21:06:22 ] "GET /register HTTP/1.1" 200 40101 "-" "Mozilla/5.0 (Windows NT 10.0; Win64; x64) AppleWebKit/537.36"
192.168.1.100 - - [05/Jul/2025:21:07:22 ] "GET /logout HTTP/1.1" 200 12806 "-" "Mozilla/5.0 (Macintosh; Intel Mac OS X 10_15_7) AppleWebKit/537.36"
192.168.1.100 - - [05/Jul/2025:21:08:22 ] "GET /about HTTP/1.1" 500 24093 "-" "Mozilla/5.0 (X11; Linux x86_64) AppleWebKit/537.36"
203.0.113.45 - - [05/Jul/2025:21:09:22 ] "GET /api/users HTTP/1.1" 302 37088 "-" "Mozilla/5.0 (Macintosh; Intel Mac OS X 10_15_7) AppleWebKit/537.36"
192.168.1.100 - - [05/Jul/2025:21:10:22 ] "GET /admin HTTP/1.1" 200 28502 "-" "Mozilla/5.0 (Macintosh; Intel Mac OS X 10_15_7) AppleWebKit/537.36"
172.16.0.25 - - [05/Jul/2025:21:11:22 ] "GET /login HTTP/1.1" 404 15278 "-" "Mozilla/5.0 (Macintosh; Intel Mac OS X 10_15_7) AppleWebKit/537.36"
192.168.1.100 - - [05/Jul/2025:21:12:22 ] "GET / HTTP/1.1" 404 8621 "-" "Mozilla/5.0 (X11; Linux x86_64) AppleWebKit/537.36"
172.16.0.25 - - [05/Jul/2025:21:13:22 ] "GET /api/products HTTP/1.1" 503 9403 "-" "Mozilla/5.0 (Macintosh; Intel Mac OS X 10_15_7) AppleWebKit/537.36"
192.168.1.100 - - [05/Jul/2025:21:14:22 ] "GET /api/products HTTP/1.1" 200 5418 "-" "Mozilla/5.0 (Windows NT 10.0; Win64; x64) AppleWebKit/537.36"
203.0.113.45 - - [05/Jul/2025:21:15:22 ] "GET /api/products HTTP/1.1" 503 44855 "-" "Mozilla/5.0 (Windows NT 10.0; Win64; x64) AppleWebKit/537.36"
203.0.113.45 - - [05/Jul/2025:21:16:22 ] "GET /admin HTTP/1.1" 500 40132 "-" "Mozilla/5.0 (Windows NT 10.0; Win64; x64) AppleWebKit/537.36"
10.0.0.50 - - [05/Jul/2025:21:17:22 ] "GET /login HTTP/1.1" 301 35466 "-" "Mozilla/5.0 (Windows NT 10.0; Win64; x64) AppleWebKit/537.36"
192.168.1.100 - - [05/Jul/2025:21:18:22 ] "GET /api/users HTTP/1.1" 301 38304 "-" "Mozilla/5.0 (X11; Linux x86_64) AppleWebKit/537.36"
10.0.0.50 - - [05/Jul/2025:21:19:22 ] "GET /login HTTP/1.1" 503 19417 "-" "Mozilla/5.0 (Macintosh; Intel Mac OS X 10_15_7) AppleWebKit/537.36"
192.168.1.100 - - [05/Jul/2025:21:20:22 ] "GET /products HTTP/1.1" 200 41482 "-" "Mozilla/5.0 (X11; Linux x86_64) AppleWebKit/537.36"
192.168.1.100 - - [05/Jul/2025:21:21:22 ] "GET /dashboard HTTP/1.1" 503 730 "-" "Mozilla/5.0 (Macintosh; Intel Mac OS X 10_15_7) AppleWebKit/537.36"
192.168.1.100 - - [05/Jul/2025:21:22:22 ] "GET /logout HTTP/1.1" 200 2799 "-" "Mozilla/5.0 (Windows NT 10.0; Win64; x64) AppleWebKit/537.36"
203.0.113.45 - - [05/Jul/2025:21:23:22 ] "GET /contact HTTP/1.1" 503 39550 "-" "Mozilla/5.0 (Windows NT 10.0; Win64; x64) AppleWebKit/537.36"
10.0.0.50 - - [05/Jul/2025:21:24:22 ] "GET /api/users HTTP/1.1" 301 5398 "-" "Mozilla/5.0 (X11; Linux x86_64) AppleWebKit/537.36"
203.0.113.45 - - [05/Jul/2025:21:25:22 ] "GET /admin HTTP/1.1" 200 2790 "-" "Mozilla/5.0 (Windows NT 10.0; Win64; x64) AppleWebKit/537.36"
203.0.113.45 - - [05/Jul/2025:21:26:22 ] "GET /admin HTTP/1.1" 302 21906 "-" "Mozilla/5.0 (Windows NT 10.0; Win64; x64) AppleWebKit/537.36"
198.51.100.10 - - [05/Jul/2025:21:27:22 ] "GET /api/products HTTP/1.1" 500 16899 "-" "Mozilla/5.0 (Windows NT 10.0; Win64; x64) AppleWebKit/537.36"
203.0.113.45 - - [05/Jul/2025:21:28:22 ] "GET /about HTTP/1.1" 503 2475 "-" "Mozilla/5.0 (X11; Linux x86_64) AppleWebKit/537.36"
172.16.0.25 - - [05/Jul/2025:21:29:22 ] "GET /products HTTP/1.1" 200 29946 "-" "Mozilla/5.0 (X11; Linux x86_64) AppleWebKit/537.36"
192.168.1.100 - - [05/Jul/2025:21:30:22 ] "GET /admin HTTP/1.1" 200 19966 "-" "Mozilla/5.0 (Macintosh; Intel Mac OS X 10_15_7) AppleWebKit/537.36"
10.0.0.50 - - [05/Jul/2025:21:31:22 ] "GET /index.html HTTP/1.1" 500 20122 "-" "Mozilla/5.0 (Windows NT 10.0; Win64; x64) AppleWebKit/537.36"
172.16.0.25 - - [05/Jul/2025:21:32:22 ] "GET /logout HTTP/1.1" 500 35270 "-" "Mozilla/5.0 (X11; Linux x86_64) AppleWebKit/537.36"
172.16.0.25 - - [05/Jul/2025:21:33:22 ] "GET /logout HTTP/1.1" 503 33078 "-" "Mozilla/5.0 (X11; Linux x86_64) AppleWebKit/537.36"
203.0.113.45 - - [05/Jul/2025:21:34:22 ] "GET /register HTTP/1.1" 301 30123 "-" "Mozilla/5.0 (Windows NT 10.0; Win64; x64) AppleWebKit/537.36"
192.168.1.100 - - [05/Jul/2025:21:35:22 ] "GET / HTTP/1.1" 200 3142 "-" "Mozilla/5.0 (X11; Linux x86_64) AppleWebKit/537.36"
198.51.100.10 - - [05/Jul/2025:21:36:22 ] "GET /about HTTP/1.1" 200 30222 "-" "Mozilla/5.0 (Macintosh; Intel Mac OS X 10_15_7) AppleWebKit/537.36"
10.0.0.50 - - [05/Jul/2025:21:37:22 ] "GET /register HTTP/1.1" 200 15551 "-" "Mozilla/5.0 (X11; Linux x86_64) AppleWebKit/537.36"
203.0.113.45 - - [05/Jul/2025:21:38:22 ] "GET /contact HTTP/1.1" 404 21219 "-" "Mozilla/5.0 (Macintosh; Intel Mac OS X 10_15_7) AppleWebKit/537.36"
198.51.100.10 - - [05/Jul/2025:21:39:22 ] "GET /admin HTTP/1.1" 301 47579 "-" "Mozilla/5.0 (Macintosh; Intel Mac OS X 10_15_7) AppleWebKit/537.36"
203.0.113.45 - - [05/Jul/2025:21:40:22 ] "GET /api/users HTTP/1.1" 200 10124 "-" "Mozilla/5.0 (Windows NT 10.0; Win64; x64) AppleWebKit/537.36"
203.0.113.45 - - [05/Jul/2025:21:41:22 ] "GET /api/orders HTTP/1.1" 302 30602 "-" "Mozilla/5.0 (X11; Linux x86_64) AppleWebKit/537.36"
203.0.113.45 - - [05/Jul/2025:21:42:22 ] "GET /contact HTTP/1.1" 200 27431 "-" "Mozilla/5.0 (Macintosh; Intel Mac OS X 10_15_7) AppleWebKit/537.36"
192.168.1.100 - - [05/Jul/2025:21:43:22 ] "GET /logout HTTP/1.1" 200 20727 "-" "Mozilla/5.0 (X11; Linux x86_64) AppleWebKit/537.36"
172.16.0.25 - - [05/Jul/2025:21:44:22 ] "GET /index.html HTTP/1.1" 200 12629 "-" "Mozilla/5.0 (X11; Linux x86_64) AppleWebKit/537.36"
10.0.0.50 - - [05/Jul/2025:21:45:22 ] "GET /logout HTTP/1.1" 200 12398 "-" "Mozilla/5.0 (Macintosh; Intel Mac OS X 10_15_7) AppleWebKit/537.36"
198.51.100.10 - - [05/Jul/2025:21:46:22 ] "GET /api/users HTTP/1.1" 200 2612 "-" "Mozilla/5.0 (Macintosh; Intel Mac OS X 10_15_7) AppleWebKit/537.36"
198.51.100.10 - - [05/Jul/2025:21:47:22 ] "GET /dashboard HTTP/1.1" 200 49812 "-" "Mozilla/5.0 (Windows NT 10.0; Win64; x64) AppleWebKit/537.36"
203.0.113.45 - - [05/Jul/2025:21:48:22 ] "GET /admin HTTP/1.1" 200 13308 "-" "Mozilla/5.0 (X11; Linux x86_64) AppleWebKit/537.36"
192.168.1.100 - - [05/Jul/2025:21:49:22 ] "GET /dashboard HTTP/1.1" 503 11937 "-" "Mozilla/5.0 (Macintosh; Intel Mac OS X 10_15_7) AppleWebKit/537.36"
10.0.0.50 - - [05/Jul/2025:21:50:22 ] "GET /login HTTP/1.1" 200 35898 "-" "Mozilla/5.0 (Macintosh; Intel Mac OS X 10_15_7) AppleWebKit/537.36"
192.168.1.100 - - [05/Jul/2025:21:51:22 ] "GET /logout HTTP/1.1" 503 6153 "-" "Mozilla/5.0 (Macintosh; Intel Mac OS X 10_15_7) AppleWebKit/537.36"
192.168.1.100 - - [05/Jul/2025:21:52:22 ] "GET /contact HTTP/1.1" 500 1658 "-" "Mozilla/5.0 (Macintosh; Intel Mac OS X 10_15_7) AppleWebKit/537.36"
10.0.0.50 - - [05/Jul/2025:21:53:22 ] "GET /api/orders HTTP/1.1" 500 7343 "-" "Mozilla/5.0 (Macintosh; Intel Mac OS X 10_15_7) AppleWebKit/537.36"
198.51.100.10 - - [05/Jul/2025:21:54:22 ] "GET /index.html HTTP/1.1" 200 27797 "-" "Mozilla/5.0 (Macintosh; Intel Mac OS X 10_15_7) AppleWebKit/537.36"
203.0.113.45 - - [05/Jul/2025:21:55:22 ] "GET /profile HTTP/1.1" 200 22894 "-" "Mozilla/5.0 (X11; Linux x86_64) AppleWebKit/537.36"
172.16.0.25 - - [05/Jul/2025:21:56:22 ] "GET /profile HTTP/1.1" 200 12762 "-" "Mozilla/5.0 (X11; Linux x86_64) AppleWebKit/537.36"
203.0.113.45 - - [05/Jul/2025:21:57:22 ] "GET /api/users HTTP/1.1" 200 7481 "-" "Mozilla/5.0 (X11; Linux x86_64) AppleWebKit/537.36"
192.168.1.100 - - [05/Jul/2025:21:58:22 ] "GET /logout HTTP/1.1" 200 30494 "-" "Mozilla/5.0 (Macintosh; Intel Mac OS X 10_15_7) AppleWebKit/537.36"
10.0.0.50 - - [05/Jul/2025:21:59:22 ] "GET /api/products HTTP/1.1" 302 46823 "-" "Mozilla/5.0 (X11; Linux x86_64) AppleWebKit/537.36"
172.16.0.25 - - [05/Jul/2025:22:00:22 ] "GET /about HTTP/1.1" 200 22582 "-" "Mozilla/5.0 (X11; Linux x86_64) AppleWebKit/537.36"
198.51.100.10 - - [05/Jul/2025:22:01:22 ] "GET /api/orders HTTP/1.1" 200 32097 "-" "Mozilla/5.0 (X11; Linux x86_64) AppleWebKit/537.36"
198.51.100.10 - - [05/Jul/2025:22:02:22 ] "GET /logout HTTP/1.1" 500 15639 "-" "Mozilla/5.0 (Windows NT 10.0; Win64; x64) AppleWebKit/537.36"
10.0.0.50 - - [05/Jul/2025:22:03:22 ] "GET /api/products HTTP/1.1" 404 35060 "-" "Mozilla/5.0 (Macintosh; Intel Mac OS X 10_15_7) AppleWebKit/537.36"
10.0.0.50 - - [05/Jul/2025:22:04:22 ] "GET /contact HTTP/1.1" 200 43990 "-" "Mozilla/5.0 (Windows NT 10.0; Win64; x64) AppleWebKit/537.36"
172.16.0.25 - - [05/Jul/2025:22:05:22 ] "GET /register HTTP/1.1" 500 13747 "-" "Mozilla/5.0 (X11; Linux x86_64) AppleWebKit/537.36"
203.0.113.45 - - [05/Jul/2025:22:06:22 ] "GET /about HTTP/1.1" 301 20017 "-" "Mozilla/5.0 (Windows NT 10.0; Win64; x64) AppleWebKit/537.36"
203.0.113.45 - - [05/Jul/2025:22:07:22 ] "GET /contact HTTP/1.1" 302 47937 "-" "Mozilla/5.0 (Macintosh; Intel Mac OS X 10_15_7) AppleWebKit/537.36"
10.0.0.50 - - [05/Jul/2025:22:08:22 ] "GET /profile HTTP/1.1" 200 41913 "-" "Mozilla/5.0 (X11; Linux x86_64) AppleWebKit/537.36"
198.51.100.10 - - [05/Jul/2025:22:09:22 ] "GET /api/orders HTTP/1.1" 200 40288 "-" "Mozilla/5.0 (X11; Linux x86_64) AppleWebKit/537.36"
172.16.0.25 - - [05/Jul/2025:22:10:22 ] "GET /dashboard HTTP/1.1" 500 40382 "-" "Mozilla/5.0 (X11; Linux x86_64) AppleWebKit/537.36"
172.16.0.25 - - [05/Jul/2025:22:11:22 ] "GET /profile HTTP/1.1" 503 10848 "-" "Mozilla/5.0 (Macintosh; Intel Mac OS X 10_15_7) AppleWebKit/537.36"
10.0.0.50 - - [05/Jul/2025:22:12:22 ] "GET /api/products HTTP/1.1" 404 6800 "-" "Mozilla/5.0 (Macintosh; Intel Mac OS X 10_15_7) AppleWebKit/537.36"
192.168.1.100 - - [05/Jul/2025:22:13:22 ] "GET /api/users HTTP/1.1" 404 13753 "-" "Mozilla/5.0 (Macintosh; Intel Mac OS X 10_15_7) AppleWebKit/537.36"
172.16.0.25 - - [05/Jul/2025:22:14:22 ] "GET /api/users HTTP/1.1" 200 26828 "-" "Mozilla/5.0 (Windows NT 10.0; Win64; x64) AppleWebKit/537.36"
203.0.113.45 - - [05/Jul/2025:22:15:22 ] "GET /contact HTTP/1.1" 503 15935 "-" "Mozilla/5.0 (Macintosh; Intel Mac OS X 10_15_7) AppleWebKit/537.36"
198.51.100.10 - - [05/Jul/2025:22:16:22 ] "GET /api/orders HTTP/1.1" 404 12396 "-" "Mozilla/5.0 (Windows NT 10.0; Win64; x64) AppleWebKit/537.36"
192.168.1.100 - - [05/Jul/2025:22:17:22 ] "GET /register HTTP/1.1" 200 14860 "-" "Mozilla/5.0 (Windows NT 10.0; Win64; x64) AppleWebKit/537.36"
198.51.100.10 - - [05/Jul/2025:22:18:22 ] "GET /about HTTP/1.1" 503 11378 "-" "Mozilla/5.0 (Windows NT 10.0; Win64; x64) AppleWebKit/537.36"
10.0.0.50 - - [05/Jul/2025:22:19:22 ] "GET /api/products HTTP/1.1" 200 16664 "-" "Mozilla/5.0 (Macintosh; Intel Mac OS X 10_15_7) AppleWebKit/537.36"
10.0.0.50 - - [05/Jul/2025:22:20:22 ] "GET /dashboard HTTP/1.1" 404 1048 "-" "Mozilla/5.0 (Windows NT 10.0; Win64; x64) AppleWebKit/537.36"
10.0.0.50 - - [05/Jul/2025:22:21:22 ] "GET /register HTTP/1.1" 503 42974 "-" "Mozilla/5.0 (X11; Linux x86_64) AppleWebKit/537.36"
203.0.113.45 - - [05/Jul/2025:22:22:22 ] "GET /api/products HTTP/1.1" 200 30686 "-" "Mozilla/5.0 (X11; Linux x86_64) AppleWebKit/537.36"
10.0.0.50 - - [05/Jul/2025:22:23:22 ] "GET /admin HTTP/1.1" 200 21441 "-" "Mozilla/5.0 (Macintosh; Intel Mac OS X 10_15_7) AppleWebKit/537.36"
10.0.0.50 - - [05/Jul/2025:22:24:22 ] "GET /login HTTP/1.1" 200 39811 "-" "Mozilla/5.0 (Macintosh; Intel Mac OS X 10_15_7) AppleWebKit/537.36"
198.51.100.10 - - [05/Jul/2025:22:25:22 ] "GET /index.html HTTP/1.1" 301 48947 "-" "Mozilla/5.0 (Macintosh; Intel Mac OS X 10_15_7) AppleWebKit/537.36"
192.168.1.100 - - [05/Jul/2025:22:26:22 ] "GET /login HTTP/1.1" 200 48967 "-" "Mozilla/5.0 (Windows NT 10.0; Win64; x64) AppleWebKit/537.36"
192.168.1.100 - - [05/Jul/2025:22:27:22 ] "GET /admin HTTP/1.1" 200 27418 "-" "Mozilla/5.0 (Windows NT 10.0; Win64; x64) AppleWebKit/537.36"
172.16.0.25 - - [05/Jul/2025:22:28:22 ] "GET /api/products HTTP/1.1" 200 28734 "-" "Mozilla/5.0 (Windows NT 10.0; Win64; x64) AppleWebKit/537.36"
172.16.0.25 - - [05/Jul/2025:22:29:22 ] "GET /dashboard HTTP/1.1" 302 10880 "-" "Mozilla/5.0 (X11; Linux x86_64) AppleWebKit/537.36"
172.16.0.25 - - [05/Jul/2025:22:30:22 ] "GET /contact HTTP/1.1" 404 25073 "-" "Mozilla/5.0 (Windows NT 10.0; Win64; x64) AppleWebKit/537.36"
203.0.113.45 - - [05/Jul/2025:22:31:22 ] "GET /admin HTTP/1.1" 200 8737 "-" "Mozilla/5.0 (Macintosh; Intel Mac OS X 10_15_7) AppleWebKit/537.36"
10.0.0.50 - - [05/Jul/2025:22:32:22 ] "GET /profile HTTP/1.1" 200 2114 "-" "Mozilla/5.0 (X11; Linux x86_64) AppleWebKit/537.36"
172.16.0.25 - - [05/Jul/2025:22:33:22 ] "GET /products HTTP/1.1" 200 10036 "-" "Mozilla/5.0 (Macintosh; Intel Mac OS X 10_15_7) AppleWebKit/537.36"
10.0.0.50 - - [05/Jul/2025:22:34:22 ] "GET /api/users HTTP/1.1" 404 14279 "-" "Mozilla/5.0 (Macintosh; Intel Mac OS X 10_15_7) AppleWebKit/537.36"
192.168.1.100 - - [05/Jul/2025:22:35:22 ] "GET /dashboard HTTP/1.1" 200 48036 "-" "Mozilla/5.0 (Macintosh; Intel Mac OS X 10_15_7) AppleWebKit/537.36"
192.168.1.100 - - [05/Jul/2025:22:36:22 ] "GET /about HTTP/1.1" 500 37977 "-" "Mozilla/5.0 (Windows NT 10.0; Win64; x64) AppleWebKit/537.36"
203.0.113.45 - - [05/Jul/2025:22:37:22 ] "GET /profile HTTP/1.1" 500 34538 "-" "Mozilla/5.0 (X11; Linux x86_64) AppleWebKit/537.36"
10.0.0.50 - - [05/Jul/2025:22:38:22 ] "GET /admin HTTP/1.1" 200 1465 "-" "Mozilla/5.0 (Windows NT 10.0; Win64; x64) AppleWebKit/537.36"
172.16.0.25 - - [05/Jul/2025:22:39:22 ] "GET /contact HTTP/1.1" 301 240 "-" "Mozilla/5.0 (X11; Linux x86_64) AppleWebKit/537.36"
198.51.100.10 - - [05/Jul/2025:22:40:22 ] "GET /api/users HTTP/1.1" 302 1289 "-" "Mozilla/5.0 (Windows NT 10.0; Win64; x64) AppleWebKit/537.36"
10.0.0.50 - - [05/Jul/2025:22:41:22 ] "GET /logout HTTP/1.1" 200 4474 "-" "Mozilla/5.0 (Windows NT 10.0; Win64; x64) AppleWebKit/537.36"
192.168.1.100 - - [05/Jul/2025:22:42:22 ] "GET /api/users HTTP/1.1" 200 8564 "-" "Mozilla/5.0 (Windows NT 10.0; Win64; x64) AppleWebKit/537.36"
198.51.100.10 - - [05/Jul/2025:22:43:22 ] "GET /contact HTTP/1.1" 301 20217 "-" "Mozilla/5.0 (Windows NT 10.0; Win64; x64) AppleWebKit/537.36"
172.16.0.25 - - [05/Jul/2025:22:44:22 ] "GET /contact HTTP/1.1" 500 41150 "-" "Mozilla/5.0 (Macintosh; Intel Mac OS X 10_15_7) AppleWebKit/537.36"
198.51.100.10 - - [05/Jul/2025:22:45:22 ] "GET / HTTP/1.1" 302 30226 "-" "Mozilla/5.0 (Windows NT 10.0; Win64; x64) AppleWebKit/537.36"
172.16.0.25 - - [05/Jul/2025:22:46:22 ] "GET /api/users HTTP/1.1" 200 19814 "-" "Mozilla/5.0 (Windows NT 10.0; Win64; x64) AppleWebKit/537.36"
10.0.0.50 - - [05/Jul/2025:22:47:22 ] "GET /admin HTTP/1.1" 503 30685 "-" "Mozilla/5.0 (Macintosh; Intel Mac OS X 10_15_7) AppleWebKit/537.36"
10.0.0.50 - - [05/Jul/2025:22:48:22 ] "GET /products HTTP/1.1" 200 38656 "-" "Mozilla/5.0 (Macintosh; Intel Mac OS X 10_15_7) AppleWebKit/537.36"
192.168.1.100 - - [05/Jul/2025:22:49:22 ] "GET /about HTTP/1.1" 404 18787 "-" "Mozilla/5.0 (Windows NT 10.0; Win64; x64) AppleWebKit/537.36"
203.0.113.45 - - [05/Jul/2025:22:50:22 ] "GET /contact HTTP/1.1" 200 42713 "-" "Mozilla/5.0 (X11; Linux x86_64) AppleWebKit/537.36"
192.168.1.100 - - [05/Jul/2025:22:51:22 ] "GET /dashboard HTTP/1.1" 200 10101 "-" "Mozilla/5.0 (Windows NT 10.0; Win64; x64) AppleWebKit/537.36"
203.0.113.45 - - [05/Jul/2025:22:52:22 ] "GET /api/users HTTP/1.1" 503 42070 "-" "Mozilla/5.0 (Windows NT 10.0; Win64; x64) AppleWebKit/537.36"
203.0.113.45 - - [05/Jul/2025:22:53:22 ] "GET /index.html HTTP/1.1" 200 41285 "-" "Mozilla/5.0 (Macintosh; Intel Mac OS X 10_15_7) AppleWebKit/537.36"
192.168.1.100 - - [05/Jul/2025:22:54:22 ] "GET /api/products HTTP/1.1" 200 9594 "-" "Mozilla/5.0 (X11; Linux x86_64) AppleWebKit/537.36"
172.16.0.25 - - [05/Jul/2025:22:55:22 ] "GET /login HTTP/1.1" 200 43164 "-" "Mozilla/5.0 (X11; Linux x86_64) AppleWebKit/537.36"
192.168.1.100 - - [05/Jul/2025:22:56:22 ] "GET /api/users HTTP/1.1" 200 42158 "-" "Mozilla/5.0 (X11; Linux x86_64) AppleWebKit/537.36"
10.0.0.50 - - [05/Jul/2025:22:57:22 ] "GET /profile HTTP/1.1" 500 10307 "-" "Mozilla/5.0 (Macintosh; Intel Mac OS X 10_15_7) AppleWebKit/537.36"
10.0.0.50 - - [05/Jul/2025:22:58:22 ] "GET /products HTTP/1.1" 503 13255 "-" "Mozilla/5.0 (Macintosh; Intel Mac OS X 10_15_7) AppleWebKit/537.36"
192.168.1.100 - - [05/Jul/2025:22:59:22 ] "GET /profile HTTP/1.1" 301 43775 "-" "Mozilla/5.0 (Macintosh; Intel Mac OS X 10_15_7) AppleWebKit/537.36"
203.0.113.45 - - [05/Jul/2025:23:00:22 ] "GET /admin HTTP/1.1" 200 26435 "-" "Mozilla/5.0 (Windows NT 10.0; Win64; x64) AppleWebKit/537.36"
172.16.0.25 - - [05/Jul/2025:23:01:22 ] "GET /index.html HTTP/1.1" 200 19225 "-" "Mozilla/5.0 (Macintosh; Intel Mac OS X 10_15_7) AppleWebKit/537.36"
172.16.0.25 - - [05/Jul/2025:23:02:22 ] "GET /admin HTTP/1.1" 500 30678 "-" "Mozilla/5.0 (Windows NT 10.0; Win64; x64) AppleWebKit/537.36"
10.0.0.50 - - [05/Jul/2025:23:03:22 ] "GET /profile HTTP/1.1" 503 6394 "-" "Mozilla/5.0 (X11; Linux x86_64) AppleWebKit/537.36"
172.16.0.25 - - [05/Jul/2025:23:04:22 ] "GET /logout HTTP/1.1" 301 33517 "-" "Mozilla/5.0 (Windows NT 10.0; Win64; x64) AppleWebKit/537.36"
10.0.0.50 - - [05/Jul/2025:23:05:22 ] "GET /dashboard HTTP/1.1" 301 12827 "-" "Mozilla/5.0 (X11; Linux x86_64) AppleWebKit/537.36"
203.0.113.45 - - [05/Jul/2025:23:06:22 ] "GET /about HTTP/1.1" 500 13188 "-" "Mozilla/5.0 (Macintosh; Intel Mac OS X 10_15_7) AppleWebKit/537.36"
198.51.100.10 - - [05/Jul/2025:23:07:22 ] "GET /api/users HTTP/1.1" 404 5085 "-" "Mozilla/5.0 (X11; Linux x86_64) AppleWebKit/537.36"
192.168.1.100 - - [05/Jul/2025:23:08:22 ] "GET /about HTTP/1.1" 200 45516 "-" "Mozilla/5.0 (Windows NT 10.0; Win64; x64) AppleWebKit/537.36"
10.0.0.50 - - [05/Jul/2025:23:09:22 ] "GET /about HTTP/1.1" 500 898 "-" "Mozilla/5.0 (X11; Linux x86_64) AppleWebKit/537.36"
198.51.100.10 - - [05/Jul/2025:23:10:22 ] "GET /login HTTP/1.1" 500 43808 "-" "Mozilla/5.0 (Macintosh; Intel Mac OS X 10_15_7) AppleWebKit/537.36"
192.168.1.100 - - [05/Jul/2025:23:11:22 ] "GET /api/orders HTTP/1.1" 200 28647 "-" "Mozilla/5.0 (X11; Linux x86_64) AppleWebKit/537.36"
172.16.0.25 - - [05/Jul/2025:23:12:22 ] "GET /products HTTP/1.1" 302 29472 "-" "Mozilla/5.0 (Windows NT 10.0; Win64; x64) AppleWebKit/537.36"
192.168.1.100 - - [05/Jul/2025:23:13:22 ] "GET /products HTTP/1.1" 404 26746 "-" "Mozilla/5.0 (X11; Linux x86_64) AppleWebKit/537.36"
172.16.0.25 - - [05/Jul/2025:23:14:22 ] "GET /contact HTTP/1.1" 301 7512 "-" "Mozilla/5.0 (Macintosh; Intel Mac OS X 10_15_7) AppleWebKit/537.36"
10.0.0.50 - - [05/Jul/2025:23:15:22 ] "GET / HTTP/1.1" 200 46055 "-" "Mozilla/5.0 (Windows NT 10.0; Win64; x64) AppleWebKit/537.36"
198.51.100.10 - - [05/Jul/2025:23:16:22 ] "GET /login HTTP/1.1" 404 4370 "-" "Mozilla/5.0 (Windows NT 10.0; Win64; x64) AppleWebKit/537.36"
192.168.1.100 - - [05/Jul/2025:23:17:22 ] "GET /api/products HTTP/1.1" 200 15830 "-" "Mozilla/5.0 (Windows NT 10.0; Win64; x64) AppleWebKit/537.36"
198.51.100.10 - - [05/Jul/2025:23:18:22 ] "GET /login HTTP/1.1" 200 9234 "-" "Mozilla/5.0 (Windows NT 10.0; Win64; x64) AppleWebKit/537.36"
10.0.0.50 - - [05/Jul/2025:23:19:22 ] "GET /dashboard HTTP/1.1" 503 38306 "-" "Mozilla/5.0 (Macintosh; Intel Mac OS X 10_15_7) AppleWebKit/537.36"
172.16.0.25 - - [05/Jul/2025:23:20:22 ] "GET /api/users HTTP/1.1" 404 4691 "-" "Mozilla/5.0 (Macintosh; Intel Mac OS X 10_15_7) AppleWebKit/537.36"
10.0.0.50 - - [05/Jul/2025:23:21:22 ] "GET / HTTP/1.1" 200 30069 "-" "Mozilla/5.0 (Windows NT 10.0; Win64; x64) AppleWebKit/537.36"
10.0.0.50 - - [05/Jul/2025:23:22:22 ] "GET /api/users HTTP/1.1" 200 45798 "-" "Mozilla/5.0 (X11; Linux x86_64) AppleWebKit/537.36"
198.51.100.10 - - [05/Jul/2025:23:23:22 ] "GET /admin HTTP/1.1" 200 34585 "-" "Mozilla/5.0 (Macintosh; Intel Mac OS X 10_15_7) AppleWebKit/537.36"
172.16.0.25 - - [05/Jul/2025:23:24:22 ] "GET /api/orders HTTP/1.1" 200 5943 "-" "Mozilla/5.0 (Macintosh; Intel Mac OS X 10_15_7) AppleWebKit/537.36"
172.16.0.25 - - [05/Jul/2025:23:25:22 ] "GET /login HTTP/1.1" 301 5603 "-" "Mozilla/5.0 (Windows NT 10.0; Win64; x64) AppleWebKit/537.36"
192.168.1.100 - - [05/Jul/2025:23:26:22 ] "GET /api/products HTTP/1.1" 302 39767 "-" "Mozilla/5.0 (Windows NT 10.0; Win64; x64) AppleWebKit/537.36"
198.51.100.10 - - [05/Jul/2025:23:27:22 ] "GET /admin HTTP/1.1" 200 44409 "-" "Mozilla/5.0 (Windows NT 10.0; Win64; x64) AppleWebKit/537.36"
198.51.100.10 - - [05/Jul/2025:23:28:22 ] "GET /about HTTP/1.1" 404 7160 "-" "Mozilla/5.0 (X11; Linux x86_64) AppleWebKit/537.36"
192.168.1.100 - - [05/Jul/2025:23:29:22 ] "GET / HTTP/1.1" 200 48162 "-" "Mozilla/5.0 (Macintosh; Intel Mac OS X 10_15_7) AppleWebKit/537.36"
10.0.0.50 - - [05/Jul/2025:23:30:22 ] "GET /login HTTP/1.1" 301 49986 "-" "Mozilla/5.0 (Windows NT 10.0; Win64; x64) AppleWebKit/537.36"
203.0.113.45 - - [05/Jul/2025:23:31:22 ] "GET /products HTTP/1.1" 404 11091 "-" "Mozilla/5.0 (Windows NT 10.0; Win64; x64) AppleWebKit/537.36"
203.0.113.45 - - [05/Jul/2025:23:32:22 ] "GET /about HTTP/1.1" 200 19207 "-" "Mozilla/5.0 (Windows NT 10.0; Win64; x64) AppleWebKit/537.36"
192.168.1.100 - - [05/Jul/2025:23:33:22 ] "GET /index.html HTTP/1.1" 302 38547 "-" "Mozilla/5.0 (Windows NT 10.0; Win64; x64) AppleWebKit/537.36"
192.168.1.100 - - [05/Jul/2025:23:34:22 ] "GET /register HTTP/1.1" 200 25060 "-" "Mozilla/5.0 (Macintosh; Intel Mac OS X 10_15_7) AppleWebKit/537.36"
198.51.100.10 - - [05/Jul/2025:23:35:22 ] "GET /contact HTTP/1.1" 200 23107 "-" "Mozilla/5.0 (Macintosh; Intel Mac OS X 10_15_7) AppleWebKit/537.36"
192.168.1.100 - - [05/Jul/2025:23:36:22 ] "GET /api/orders HTTP/1.1" 200 29850 "-" "Mozilla/5.0 (X11; Linux x86_64) AppleWebKit/537.36"
172.16.0.25 - - [05/Jul/2025:23:37:22 ] "GET /logout HTTP/1.1" 404 29328 "-" "Mozilla/5.0 (Windows NT 10.0; Win64; x64) AppleWebKit/537.36"
10.0.0.50 - - [05/Jul/2025:23:38:22 ] "GET /about HTTP/1.1" 200 10221 "-" "Mozilla/5.0 (Macintosh; Intel Mac OS X 10_15_7) AppleWebKit/537.36"
10.0.0.50 - - [05/Jul/2025:23:39:22 ] "GET /login HTTP/1.1" 302 49788 "-" "Mozilla/5.0 (X11; Linux x86_64) AppleWebKit/537.36"
203.0.113.45 - - [05/Jul/2025:23:40:22 ] "GET / HTTP/1.1" 200 46651 "-" "Mozilla/5.0 (Macintosh; Intel Mac OS X 10_15_7) AppleWebKit/537.36"
172.16.0.25 - - [05/Jul/2025:23:41:22 ] "GET /api/orders HTTP/1.1" 200 36965 "-" "Mozilla/5.0 (Macintosh; Intel Mac OS X 10_15_7) AppleWebKit/537.36"
10.0.0.50 - - [05/Jul/2025:23:42:22 ] "GET /products HTTP/1.1" 500 30107 "-" "Mozilla/5.0 (X11; Linux x86_64) AppleWebKit/537.36"
10.0.0.50 - - [05/Jul/2025:23:43:22 ] "GET /about HTTP/1.1" 200 9207 "-" "Mozilla/5.0 (X11; Linux x86_64) AppleWebKit/537.36"
203.0.113.45 - - [05/Jul/2025:23:44:22 ] "GET /api/users HTTP/1.1" 200 39810 "-" "Mozilla/5.0 (Windows NT 10.0; Win64; x64) AppleWebKit/537.36"
203.0.113.45 - - [05/Jul/2025:23:45:22 ] "GET /logout HTTP/1.1" 200 44398 "-" "Mozilla/5.0 (Windows NT 10.0; Win64; x64) AppleWebKit/537.36"
203.0.113.45 - - [05/Jul/2025:23:46:22 ] "GET /api/products HTTP/1.1" 302 19489 "-" "Mozilla/5.0 (Macintosh; Intel Mac OS X 10_15_7) AppleWebKit/537.36"
192.168.1.100 - - [05/Jul/2025:23:47:22 ] "GET /api/orders HTTP/1.1" 200 1932 "-" "Mozilla/5.0 (X11; Linux x86_64) AppleWebKit/537.36"
203.0.113.45 - - [05/Jul/2025:23:48:22 ] "GET /about HTTP/1.1" 302 46587 "-" "Mozilla/5.0 (Macintosh; Intel Mac OS X 10_15_7) AppleWebKit/537.36"
10.0.0.50 - - [05/Jul/2025:23:49:22 ] "GET /products HTTP/1.1" 500 35146 "-" "Mozilla/5.0 (Macintosh; Intel Mac OS X 10_15_7) AppleWebKit/537.36"
192.168.1.100 - - [05/Jul/2025:23:50:22 ] "GET /dashboard HTTP/1.1" 200 36522 "-" "Mozilla/5.0 (X11; Linux x86_64) AppleWebKit/537.36"
10.0.0.50 - - [05/Jul/2025:23:51:22 ] "GET /api/products HTTP/1.1" 200 11289 "-" "Mozilla/5.0 (X11; Linux x86_64) AppleWebKit/537.36"
172.16.0.25 - - [05/Jul/2025:23:52:22 ] "GET / HTTP/1.1" 404 3654 "-" "Mozilla/5.0 (X11; Linux x86_64) AppleWebKit/537.36"
10.0.0.50 - - [05/Jul/2025:23:53:22 ] "GET /logout HTTP/1.1" 200 5242 "-" "Mozilla/5.0 (Windows NT 10.0; Win64; x64) AppleWebKit/537.36"
10.0.0.50 - - [05/Jul/2025:23:54:22 ] "GET /dashboard HTTP/1.1" 503 221 "-" "Mozilla/5.0 (X11; Linux x86_64) AppleWebKit/537.36"
172.16.0.25 - - [05/Jul/2025:23:55:22 ] "GET / HTTP/1.1" 200 45856 "-" "Mozilla/5.0 (Macintosh; Intel Mac OS X 10_15_7) AppleWebKit/537.36"
198.51.100.10 - - [05/Jul/2025:23:56:22 ] "GET /admin HTTP/1.1" 200 45030 "-" "Mozilla/5.0 (X11; Linux x86_64) AppleWebKit/537.36"
10.0.0.50 - - [05/Jul/2025:23:57:22 ] "GET /logout HTTP/1.1" 200 28673 "-" "Mozilla/5.0 (Windows NT 10.0; Win64; x64) AppleWebKit/537.36"
203.0.113.45 - - [05/Jul/2025:23:58:22 ] "GET /contact HTTP/1.1" 200 10824 "-" "Mozilla/5.0 (Macintosh; Intel Mac OS X 10_15_7) AppleWebKit/537.36"
172.16.0.25 - - [05/Jul/2025:23:59:22 ] "GET /admin HTTP/1.1" 500 32620 "-" "Mozilla/5.0 (Windows NT 10.0; Win64; x64) AppleWebKit/537.36"
198.51.100.10 - - [06/Jul/2025:00:00:22 ] "GET /api/orders HTTP/1.1" 200 8489 "-" "Mozilla/5.0 (Windows NT 10.0; Win64; x64) AppleWebKit/537.36"
192.168.1.100 - - [06/Jul/2025:00:01:22 ] "GET /api/users HTTP/1.1" 500 30313 "-" "Mozilla/5.0 (X11; Linux x86_64) AppleWebKit/537.36"
172.16.0.25 - - [06/Jul/2025:00:02:22 ] "GET /profile HTTP/1.1" 200 13849 "-" "Mozilla/5.0 (Windows NT 10.0; Win64; x64) AppleWebKit/537.36"
203.0.113.45 - - [06/Jul/2025:00:03:22 ] "GET /admin HTTP/1.1" 500 28647 "-" "Mozilla/5.0 (Macintosh; Intel Mac OS X 10_15_7) AppleWebKit/537.36"
172.16.0.25 - - [06/Jul/2025:00:04:22 ] "GET /index.html HTTP/1.1" 200 24181 "-" "Mozilla/5.0 (X11; Linux x86_64) AppleWebKit/537.36"
10.0.0.50 - - [06/Jul/2025:00:05:22 ] "GET /index.html HTTP/1.1" 500 10620 "-" "Mozilla/5.0 (Windows NT 10.0; Win64; x64) AppleWebKit/537.36"
10.0.0.50 - - [06/Jul/2025:00:06:22 ] "GET /products HTTP/1.1" 301 22615 "-" "Mozilla/5.0 (Windows NT 10.0; Win64; x64) AppleWebKit/537.36"
203.0.113.45 - - [06/Jul/2025:00:07:22 ] "GET /logout HTTP/1.1" 302 47634 "-" "Mozilla/5.0 (X11; Linux x86_64) AppleWebKit/537.36"
203.0.113.45 - - [06/Jul/2025:00:08:22 ] "GET /register HTTP/1.1" 500 32290 "-" "Mozilla/5.0 (Macintosh; Intel Mac OS X 10_15_7) AppleWebKit/537.36"
203.0.113.45 - - [06/Jul/2025:00:09:22 ] "GET / HTTP/1.1" 404 47645 "-" "Mozilla/5.0 (X11; Linux x86_64) AppleWebKit/537.36"
203.0.113.45 - - [06/Jul/2025:00:10:22 ] "GET /api/orders HTTP/1.1" 200 937 "-" "Mozilla/5.0 (X11; Linux x86_64) AppleWebKit/537.36"
10.0.0.50 - - [06/Jul/2025:00:11:22 ] "GET /products HTTP/1.1" 200 14602 "-" "Mozilla/5.0 (X11; Linux x86_64) AppleWebKit/537.36"
203.0.113.45 - - [06/Jul/2025:00:12:22 ] "GET /register HTTP/1.1" 500 28021 "-" "Mozilla/5.0 (Macintosh; Intel Mac OS X 10_15_7) AppleWebKit/537.36"
192.168.1.100 - - [06/Jul/2025:00:13:22 ] "GET /api/orders HTTP/1.1" 200 29608 "-" "Mozilla/5.0 (Macintosh; Intel Mac OS X 10_15_7) AppleWebKit/537.36"
198.51.100.10 - - [06/Jul/2025:00:14:22 ] "GET /contact HTTP/1.1" 503 26362 "-" "Mozilla/5.0 (Macintosh; Intel Mac OS X 10_15_7) AppleWebKit/537.36"
192.168.1.100 - - [06/Jul/2025:00:15:22 ] "GET /admin HTTP/1.1" 503 39369 "-" "Mozilla/5.0 (Windows NT 10.0; Win64; x64) AppleWebKit/537.36"
203.0.113.45 - - [06/Jul/2025:00:16:22 ] "GET /contact HTTP/1.1" 302 28051 "-" "Mozilla/5.0 (X11; Linux x86_64) AppleWebKit/537.36"
203.0.113.45 - - [06/Jul/2025:00:17:22 ] "GET /register HTTP/1.1" 404 829 "-" "Mozilla/5.0 (X11; Linux x86_64) AppleWebKit/537.36"
192.168.1.100 - - [06/Jul/2025:00:18:22 ] "GET /login HTTP/1.1" 301 10664 "-" "Mozilla/5.0 (X11; Linux x86_64) AppleWebKit/537.36"
203.0.113.45 - - [06/Jul/2025:00:19:22 ] "GET /products HTTP/1.1" 404 12901 "-" "Mozilla/5.0 (Macintosh; Intel Mac OS X 10_15_7) AppleWebKit/537.36"
172.16.0.25 - - [06/Jul/2025:00:20:22 ] "GET / HTTP/1.1" 500 20393 "-" "Mozilla/5.0 (Windows NT 10.0; Win64; x64) AppleWebKit/537.36"
192.168.1.100 - - [06/Jul/2025:00:21:22 ] "GET /admin HTTP/1.1" 404 36947 "-" "Mozilla/5.0 (Macintosh; Intel Mac OS X 10_15_7) AppleWebKit/537.36"
203.0.113.45 - - [06/Jul/2025:00:22:22 ] "GET /index.html HTTP/1.1" 503 32017 "-" "Mozilla/5.0 (Windows NT 10.0; Win64; x64) AppleWebKit/537.36"
172.16.0.25 - - [06/Jul/2025:00:23:22 ] "GET /index.html HTTP/1.1" 200 1489 "-" "Mozilla/5.0 (X11; Linux x86_64) AppleWebKit/537.36"
198.51.100.10 - - [06/Jul/2025:00:24:22 ] "GET /logout HTTP/1.1" 500 36890 "-" "Mozilla/5.0 (X11; Linux x86_64) AppleWebKit/537.36"
172.16.0.25 - - [06/Jul/2025:00:25:22 ] "GET /index.html HTTP/1.1" 301 4180 "-" "Mozilla/5.0 (Windows NT 10.0; Win64; x64) AppleWebKit/537.36"
10.0.0.50 - - [06/Jul/2025:00:26:22 ] "GET /admin HTTP/1.1" 200 49560 "-" "Mozilla/5.0 (Windows NT 10.0; Win64; x64) AppleWebKit/537.36"
172.16.0.25 - - [06/Jul/2025:00:27:22 ] "GET /logout HTTP/1.1" 301 11478 "-" "Mozilla/5.0 (Macintosh; Intel Mac OS X 10_15_7) AppleWebKit/537.36"
192.168.1.100 - - [06/Jul/2025:00:28:22 ] "GET /products HTTP/1.1" 500 49033 "-" "Mozilla/5.0 (Macintosh; Intel Mac OS X 10_15_7) AppleWebKit/537.36"
172.16.0.25 - - [06/Jul/2025:00:29:22 ] "GET /api/orders HTTP/1.1" 200 1342 "-" "Mozilla/5.0 (Windows NT 10.0; Win64; x64) AppleWebKit/537.36"
172.16.0.25 - - [06/Jul/2025:00:30:22 ] "GET /logout HTTP/1.1" 200 32615 "-" "Mozilla/5.0 (Windows NT 10.0; Win64; x64) AppleWebKit/537.36"
10.0.0.50 - - [06/Jul/2025:00:31:22 ] "GET /api/orders HTTP/1.1" 500 3379 "-" "Mozilla/5.0 (Macintosh; Intel Mac OS X 10_15_7) AppleWebKit/537.36"
203.0.113.45 - - [06/Jul/2025:00:32:22 ] "GET /dashboard HTTP/1.1" 500 12227 "-" "Mozilla/5.0 (Windows NT 10.0; Win64; x64) AppleWebKit/537.36"
203.0.113.45 - - [06/Jul/2025:00:33:22 ] "GET /api/orders HTTP/1.1" 302 43707 "-" "Mozilla/5.0 (Macintosh; Intel Mac OS X 10_15_7) AppleWebKit/537.36"
10.0.0.50 - - [06/Jul/2025:00:34:22 ] "GET /index.html HTTP/1.1" 302 36356 "-" "Mozilla/5.0 (Macintosh; Intel Mac OS X 10_15_7) AppleWebKit/537.36"
172.16.0.25 - - [06/Jul/2025:00:35:22 ] "GET /index.html HTTP/1.1" 503 35799 "-" "Mozilla/5.0 (X11; Linux x86_64) AppleWebKit/537.36"
203.0.113.45 - - [06/Jul/2025:00:36:22 ] "GET /logout HTTP/1.1" 302 43605 "-" "Mozilla/5.0 (Macintosh; Intel Mac OS X 10_15_7) AppleWebKit/537.36"
192.168.1.100 - - [06/Jul/2025:00:37:22 ] "GET /register HTTP/1.1" 500 26963 "-" "Mozilla/5.0 (X11; Linux x86_64) AppleWebKit/537.36"
198.51.100.10 - - [06/Jul/2025:00:38:22 ] "GET /profile HTTP/1.1" 500 29469 "-" "Mozilla/5.0 (X11; Linux x86_64) AppleWebKit/537.36"
192.168.1.100 - - [06/Jul/2025:00:39:22 ] "GET /api/orders HTTP/1.1" 302 31759 "-" "Mozilla/5.0 (X11; Linux x86_64) AppleWebKit/537.36"
172.16.0.25 - - [06/Jul/2025:00:40:22 ] "GET /login HTTP/1.1" 503 9761 "-" "Mozilla/5.0 (Macintosh; Intel Mac OS X 10_15_7) AppleWebKit/537.36"
198.51.100.10 - - [06/Jul/2025:00:41:22 ] "GET /logout HTTP/1.1" 302 31236 "-" "Mozilla/5.0 (Windows NT 10.0; Win64; x64) AppleWebKit/537.36"
198.51.100.10 - - [06/Jul/2025:00:42:22 ] "GET /api/users HTTP/1.1" 503 47943 "-" "Mozilla/5.0 (X11; Linux x86_64) AppleWebKit/537.36"
198.51.100.10 - - [06/Jul/2025:00:43:22 ] "GET /register HTTP/1.1" 200 10920 "-" "Mozilla/5.0 (Windows NT 10.0; Win64; x64) AppleWebKit/537.36"
10.0.0.50 - - [06/Jul/2025:00:44:22 ] "GET /about HTTP/1.1" 503 27596 "-" "Mozilla/5.0 (Windows NT 10.0; Win64; x64) AppleWebKit/537.36"
172.16.0.25 - - [06/Jul/2025:00:45:22 ] "GET / HTTP/1.1" 503 2048 "-" "Mozilla/5.0 (Windows NT 10.0; Win64; x64) AppleWebKit/537.36"
172.16.0.25 - - [06/Jul/2025:00:46:22 ] "GET /products HTTP/1.1" 500 16055 "-" "Mozilla/5.0 (Windows NT 10.0; Win64; x64) AppleWebKit/537.36"
10.0.0.50 - - [06/Jul/2025:00:47:22 ] "GET /profile HTTP/1.1" 200 4628 "-" "Mozilla/5.0 (Windows NT 10.0; Win64; x64) AppleWebKit/537.36"
172.16.0.25 - - [06/Jul/2025:00:48:22 ] "GET /api/products HTTP/1.1" 404 42307 "-" "Mozilla/5.0 (X11; Linux x86_64) AppleWebKit/537.36"
192.168.1.100 - - [06/Jul/2025:00:49:22 ] "GET /logout HTTP/1.1" 200 46536 "-" "Mozilla/5.0 (Windows NT 10.0; Win64; x64) AppleWebKit/537.36"
192.168.1.100 - - [06/Jul/2025:00:50:22 ] "GET /profile HTTP/1.1" 500 36477 "-" "Mozilla/5.0 (Macintosh; Intel Mac OS X 10_15_7) AppleWebKit/537.36"
198.51.100.10 - - [06/Jul/2025:00:51:22 ] "GET /login HTTP/1.1" 200 37250 "-" "Mozilla/5.0 (Macintosh; Intel Mac OS X 10_15_7) AppleWebKit/537.36"
192.168.1.100 - - [06/Jul/2025:00:52:22 ] "GET /logout HTTP/1.1" 500 45892 "-" "Mozilla/5.0 (X11; Linux x86_64) AppleWebKit/537.36"
10.0.0.50 - - [06/Jul/2025:00:53:22 ] "GET /api/orders HTTP/1.1" 404 8993 "-" "Mozilla/5.0 (Windows NT 10.0; Win64; x64) AppleWebKit/537.36"
203.0.113.45 - - [06/Jul/2025:00:54:22 ] "GET /dashboard HTTP/1.1" 200 39139 "-" "Mozilla/5.0 (Macintosh; Intel Mac OS X 10_15_7) AppleWebKit/537.36"
192.168.1.100 - - [06/Jul/2025:00:55:22 ] "GET /admin HTTP/1.1" 200 25379 "-" "Mozilla/5.0 (Macintosh; Intel Mac OS X 10_15_7) AppleWebKit/537.36"
203.0.113.45 - - [06/Jul/2025:00:56:22 ] "GET /about HTTP/1.1" 503 2149 "-" "Mozilla/5.0 (X11; Linux x86_64) AppleWebKit/537.36"
10.0.0.50 - - [06/Jul/2025:00:57:22 ] "GET /login HTTP/1.1" 200 23701 "-" "Mozilla/5.0 (Windows NT 10.0; Win64; x64) AppleWebKit/537.36"
198.51.100.10 - - [06/Jul/2025:00:58:22 ] "GET /logout HTTP/1.1" 500 22008 "-" "Mozilla/5.0 (X11; Linux x86_64) AppleWebKit/537.36"
172.16.0.25 - - [06/Jul/2025:00:59:22 ] "GET /contact HTTP/1.1" 200 26859 "-" "Mozilla/5.0 (X11; Linux x86_64) AppleWebKit/537.36"
198.51.100.10 - - [06/Jul/2025:01:00:22 ] "GET /about HTTP/1.1" 404 6334 "-" "Mozilla/5.0 (X11; Linux x86_64) AppleWebKit/537.36"
198.51.100.10 - - [06/Jul/2025:01:01:22 ] "GET /api/users HTTP/1.1" 200 46761 "-" "Mozilla/5.0 (Macintosh; Intel Mac OS X 10_15_7) AppleWebKit/537.36"
10.0.0.50 - - [06/Jul/2025:01:02:22 ] "GET /admin HTTP/1.1" 302 46581 "-" "Mozilla/5.0 (X11; Linux x86_64) AppleWebKit/537.36"
198.51.100.10 - - [06/Jul/2025:01:03:22 ] "GET /contact HTTP/1.1" 503 21511 "-" "Mozilla/5.0 (Macintosh; Intel Mac OS X 10_15_7) AppleWebKit/537.36"
198.51.100.10 - - [06/Jul/2025:01:04:22 ] "GET /products HTTP/1.1" 200 40594 "-" "Mozilla/5.0 (X11; Linux x86_64) AppleWebKit/537.36"
172.16.0.25 - - [06/Jul/2025:01:05:22 ] "GET /api/orders HTTP/1.1" 200 17091 "-" "Mozilla/5.0 (Macintosh; Intel Mac OS X 10_15_7) AppleWebKit/537.36"
192.168.1.100 - - [06/Jul/2025:01:06:22 ] "GET /index.html HTTP/1.1" 200 37429 "-" "Mozilla/5.0 (Windows NT 10.0; Win64; x64) AppleWebKit/537.36"
203.0.113.45 - - [06/Jul/2025:01:07:22 ] "GET /login HTTP/1.1" 404 13013 "-" "Mozilla/5.0 (Macintosh; Intel Mac OS X 10_15_7) AppleWebKit/537.36"
203.0.113.45 - - [06/Jul/2025:01:08:22 ] "GET /api/orders HTTP/1.1" 404 19061 "-" "Mozilla/5.0 (X11; Linux x86_64) AppleWebKit/537.36"
198.51.100.10 - - [06/Jul/2025:01:09:22 ] "GET /api/users HTTP/1.1" 500 23824 "-" "Mozilla/5.0 (Macintosh; Intel Mac OS X 10_15_7) AppleWebKit/537.36"
192.168.1.100 - - [06/Jul/2025:01:10:22 ] "GET / HTTP/1.1" 200 6240 "-" "Mozilla/5.0 (X11; Linux x86_64) AppleWebKit/537.36"
198.51.100.10 - - [06/Jul/2025:01:11:22 ] "GET /profile HTTP/1.1" 503 49156 "-" "Mozilla/5.0 (Macintosh; Intel Mac OS X 10_15_7) AppleWebKit/537.36"
198.51.100.10 - - [06/Jul/2025:01:12:22 ] "GET /register HTTP/1.1" 404 43875 "-" "Mozilla/5.0 (X11; Linux x86_64) AppleWebKit/537.36"
192.168.1.100 - - [06/Jul/2025:01:13:22 ] "GET /register HTTP/1.1" 302 31664 "-" "Mozilla/5.0 (Macintosh; Intel Mac OS X 10_15_7) AppleWebKit/537.36"
10.0.0.50 - - [06/Jul/2025:01:14:22 ] "GET /logout HTTP/1.1" 200 27899 "-" "Mozilla/5.0 (Windows NT 10.0; Win64; x64) AppleWebKit/537.36"
192.168.1.100 - - [06/Jul/2025:01:15:22 ] "GET /logout HTTP/1.1" 301 41197 "-" "Mozilla/5.0 (Windows NT 10.0; Win64; x64) AppleWebKit/537.36"
203.0.113.45 - - [06/Jul/2025:01:16:22 ] "GET /register HTTP/1.1" 200 40733 "-" "Mozilla/5.0 (Macintosh; Intel Mac OS X 10_15_7) AppleWebKit/537.36"
192.168.1.100 - - [06/Jul/2025:01:17:22 ] "GET /contact HTTP/1.1" 302 803 "-" "Mozilla/5.0 (Windows NT 10.0; Win64; x64) AppleWebKit/537.36"
203.0.113.45 - - [06/Jul/2025:01:18:22 ] "GET /admin HTTP/1.1" 200 34351 "-" "Mozilla/5.0 (X11; Linux x86_64) AppleWebKit/537.36"
198.51.100.10 - - [06/Jul/2025:01:19:22 ] "GET /register HTTP/1.1" 200 4209 "-" "Mozilla/5.0 (Macintosh; Intel Mac OS X 10_15_7) AppleWebKit/537.36"
172.16.0.25 - - [06/Jul/2025:01:20:22 ] "GET /index.html HTTP/1.1" 200 21539 "-" "Mozilla/5.0 (X11; Linux x86_64) AppleWebKit/537.36"
