203.0.113.45 - - [06/Jul/2025:01:21:22 ] "GET /dashboard HTTP/1.1" 301 38209 "-" "Mozilla/5.0 (Windows NT 10.0; Win64; x64) AppleWebKit/537.36"
198.51.100.10 - - [06/Jul/2025:01:22:22 ] "GET /index.html HTTP/1.1" 503 36852 "-" "Mozilla/5.0 (Windows NT 10.0; Win64; x64) AppleWebKit/537.36"
192.168.1.100 - - [06/Jul/2025:01:23:22 ] "GET /login HTTP/1.1" 200 2247 "-" "Mozilla/5.0 (Windows NT 10.0; Win64; x64) AppleWebKit/537.36"
192.168.1.100 - - [06/Jul/2025:01:24:22 ] "GET /api/orders HTTP/1.1" 404 35741 "-" "Mozilla/5.0 (Macintosh; Intel Mac OS X 10_15_7) AppleWebKit/537.36"
198.51.100.10 - - [06/Jul/2025:01:25:22 ] "GET /contact HTTP/1.1" 200 23597 "-" "Mozilla/5.0 (Macintosh; Intel Mac OS X 10_15_7) AppleWebKit/537.36"
198.51.100.10 - - [06/Jul/2025:01:26:22 ] "GET /about HTTP/1.1" 503 15009 "-" "Mozilla/5.0 (X11; Linux x86_64) AppleWebKit/537.36"
10.0.0.50 - - [06/Jul/2025:01:27:22 ] "GET /dashboard HTTP/1.1" 301 38142 "-" "Mozilla/5.0 (Macintosh; Intel Mac OS X 10_15_7) AppleWebKit/537.36"
198.51.100.10 - - [06/Jul/2025:01:28:22 ] "GET /products HTTP/1.1" 503 33522 "-" "Mozilla/5.0 (X11; Linux x86_64) AppleWebKit/537.36"
203.0.113.45 - - [06/Jul/2025:01:29:22 ] "GET /login HTTP/1.1" 200 48439 "-" "Mozilla/5.0 (Windows NT 10.0; Win64; x64) AppleWebKit/537.36"
198.51.100.10 - - [06/Jul/2025:01:30:22 ] "GET /dashboard HTTP/1.1" 500 41134 "-" "Mozilla/5.0 (Windows NT 10.0; Win64; x64) AppleWebKit/537.36"
10.0.0.50 - - [06/Jul/2025:01:31:22 ] "GET /api/orders HTTP/1.1" 200 4612 "-" "Mozilla/5.0 (Windows NT 10.0; Win64; x64) AppleWebKit/537.36"
198.51.100.10 - - [06/Jul/2025:01:32:22 ] "GET /index.html HTTP/1.1" 200 6959 "-" "Mozilla/5.0 (X11; Linux x86_64) AppleWebKit/537.36"
198.51.100.10 - - [06/Jul/2025:01:33:22 ] "GET / HTTP/1.1" 302 47774 "-" "Mozilla/5.0 (Macintosh; Intel Mac OS X 10_15_7) AppleWebKit/537.36"
10.0.0.50 - - [06/Jul/2025:01:34:22 ] "GET /logout HTTP/1.1" 503 43710 "-" "Mozilla/5.0 (X11; Linux x86_64) AppleWebKit/537.36"
198.51.100.10 - - [06/Jul/2025:01:35:22 ] "GET /index.html HTTP/1.1" 500 36447 "-" "Mozilla/5.0 (X11; Linux x86_64) AppleWebKit/537.36"
203.0.113.45 - - [06/Jul/2025:01:36:22 ] "GET /register HTTP/1.1" 200 42989 "-" "Mozilla/5.0 (X11; Linux x86_64) AppleWebKit/537.36"
198.51.100.10 - - [06/Jul/2025:01:37:22 ] "GET / HTTP/1.1" 503 6244 "-" "Mozilla/5.0 (Macintosh; Intel Mac OS X 10_15_7) AppleWebKit/537.36"
172.16.0.25 - - [06/Jul/2025:01:38:22 ] "GET /api/users HTTP/1.1" 200 47428 "-" "Mozilla/5.0 (Windows NT 10.0; Win64; x64) AppleWebKit/537.36"
192.168.1.100 - - [06/Jul/2025:01:39:22 ] "GET / HTTP/1.1" 200 43766 "-" "Mozilla/5.0 (Macintosh; Intel Mac OS X 10_15_7) AppleWebKit/537.36"
192.168.1.100 - - [06/Jul/2025:01:40:22 ] "GET /register HTTP/1.1" 200 5778 "-" "Mozilla/5.0 (X11; Linux x86_64) AppleWebKit/537.36"
203.0.113.45 - - [06/Jul/2025:01:41:22 ] "GET /api/users HTTP/1.1" 301 25072 "-" "Mozilla/5.0 (X11; Linux x86_64) AppleWebKit/537.36"
10.0.0.50 - - [06/Jul/2025:01:42:22 ] "GET /register HTTP/1.1" 200 288 "-" "Mozilla/5.0 (Windows NT 10.0; Win64; x64) AppleWebKit/537.36"
10.0.0.50 - - [06/Jul/2025:01:43:22 ] "GET /api/orders HTTP/1.1" 500 8044 "-" "Mozilla/5.0 (Macintosh; Intel Mac OS X 10_15_7) AppleWebKit/537.36"
203.0.113.45 - - [06/Jul/2025:01:44:22 ] "GET /dashboard HTTP/1.1" 200 25882 "-" "Mozilla/5.0 (Windows NT 10.0; Win64; x64) AppleWebKit/537.36"
172.16.0.25 - - [06/Jul/2025:01:45:22 ] "GET /about HTTP/1.1" 302 21684 "-" "Mozilla/5.0 (X11; Linux x86_64) AppleWebKit/537.36"
198.51.100.10 - - [06/Jul/2025:01:46:22 ] "GET /api/orders HTTP/1.1" 200 23361 "-" "Mozilla/5.0 (Macintosh; Intel Mac OS X 10_15_7) AppleWebKit/537.36"
192.168.1.100 - - [06/Jul/2025:01:47:22 ] "GET /logout HTTP/1.1" 200 48874 "-" "Mozilla/5.0 (X11; Linux x86_64) AppleWebKit/537.36"
203.0.113.45 - - [06/Jul/2025:01:48:22 ] "GET /index.html HTTP/1.1" 302 35973 "-" "Mozilla/5.0 (Macintosh; Intel Mac OS X 10_15_7) AppleWebKit/537.36"
172.16.0.25 - - [06/Jul/2025:01:49:22 ] "GET /contact HTTP/1.1" 200 25099 "-" "Mozilla/5.0 (Macintosh; Intel Mac OS X 10_15_7) AppleWebKit/537.36"
203.0.113.45 - - [06/Jul/2025:01:50:22 ] "GET /products HTTP/1.1" 500 29856 "-" "Mozilla/5.0 (Windows NT 10.0; Win64; x64) AppleWebKit/537.36"
10.0.0.50 - - [06/Jul/2025:01:51:22 ] "GET /admin HTTP/1.1" 200 44249 "-" "Mozilla/5.0 (X11; Linux x86_64) AppleWebKit/537.36"
198.51.100.10 - - [06/Jul/2025:01:52:22 ] "GET /logout HTTP/1.1" 301 11960 "-" "Mozilla/5.0 (Macintosh; Intel Mac OS X 10_15_7) AppleWebKit/537.36"
10.0.0.50 - - [06/Jul/2025:01:53:22 ] "GET /admin HTTP/1.1" 200 48291 "-" "Mozilla/5.0 (Macintosh; Intel Mac OS X 10_15_7) AppleWebKit/537.36"
203.0.113.45 - - [06/Jul/2025:01:54:22 ] "GET /admin HTTP/1.1" 404 6419 "-" "Mozilla/5.0 (X11; Linux x86_64) AppleWebKit/537.36"
192.168.1.100 - - [06/Jul/2025:01:55:22 ] "GET /api/orders HTTP/1.1" 200 47233 "-" "Mozilla/5.0 (Macintosh; Intel Mac OS X 10_15_7) AppleWebKit/537.36"
203.0.113.45 - - [06/Jul/2025:01:56:22 ] "GET /profile HTTP/1.1" 200 2426 "-" "Mozilla/5.0 (Windows NT 10.0; Win64; x64) AppleWebKit/537.36"
192.168.1.100 - - [06/Jul/2025:01:57:22 ] "GET /login HTTP/1.1" 200 10377 "-" "Mozilla/5.0 (Macintosh; Intel Mac OS X 10_15_7) AppleWebKit/537.36"
203.0.113.45 - - [06/Jul/2025:01:58:22 ] "GET /admin HTTP/1.1" 302 47462 "-" "Mozilla/5.0 (X11; Linux x86_64) AppleWebKit/537.36"
203.0.113.45 - - [06/Jul/2025:01:59:22 ] "GET /api/users HTTP/1.1" 200 39026 "-" "Mozilla/5.0 (Windows NT 10.0; Win64; x64) AppleWebKit/537.36"
172.16.0.25 - - [06/Jul/2025:02:00:22 ] "GET /login HTTP/1.1" 200 34525 "-" "Mozilla/5.0 (Windows NT 10.0; Win64; x64) AppleWebKit/537.36"
172.16.0.25 - - [06/Jul/2025:02:01:22 ] "GET /register HTTP/1.1" 404 34457 "-" "Mozilla/5.0 (Macintosh; Intel Mac OS X 10_15_7) AppleWebKit/537.36"
10.0.0.50 - - [06/Jul/2025:02:02:22 ] "GET /api/orders HTTP/1.1" 302 21642 "-" "Mozilla/5.0 (Windows NT 10.0; Win64; x64) AppleWebKit/537.36"
172.16.0.25 - - [06/Jul/2025:02:03:22 ] "GET /api/users HTTP/1.1" 200 46867 "-" "Mozilla/5.0 (X11; Linux x86_64) AppleWebKit/537.36"
198.51.100.10 - - [06/Jul/2025:02:04:22 ] "GET /dashboard HTTP/1.1" 503 29741 "-" "Mozilla/5.0 (X11; Linux x86_64) AppleWebKit/537.36"
203.0.113.45 - - [06/Jul/2025:02:05:22 ] "GET / HTTP/1.1" 500 45916 "-" "Mozilla/5.0 (Macintosh; Intel Mac OS X 10_15_7) AppleWebKit/537.36"
192.168.1.100 - - [06/Jul/2025:02:06:22 ] "GET /profile HTTP/1.1" 301 11718 "-" "Mozilla/5.0 (Windows NT 10.0; Win64; x64) AppleWebKit/537.36"
203.0.113.45 - - [06/Jul/2025:02:07:22 ] "GET /api/users HTTP/1.1" 200 49351 "-" "Mozilla/5.0 (Macintosh; Intel Mac OS X 10_15_7) AppleWebKit/537.36"
192.168.1.100 - - [06/Jul/2025:02:08:22 ] "GET /api/users HTTP/1.1" 503 13358 "-" "Mozilla/5.0 (Windows NT 10.0; Win64; x64) AppleWebKit/537.36"
203.0.113.45 - - [06/Jul/2025:02:09:22 ] "GET /api/users HTTP/1.1" 503 28199 "-" "Mozilla/5.0 (X11; Linux x86_64) AppleWebKit/537.36"
192.168.1.100 - - [06/Jul/2025:02:10:22 ] "GET /dashboard HTTP/1.1" 302 40371 "-" "Mozilla/5.0 (X11; Linux x86_64) AppleWebKit/537.36"
172.16.0.25 - - [06/Jul/2025:02:11:22 ] "GET /api/users HTTP/1.1" 500 5525 "-" "Mozilla/5.0 (Windows NT 10.0; Win64; x64) AppleWebKit/537.36"
172.16.0.25 - - [06/Jul/2025:02:12:22 ] "GET /api/orders HTTP/1.1" 200 12587 "-" "Mozilla/5.0 (X11; Linux x86_64) AppleWebKit/537.36"
192.168.1.100 - - [06/Jul/2025:02:13:22 ] "GET /register HTTP/1.1" 200 5063 "-" "Mozilla/5.0 (X11; Linux x86_64) AppleWebKit/537.36"
203.0.113.45 - - [06/Jul/2025:02:14:22 ] "GET /profile HTTP/1.1" 302 24835 "-" "Mozilla/5.0 (Windows NT 10.0; Win64; x64) AppleWebKit/537.36"
172.16.0.25 - - [06/Jul/2025:02:15:22 ] "GET /admin HTTP/1.1" 503 17679 "-" "Mozilla/5.0 (X11; Linux x86_64) AppleWebKit/537.36"
172.16.0.25 - - [06/Jul/2025:02:16:22 ] "GET /profile HTTP/1.1" 200 48516 "-" "Mozilla/5.0 (Windows NT 10.0; Win64; x64) AppleWebKit/537.36"
172.16.0.25 - - [06/Jul/2025:02:17:22 ] "GET /api/products HTTP/1.1" 503 662 "-" "Mozilla/5.0 (Windows NT 10.0; Win64; x64) AppleWebKit/537.36"
203.0.113.45 - - [06/Jul/2025:02:18:22 ] "GET /index.html HTTP/1.1" 302 33645 "-" "Mozilla/5.0 (Windows NT 10.0; Win64; x64) AppleWebKit/537.36"
192.168.1.100 - - [06/Jul/2025:02:19:22 ] "GET /dashboard HTTP/1.1" 200 27685 "-" "Mozilla/5.0 (Windows NT 10.0; Win64; x64) AppleWebKit/537.36"
192.168.1.100 - - [06/Jul/2025:02:20:22 ] "GET /contact HTTP/1.1" 200 28860 "-" "Mozilla/5.0 (Macintosh; Intel Mac OS X 10_15_7) AppleWebKit/537.36"
192.168.1.100 - - [06/Jul/2025:02:21:22 ] "GET /admin HTTP/1.1" 200 31839 "-" "Mozilla/5.0 (Macintosh; Intel Mac OS X 10_15_7) AppleWebKit/537.36"
10.0.0.50 - - [06/Jul/2025:02:22:22 ] "GET /api/products HTTP/1.1" 200 4918 "-" "Mozilla/5.0 (X11; Linux x86_64) AppleWebKit/537.36"
192.168.1.100 - - [06/Jul/2025:02:23:22 ] "GET /register HTTP/1.1" 404 4887 "-" "Mozilla/5.0 (X11; Linux x86_64) AppleWebKit/537.36"
10.0.0.50 - - [06/Jul/2025:02:24:22 ] "GET /about HTTP/1.1" 200 6570 "-" "Mozilla/5.0 (Windows NT 10.0; Win64; x64) AppleWebKit/537.36"
198.51.100.10 - - [06/Jul/2025:02:25:22 ] "GET /register HTTP/1.1" 200 47464 "-" "Mozilla/5.0 (X11; Linux x86_64) AppleWebKit/537.36"
192.168.1.100 - - [06/Jul/2025:02:26:22 ] "GET /login HTTP/1.1" 200 15393 "-" "Mozilla/5.0 (X11; Linux x86_64) AppleWebKit/537.36"
203.0.113.45 - - [06/Jul/2025:02:27:22 ] "GET /profile HTTP/1.1" 404 48937 "-" "Mozilla/5.0 (Windows NT 10.0; Win64; x64) AppleWebKit/537.36"
203.0.113.45 - - [06/Jul/2025:02:28:22 ] "GET /api/users HTTP/1.1" 500 39559 "-" "Mozilla/5.0 (Macintosh; Intel Mac OS X 10_15_7) AppleWebKit/537.36"
192.168.1.100 - - [06/Jul/2025:02:29:22 ] "GET /index.html HTTP/1.1" 200 32620 "-" "Mozilla/5.0 (Windows NT 10.0; Win64; x64) AppleWebKit/537.36"
192.168.1.100 - - [06/Jul/2025:02:30:22 ] "GET /login HTTP/1.1" 301 29726 "-" "Mozilla/5.0 (Windows NT 10.0; Win64; x64) AppleWebKit/537.36"
198.51.100.10 - - [06/Jul/2025:02:31:22 ] "GET /contact HTTP/1.1" 500 42559 "-" "Mozilla/5.0 (Windows NT 10.0; Win64; x64) AppleWebKit/537.36"
203.0.113.45 - - [06/Jul/2025:02:32:22 ] "GET /api/products HTTP/1.1" 302 24794 "-" "Mozilla/5.0 (Windows NT 10.0; Win64; x64) AppleWebKit/537.36"
203.0.113.45 - - [06/Jul/2025:02:33:22 ] "GET /logout HTTP/1.1" 302 33716 "-" "Mozilla/5.0 (Windows NT 10.0; Win64; x64) AppleWebKit/537.36"
10.0.0.50 - - [06/Jul/2025:02:34:22 ] "GET /register HTTP/1.1" 404 31749 "-" "Mozilla/5.0 (Macintosh; Intel Mac OS X 10_15_7) AppleWebKit/537.36"
198.51.100.10 - - [06/Jul/2025:02:35:22 ] "GET /dashboard HTTP/1.1" 301 16523 "-" "Mozilla/5.0 (Windows NT 10.0; Win64; x64) AppleWebKit/537.36"
198.51.100.10 - - [06/Jul/2025:02:36:22 ] "GET /api/users HTTP/1.1" 404 11343 "-" "Mozilla/5.0 (Macintosh; Intel Mac OS X 10_15_7) AppleWebKit/537.36"
172.16.0.25 - - [06/Jul/2025:02:37:22 ] "GET /admin HTTP/1.1" 500 33060 "-" "Mozilla/5.0 (Windows NT 10.0; Win64; x64) AppleWebKit/537.36"
172.16.0.25 - - [06/Jul/2025:02:38:22 ] "GET /profile HTTP/1.1" 301 3762 "-" "Mozilla/5.0 (Windows NT 10.0; Win64; x64) AppleWebKit/537.36"
198.51.100.10 - - [06/Jul/2025:02:39:22 ] "GET /products HTTP/1.1" 200 15941 "-" "Mozilla/5.0 (Macintosh; Intel Mac OS X 10_15_7) AppleWebKit/537.36"
192.168.1.100 - - [06/Jul/2025:02:40:22 ] "GET /api/orders HTTP/1.1" 200 33094 "-" "Mozilla/5.0 (Macintosh; Intel Mac OS X 10_15_7) AppleWebKit/537.36"
10.0.0.50 - - [06/Jul/2025:02:41:22 ] "GET / HTTP/1.1" 200 23466 "-" "Mozilla/5.0 (X11; Linux x86_64) AppleWebKit/537.36"
172.16.0.25 - - [06/Jul/2025:02:42:22 ] "GET /login HTTP/1.1" 200 17401 "-" "Mozilla/5.0 (Windows NT 10.0; Win64; x64) AppleWebKit/537.36"
203.0.113.45 - - [06/Jul/2025:02:43:22 ] "GET /index.html HTTP/1.1" 301 22064 "-" "Mozilla/5.0 (X11; Linux x86_64) AppleWebKit/537.36"
198.51.100.10 - - [06/Jul/2025:02:44:22 ] "GET /api/users HTTP/1.1" 200 26445 "-" "Mozilla/5.0 (X11; Linux x86_64) AppleWebKit/537.36"
10.0.0.50 - - [06/Jul/2025:02:45:22 ] "GET /products HTTP/1.1" 200 13072 "-" "Mozilla/5.0 (Windows NT 10.0; Win64; x64) AppleWebKit/537.36"
198.51.100.10 - - [06/Jul/2025:02:46:22 ] "GET /about HTTP/1.1" 200 17131 "-" "Mozilla/5.0 (Macintosh; Intel Mac OS X 10_15_7) AppleWebKit/537.36"
10.0.0.50 - - [06/Jul/2025:02:47:22 ] "GET /api/products HTTP/1.1" 200 41083 "-" "Mozilla/5.0 (X11; Linux x86_64) AppleWebKit/537.36"
198.51.100.10 - - [06/Jul/2025:02:48:22 ] "GET /api/users HTTP/1.1" 503 14256 "-" "Mozilla/5.0 (X11; Linux x86_64) AppleWebKit/537.36"
203.0.113.45 - - [06/Jul/2025:02:49:22 ] "GET / HTTP/1.1" 404 25700 "-" "Mozilla/5.0 (Windows NT 10.0; Win64; x64) AppleWebKit/537.36"
192.168.1.100 - - [06/Jul/2025:02:50:22 ] "GET /api/orders HTTP/1.1" 302 11166 "-" "Mozilla/5.0 (X11; Linux x86_64) AppleWebKit/537.36"
10.0.0.50 - - [06/Jul/2025:02:51:22 ] "GET /admin HTTP/1.1" 404 44089 "-" "Mozilla/5.0 (Windows NT 10.0; Win64; x64) AppleWebKit/537.36"
10.0.0.50 - - [06/Jul/2025:02:52:22 ] "GET /contact HTTP/1.1" 500 11302 "-" "Mozilla/5.0 (X11; Linux x86_64) AppleWebKit/537.36"
172.16.0.25 - - [06/Jul/2025:02:53:22 ] "GET /profile HTTP/1.1" 301 42501 "-" "Mozilla/5.0 (Macintosh; Intel Mac OS X 10_15_7) AppleWebKit/537.36"
198.51.100.10 - - [06/Jul/2025:02:54:22 ] "GET /api/orders HTTP/1.1" 404 10433 "-" "Mozilla/5.0 (X11; Linux x86_64) AppleWebKit/537.36"
172.16.0.25 - - [06/Jul/2025:02:55:22 ] "GET /logout HTTP/1.1" 200 37487 "-" "Mozilla/5.0 (Macintosh; Intel Mac OS X 10_15_7) AppleWebKit/537.36"
198.51.100.10 - - [06/Jul/2025:02:56:22 ] "GET /login HTTP/1.1" 200 23548 "-" "Mozilla/5.0 (Windows NT 10.0; Win64; x64) AppleWebKit/537.36"
203.0.113.45 - - [06/Jul/2025:02:57:22 ] "GET /index.html HTTP/1.1" 200 36903 "-" "Mozilla/5.0 (Macintosh; Intel Mac OS X 10_15_7) AppleWebKit/537.36"
172.16.0.25 - - [06/Jul/2025:02:58:22 ] "GET /about HTTP/1.1" 500 23141 "-" "Mozilla/5.0 (X11; Linux x86_64) AppleWebKit/537.36"
172.16.0.25 - - [06/Jul/2025:02:59:22 ] "GET /contact HTTP/1.1" 200 28508 "-" "Mozilla/5.0 (Windows NT 10.0; Win64; x64) AppleWebKit/537.36"
203.0.113.45 - - [06/Jul/2025:03:00:22 ] "GET /login HTTP/1.1" 503 17840 "-" "Mozilla/5.0 (Windows NT 10.0; Win64; x64) AppleWebKit/537.36"
203.0.113.45 - - [06/Jul/2025:03:01:22 ] "GET /products HTTP/1.1" 200 22171 "-" "Mozilla/5.0 (Windows NT 10.0; Win64; x64) AppleWebKit/537.36"
172.16.0.25 - - [06/Jul/2025:03:02:22 ] "GET / HTTP/1.1" 503 5975 "-" "Mozilla/5.0 (Macintosh; Intel Mac OS X 10_15_7) AppleWebKit/537.36"
203.0.113.45 - - [06/Jul/2025:03:03:22 ] "GET /logout HTTP/1.1" 302 21049 "-" "Mozilla/5.0 (Macintosh; Intel Mac OS X 10_15_7) AppleWebKit/537.36"
198.51.100.10 - - [06/Jul/2025:03:04:22 ] "GET /login HTTP/1.1" 200 35356 "-" "Mozilla/5.0 (Macintosh; Intel Mac OS X 10_15_7) AppleWebKit/537.36"
198.51.100.10 - - [06/Jul/2025:03:05:22 ] "GET /api/products HTTP/1.1" 500 20048 "-" "Mozilla/5.0 (X11; Linux x86_64) AppleWebKit/537.36"
10.0.0.50 - - [06/Jul/2025:03:06:22 ] "GET /index.html HTTP/1.1" 302 8775 "-" "Mozilla/5.0 (X11; Linux x86_64) AppleWebKit/537.36"
10.0.0.50 - - [06/Jul/2025:03:07:22 ] "GET /index.html HTTP/1.1" 200 23169 "-" "Mozilla/5.0 (X11; Linux x86_64) AppleWebKit/537.36"
192.168.1.100 - - [06/Jul/2025:03:08:22 ] "GET /profile HTTP/1.1" 301 46523 "-" "Mozilla/5.0 (Windows NT 10.0; Win64; x64) AppleWebKit/537.36"
172.16.0.25 - - [06/Jul/2025:03:09:22 ] "GET / HTTP/1.1" 200 24380 "-" "Mozilla/5.0 (Macintosh; Intel Mac OS X 10_15_7) AppleWebKit/537.36"
203.0.113.45 - - [06/Jul/2025:03:10:22 ] "GET /contact HTTP/1.1" 200 13979 "-" "Mozilla/5.0 (Windows NT 10.0; Win64; x64) AppleWebKit/537.36"
198.51.100.10 - - [06/Jul/2025:03:11:22 ] "GET /register HTTP/1.1" 301 44866 "-" "Mozilla/5.0 (X11; Linux x86_64) AppleWebKit/537.36"
203.0.113.45 - - [06/Jul/2025:03:12:22 ] "GET /logout HTTP/1.1" 200 15268 "-" "Mozilla/5.0 (Macintosh; Intel Mac OS X 10_15_7) AppleWebKit/537.36"
172.16.0.25 - - [06/Jul/2025:03:13:22 ] "GET /dashboard HTTP/1.1" 200 667 "-" "Mozilla/5.0 (Macintosh; Intel Mac OS X 10_15_7) AppleWebKit/537.36"
198.51.100.10 - - [06/Jul/2025:03:14:22 ] "GET /admin HTTP/1.1" 500 38685 "-" "Mozilla/5.0 (Macintosh; Intel Mac OS X 10_15_7) AppleWebKit/537.36"
192.168.1.100 - - [06/Jul/2025:03:15:22 ] "GET /logout HTTP/1.1" 404 35453 "-" "Mozilla/5.0 (X11; Linux x86_64) AppleWebKit/537.36"
192.168.1.100 - - [06/Jul/2025:03:16:22 ] "GET /dashboard HTTP/1.1" 200 5627 "-" "Mozilla/5.0 (X11; Linux x86_64) AppleWebKit/537.36"
198.51.100.10 - - [06/Jul/2025:03:17:22 ] "GET /register HTTP/1.1" 200 11562 "-" "Mozilla/5.0 (Windows NT 10.0; Win64; x64) AppleWebKit/537.36"
10.0.0.50 - - [06/Jul/2025:03:18:22 ] "GET /about HTTP/1.1" 404 44721 "-" "Mozilla/5.0 (X11; Linux x86_64) AppleWebKit/537.36"
203.0.113.45 - - [06/Jul/2025:03:19:22 ] "GET /products HTTP/1.1" 200 12199 "-" "Mozilla/5.0 (X11; Linux x86_64) AppleWebKit/537.36"
10.0.0.50 - - [06/Jul/2025:03:20:22 ] "GET /register HTTP/1.1" 200 18737 "-" "Mozilla/5.0 (X11; Linux x86_64) AppleWebKit/537.36"
203.0.113.45 - - [06/Jul/2025:03:21:22 ] "GET /login HTTP/1.1" 200 9818 "-" "Mozilla/5.0 (X11; Linux x86_64) AppleWebKit/537.36"
172.16.0.25 - - [06/Jul/2025:03:22:22 ] "GET /api/products HTTP/1.1" 404 25067 "-" "Mozilla/5.0 (Windows NT 10.0; Win64; x64) AppleWebKit/537.36"
203.0.113.45 - - [06/Jul/2025:03:23:22 ] "GET /api/products HTTP/1.1" 200 34364 "-" "Mozilla/5.0 (Windows NT 10.0; Win64; x64) AppleWebKit/537.36"
192.168.1.100 - - [06/Jul/2025:03:24:22 ] "GET / HTTP/1.1" 200 15812 "-" "Mozilla/5.0 (X11; Linux x86_64) AppleWebKit/537.36"
10.0.0.50 - - [06/Jul/2025:03:25:22 ] "GET /about HTTP/1.1" 404 29791 "-" "Mozilla/5.0 (Macintosh; Intel Mac OS X 10_15_7) AppleWebKit/537.36"
10.0.0.50 - - [06/Jul/2025:03:26:22 ] "GET /products HTTP/1.1" 404 27171 "-" "Mozilla/5.0 (Macintosh; Intel Mac OS X 10_15_7) AppleWebKit/537.36"
10.0.0.50 - - [06/Jul/2025:03:27:22 ] "GET /admin HTTP/1.1" 200 12309 "-" "Mozilla/5.0 (X11; Linux x86_64) AppleWebKit/537.36"
192.168.1.100 - - [06/Jul/2025:03:28:22 ] "GET /api/orders HTTP/1.1" 404 32654 "-" "Mozilla/5.0 (Macintosh; Intel Mac OS X 10_15_7) AppleWebKit/537.36"
192.168.1.100 - - [06/Jul/2025:03:29:22 ] "GET /products HTTP/1.1" 404 22459 "-" "Mozilla/5.0 (X11; Linux x86_64) AppleWebKit/537.36"
172.16.0.25 - - [06/Jul/2025:03:30:22 ] "GET /logout HTTP/1.1" 200 48853 "-" "Mozilla/5.0 (X11; Linux x86_64) AppleWebKit/537.36"
172.16.0.25 - - [06/Jul/2025:03:31:22 ] "GET /login HTTP/1.1" 200 18243 "-" "Mozilla/5.0 (Windows NT 10.0; Win64; x64) AppleWebKit/537.36"
203.0.113.45 - - [06/Jul/2025:03:32:22 ] "GET /api/products HTTP/1.1" 200 16624 "-" "Mozilla/5.0 (X11; Linux x86_64) AppleWebKit/537.36"
203.0.113.45 - - [06/Jul/2025:03:33:22 ] "GET /admin HTTP/1.1" 301 2721 "-" "Mozilla/5.0 (Windows NT 10.0; Win64; x64) AppleWebKit/537.36"
198.51.100.10 - - [06/Jul/2025:03:34:22 ] "GET / HTTP/1.1" 200 35206 "-" "Mozilla/5.0 (Macintosh; Intel Mac OS X 10_15_7) AppleWebKit/537.36"
10.0.0.50 - - [06/Jul/2025:03:35:22 ] "GET / HTTP/1.1" 200 4400 "-" "Mozilla/5.0 (X11; Linux x86_64) AppleWebKit/537.36"
10.0.0.50 - - [06/Jul/2025:03:36:22 ] "GET /api/orders HTTP/1.1" 200 10460 "-" "Mozilla/5.0 (Windows NT 10.0; Win64; x64) AppleWebKit/537.36"
172.16.0.25 - - [06/Jul/2025:03:37:22 ] "GET /logout HTTP/1.1" 404 12147 "-" "Mozilla/5.0 (X11; Linux x86_64) AppleWebKit/537.36"
192.168.1.100 - - [06/Jul/2025:03:38:22 ] "GET /api/orders HTTP/1.1" 301 7422 "-" "Mozilla/5.0 (Windows NT 10.0; Win64; x64) AppleWebKit/537.36"
10.0.0.50 - - [06/Jul/2025:03:39:22 ] "GET /register HTTP/1.1" 500 36120 "-" "Mozilla/5.0 (X11; Linux x86_64) AppleWebKit/537.36"
10.0.0.50 - - [06/Jul/2025:03:40:22 ] "GET /api/products HTTP/1.1" 200 26889 "-" "Mozilla/5.0 (Windows NT 10.0; Win64; x64) AppleWebKit/537.36"
203.0.113.45 - - [06/Jul/2025:03:41:22 ] "GET /products HTTP/1.1" 301 42541 "-" "Mozilla/5.0 (X11; Linux x86_64) AppleWebKit/537.36"
203.0.113.45 - - [06/Jul/2025:03:42:22 ] "GET /register HTTP/1.1" 302 7255 "-" "Mozilla/5.0 (Macintosh; Intel Mac OS X 10_15_7) AppleWebKit/537.36"
172.16.0.25 - - [06/Jul/2025:03:43:22 ] "GET /index.html HTTP/1.1" 200 11998 "-" "Mozilla/5.0 (Macintosh; Intel Mac OS X 10_15_7) AppleWebKit/537.36"
10.0.0.50 - - [06/Jul/2025:03:44:22 ] "GET /login HTTP/1.1" 500 11299 "-" "Mozilla/5.0 (Macintosh; Intel Mac OS X 10_15_7) AppleWebKit/537.36"
10.0.0.50 - - [06/Jul/2025:03:45:22 ] "GET / HTTP/1.1" 200 7650 "-" "Mozilla/5.0 (Windows NT 10.0; Win64; x64) AppleWebKit/537.36"
172.16.0.25 - - [06/Jul/2025:03:46:22 ] "GET /api/orders HTTP/1.1" 200 42601 "-" "Mozilla/5.0 (Windows NT 10.0; Win64; x64) AppleWebKit/537.36"
10.0.0.50 - - [06/Jul/2025:03:47:22 ] "GET /profile HTTP/1.1" 200 30963 "-" "Mozilla/5.0 (Macintosh; Intel Mac OS X 10_15_7) AppleWebKit/537.36"
172.16.0.25 - - [06/Jul/2025:03:48:22 ] "GET /api/users HTTP/1.1" 200 28049 "-" "Mozilla/5.0 (Windows NT 10.0; Win64; x64) AppleWebKit/537.36"
198.51.100.10 - - [06/Jul/2025:03:49:22 ] "GET / HTTP/1.1" 200 37003 "-" "Mozilla/5.0 (X11; Linux x86_64) AppleWebKit/537.36"
198.51.100.10 - - [06/Jul/2025:03:50:22 ] "GET /index.html HTTP/1.1" 302 41752 "-" "Mozilla/5.0 (Macintosh; Intel Mac OS X 10_15_7) AppleWebKit/537.36"
203.0.113.45 - - [06/Jul/2025:03:51:22 ] "GET /api/users HTTP/1.1" 301 41857 "-" "Mozilla/5.0 (X11; Linux x86_64) AppleWebKit/537.36"
172.16.0.25 - - [06/Jul/2025:03:52:22 ] "GET / HTTP/1.1" 503 39450 "-" "Mozilla/5.0 (X11; Linux x86_64) AppleWebKit/537.36"
198.51.100.10 - - [06/Jul/2025:03:53:22 ] "GET /contact HTTP/1.1" 302 31909 "-" "Mozilla/5.0 (Windows NT 10.0; Win64; x64) AppleWebKit/537.36"
203.0.113.45 - - [06/Jul/2025:03:54:22 ] "GET /api/products HTTP/1.1" 302 48965 "-" "Mozilla/5.0 (Windows NT 10.0; Win64; x64) AppleWebKit/537.36"
192.168.1.100 - - [06/Jul/2025:03:55:22 ] "GET /login HTTP/1.1" 200 5796 "-" "Mozilla/5.0 (X11; Linux x86_64) AppleWebKit/537.36"
192.168.1.100 - - [06/Jul/2025:03:56:22 ] "GET /logout HTTP/1.1" 301 34580 "-" "Mozilla/5.0 (X11; Linux x86_64) AppleWebKit/537.36"
198.51.100.10 - - [06/Jul/2025:03:57:22 ] "GET /register HTTP/1.1" 200 3000 "-" "Mozilla/5.0 (Windows NT 10.0; Win64; x64) AppleWebKit/537.36"
10.0.0.50 - - [06/Jul/2025:03:58:22 ] "GET /api/products HTTP/1.1" 404 22765 "-" "Mozilla/5.0 (Windows NT 10.0; Win64; x64) AppleWebKit/537.36"
192.168.1.100 - - [06/Jul/2025:03:59:22 ] "GET /api/orders HTTP/1.1" 500 11521 "-" "Mozilla/5.0 (X11; Linux x86_64) AppleWebKit/537.36"
172.16.0.25 - - [06/Jul/2025:04:00:22 ] "GET /api/orders HTTP/1.1" 200 30815 "-" "Mozilla/5.0 (Macintosh; Intel Mac OS X 10_15_7) AppleWebKit/537.36"
192.168.1.100 - - [06/Jul/2025:04:01:22 ] "GET /admin HTTP/1.1" 503 33598 "-" "Mozilla/5.0 (Macintosh; Intel Mac OS X 10_15_7) AppleWebKit/537.36"
198.51.100.10 - - [06/Jul/2025:04:02:22 ] "GET /contact HTTP/1.1" 404 6073 "-" "Mozilla/5.0 (X11; Linux x86_64) AppleWebKit/537.36"
172.16.0.25 - - [06/Jul/2025:04:03:22 ] "GET /api/products HTTP/1.1" 302 24221 "-" "Mozilla/5.0 (Windows NT 10.0; Win64; x64) AppleWebKit/537.36"
192.168.1.100 - - [06/Jul/2025:04:04:22 ] "GET /api/products HTTP/1.1" 200 1730 "-" "Mozilla/5.0 (X11; Linux x86_64) AppleWebKit/537.36"
10.0.0.50 - - [06/Jul/2025:04:05:22 ] "GET /products HTTP/1.1" 301 19501 "-" "Mozilla/5.0 (Macintosh; Intel Mac OS X 10_15_7) AppleWebKit/537.36"
172.16.0.25 - - [06/Jul/2025:04:06:22 ] "GET /logout HTTP/1.1" 404 5595 "-" "Mozilla/5.0 (X11; Linux x86_64) AppleWebKit/537.36"
192.168.1.100 - - [06/Jul/2025:04:07:22 ] "GET /contact HTTP/1.1" 302 10412 "-" "Mozilla/5.0 (Macintosh; Intel Mac OS X 10_15_7) AppleWebKit/537.36"
198.51.100.10 - - [06/Jul/2025:04:08:22 ] "GET /api/products HTTP/1.1" 500 17139 "-" "Mozilla/5.0 (Macintosh; Intel Mac OS X 10_15_7) AppleWebKit/537.36"
203.0.113.45 - - [06/Jul/2025:04:09:22 ] "GET /profile HTTP/1.1" 301 16582 "-" "Mozilla/5.0 (Macintosh; Intel Mac OS X 10_15_7) AppleWebKit/537.36"
203.0.113.45 - - [06/Jul/2025:04:10:22 ] "GET /login HTTP/1.1" 200 2058 "-" "Mozilla/5.0 (X11; Linux x86_64) AppleWebKit/537.36"
10.0.0.50 - - [06/Jul/2025:04:11:22 ] "GET /login HTTP/1.1" 404 21868 "-" "Mozilla/5.0 (Macintosh; Intel Mac OS X 10_15_7) AppleWebKit/537.36"
192.168.1.100 - - [06/Jul/2025:04:12:22 ] "GET /admin HTTP/1.1" 200 29349 "-" "Mozilla/5.0 (Macintosh; Intel Mac OS X 10_15_7) AppleWebKit/537.36"
172.16.0.25 - - [06/Jul/2025:04:13:22 ] "GET /admin HTTP/1.1" 200 38188 "-" "Mozilla/5.0 (X11; Linux x86_64) AppleWebKit/537.36"
10.0.0.50 - - [06/Jul/2025:04:14:22 ] "GET /profile HTTP/1.1" 503 9359 "-" "Mozilla/5.0 (Windows NT 10.0; Win64; x64) AppleWebKit/537.36"
172.16.0.25 - - [06/Jul/2025:04:15:22 ] "GET /login HTTP/1.1" 200 43529 "-" "Mozilla/5.0 (Macintosh; Intel Mac OS X 10_15_7) AppleWebKit/537.36"
203.0.113.45 - - [06/Jul/2025:04:16:22 ] "GET /register HTTP/1.1" 302 17412 "-" "Mozilla/5.0 (X11; Linux x86_64) AppleWebKit/537.36"
198.51.100.10 - - [06/Jul/2025:04:17:22 ] "GET /products HTTP/1.1" 301 26815 "-" "Mozilla/5.0 (X11; Linux x86_64) AppleWebKit/537.36"
198.51.100.10 - - [06/Jul/2025:04:18:22 ] "GET /profile HTTP/1.1" 200 35325 "-" "Mozilla/5.0 (Macintosh; Intel Mac OS X 10_15_7) AppleWebKit/537.36"
203.0.113.45 - - [06/Jul/2025:04:19:22 ] "GET /api/users HTTP/1.1" 500 10949 "-" "Mozilla/5.0 (X11; Linux x86_64) AppleWebKit/537.36"
203.0.113.45 - - [06/Jul/2025:04:20:22 ] "GET /api/products HTTP/1.1" 500 22700 "-" "Mozilla/5.0 (X11; Linux x86_64) AppleWebKit/537.36"
192.168.1.100 - - [06/Jul/2025:04:21:22 ] "GET / HTTP/1.1" 503 47338 "-" "Mozilla/5.0 (Macintosh; Intel Mac OS X 10_15_7) AppleWebKit/537.36"
198.51.100.10 - - [06/Jul/2025:04:22:22 ] "GET /api/products HTTP/1.1" 302 2985 "-" "Mozilla/5.0 (X11; Linux x86_64) AppleWebKit/537.36"
198.51.100.10 - - [06/Jul/2025:04:23:22 ] "GET /api/products HTTP/1.1" 200 9717 "-" "Mozilla/5.0 (X11; Linux x86_64) AppleWebKit/537.36"
10.0.0.50 - - [06/Jul/2025:04:24:22 ] "GET /api/orders HTTP/1.1" 500 36730 "-" "Mozilla/5.0 (X11; Linux x86_64) AppleWebKit/537.36"
198.51.100.10 - - [06/Jul/2025:04:25:22 ] "GET /logout HTTP/1.1" 500 6395 "-" "Mozilla/5.0 (Windows NT 10.0; Win64; x64) AppleWebKit/537.36"
192.168.1.100 - - [06/Jul/2025:04:26:22 ] "GET /register HTTP/1.1" 301 43030 "-" "Mozilla/5.0 (Windows NT 10.0; Win64; x64) AppleWebKit/537.36"
203.0.113.45 - - [06/Jul/2025:04:27:22 ] "GET /contact HTTP/1.1" 200 44103 "-" "Mozilla/5.0 (Macintosh; Intel Mac OS X 10_15_7) AppleWebKit/537.36"
172.16.0.25 - - [06/Jul/2025:04:28:22 ] "GET /logout HTTP/1.1" 200 11009 "-" "Mozilla/5.0 (Windows NT 10.0; Win64; x64) AppleWebKit/537.36"
198.51.100.10 - - [06/Jul/2025:04:29:22 ] "GET /dashboard HTTP/1.1" 404 118 "-" "Mozilla/5.0 (X11; Linux x86_64) AppleWebKit/537.36"
198.51.100.10 - - [06/Jul/2025:04:30:22 ] "GET /login HTTP/1.1" 200 3812 "-" "Mozilla/5.0 (Windows NT 10.0; Win64; x64) AppleWebKit/537.36"
203.0.113.45 - - [06/Jul/2025:04:31:22 ] "GET /products HTTP/1.1" 200 28250 "-" "Mozilla/5.0 (Windows NT 10.0; Win64; x64) AppleWebKit/537.36"
172.16.0.25 - - [06/Jul/2025:04:32:22 ] "GET /register HTTP/1.1" 301 20809 "-" "Mozilla/5.0 (Windows NT 10.0; Win64; x64) AppleWebKit/537.36"
198.51.100.10 - - [06/Jul/2025:04:33:22 ] "GET /admin HTTP/1.1" 200 34305 "-" "Mozilla/5.0 (Windows NT 10.0; Win64; x64) AppleWebKit/537.36"
192.168.1.100 - - [06/Jul/2025:04:34:22 ] "GET /dashboard HTTP/1.1" 404 28783 "-" "Mozilla/5.0 (Windows NT 10.0; Win64; x64) AppleWebKit/537.36"
198.51.100.10 - - [06/Jul/2025:04:35:22 ] "GET /contact HTTP/1.1" 302 25716 "-" "Mozilla/5.0 (Macintosh; Intel Mac OS X 10_15_7) AppleWebKit/537.36"
203.0.113.45 - - [06/Jul/2025:04:36:22 ] "GET /admin HTTP/1.1" 200 15764 "-" "Mozilla/5.0 (X11; Linux x86_64) AppleWebKit/537.36"
203.0.113.45 - - [06/Jul/2025:04:37:22 ] "GET /login HTTP/1.1" 301 1859 "-" "Mozilla/5.0 (Windows NT 10.0; Win64; x64) AppleWebKit/537.36"
198.51.100.10 - - [06/Jul/2025:04:38:22 ] "GET /register HTTP/1.1" 503 14578 "-" "Mozilla/5.0 (X11; Linux x86_64) AppleWebKit/537.36"
203.0.113.45 - - [06/Jul/2025:04:39:22 ] "GET /contact HTTP/1.1" 302 1947 "-" "Mozilla/5.0 (X11; Linux x86_64) AppleWebKit/537.36"
10.0.0.50 - - [06/Jul/2025:04:40:22 ] "GET /products HTTP/1.1" 500 44856 "-" "Mozilla/5.0 (Macintosh; Intel Mac OS X 10_15_7) AppleWebKit/537.36"
203.0.113.45 - - [06/Jul/2025:04:41:22 ] "GET / HTTP/1.1" 404 11863 "-" "Mozilla/5.0 (X11; Linux x86_64) AppleWebKit/537.36"
203.0.113.45 - - [06/Jul/2025:04:42:22 ] "GET /about HTTP/1.1" 301 48027 "-" "Mozilla/5.0 (Windows NT 10.0; Win64; x64) AppleWebKit/537.36"
10.0.0.50 - - [06/Jul/2025:04:43:22 ] "GET /admin HTTP/1.1" 200 13212 "-" "Mozilla/5.0 (Macintosh; Intel Mac OS X 10_15_7) AppleWebKit/537.36"
10.0.0.50 - - [06/Jul/2025:04:44:22 ] "GET / HTTP/1.1" 500 48200 "-" "Mozilla/5.0 (Windows NT 10.0; Win64; x64) AppleWebKit/537.36"
203.0.113.45 - - [06/Jul/2025:04:45:22 ] "GET / HTTP/1.1" 404 44889 "-" "Mozilla/5.0 (Macintosh; Intel Mac OS X 10_15_7) AppleWebKit/537.36"
203.0.113.45 - - [06/Jul/2025:04:46:22 ] "GET /api/users HTTP/1.1" 200 31209 "-" "Mozilla/5.0 (X11; Linux x86_64) AppleWebKit/537.36"
172.16.0.25 - - [06/Jul/2025:04:47:22 ] "GET /admin HTTP/1.1" 500 11004 "-" "Mozilla/5.0 (X11; Linux x86_64) AppleWebKit/537.36"
198.51.100.10 - - [06/Jul/2025:04:48:22 ] "GET /index.html HTTP/1.1" 302 45433 "-" "Mozilla/5.0 (X11; Linux x86_64) AppleWebKit/537.36"
203.0.113.45 - - [06/Jul/2025:04:49:22 ] "GET /dashboard HTTP/1.1" 200 5515 "-" "Mozilla/5.0 (Windows NT 10.0; Win64; x64) AppleWebKit/537.36"
203.0.113.45 - - [06/Jul/2025:04:50:22 ] "GET /api/orders HTTP/1.1" 404 26676 "-" "Mozilla/5.0 (X11; Linux x86_64) AppleWebKit/537.36"
192.168.1.100 - - [06/Jul/2025:04:51:22 ] "GET /contact HTTP/1.1" 503 7232 "-" "Mozilla/5.0 (Macintosh; Intel Mac OS X 10_15_7) AppleWebKit/537.36"
192.168.1.100 - - [06/Jul/2025:04:52:22 ] "GET /admin HTTP/1.1" 200 42685 "-" "Mozilla/5.0 (Macintosh; Intel Mac OS X 10_15_7) AppleWebKit/537.36"
172.16.0.25 - - [06/Jul/2025:04:53:22 ] "GET /contact HTTP/1.1" 503 45437 "-" "Mozilla/5.0 (Macintosh; Intel Mac OS X 10_15_7) AppleWebKit/537.36"
10.0.0.50 - - [06/Jul/2025:04:54:22 ] "GET /login HTTP/1.1" 200 29383 "-" "Mozilla/5.0 (X11; Linux x86_64) AppleWebKit/537.36"
198.51.100.10 - - [06/Jul/2025:04:55:22 ] "GET / HTTP/1.1" 200 34234 "-" "Mozilla/5.0 (Windows NT 10.0; Win64; x64) AppleWebKit/537.36"
172.16.0.25 - - [06/Jul/2025:04:56:22 ] "GET /products HTTP/1.1" 404 39052 "-" "Mozilla/5.0 (X11; Linux x86_64) AppleWebKit/537.36"
198.51.100.10 - - [06/Jul/2025:04:57:22 ] "GET /api/products HTTP/1.1" 500 2753 "-" "Mozilla/5.0 (Windows NT 10.0; Win64; x64) AppleWebKit/537.36"
172.16.0.25 - - [06/Jul/2025:04:58:22 ] "GET /api/orders HTTP/1.1" 200 40362 "-" "Mozilla/5.0 (Macintosh; Intel Mac OS X 10_15_7) AppleWebKit/537.36"
198.51.100.10 - - [06/Jul/2025:04:59:22 ] "GET /index.html HTTP/1.1" 200 30741 "-" "Mozilla/5.0 (X11; Linux x86_64) AppleWebKit/537.36"
172.16.0.25 - - [06/Jul/2025:05:00:22 ] "GET /api/orders HTTP/1.1" 200 39215 "-" "Mozilla/5.0 (Windows NT 10.0; Win64; x64) AppleWebKit/537.36"
198.51.100.10 - - [06/Jul/2025:05:01:22 ] "GET /login HTTP/1.1" 200 36962 "-" "Mozilla/5.0 (X11; Linux x86_64) AppleWebKit/537.36"
192.168.1.100 - - [06/Jul/2025:05:02:22 ] "GET /dashboard HTTP/1.1" 301 8379 "-" "Mozilla/5.0 (Windows NT 10.0; Win64; x64) AppleWebKit/537.36"
203.0.113.45 - - [06/Jul/2025:05:03:22 ] "GET /about HTTP/1.1" 200 48606 "-" "Mozilla/5.0 (Macintosh; Intel Mac OS X 10_15_7) AppleWebKit/537.36"
172.16.0.25 - - [06/Jul/2025:05:04:22 ] "GET /about HTTP/1.1" 200 40286 "-" "Mozilla/5.0 (Macintosh; Intel Mac OS X 10_15_7) AppleWebKit/537.36"
203.0.113.45 - - [06/Jul/2025:05:05:22 ] "GET /login HTTP/1.1" 302 17113 "-" "Mozilla/5.0 (Macintosh; Intel Mac OS X 10_15_7) AppleWebKit/537.36"
10.0.0.50 - - [06/Jul/2025:05:06:22 ] "GET /login HTTP/1.1" 302 22250 "-" "Mozilla/5.0 (Macintosh; Intel Mac OS X 10_15_7) AppleWebKit/537.36"
172.16.0.25 - - [06/Jul/2025:05:07:22 ] "GET /api/users HTTP/1.1" 500 45653 "-" "Mozilla/5.0 (Macintosh; Intel Mac OS X 10_15_7) AppleWebKit/537.36"
203.0.113.45 - - [06/Jul/2025:05:08:22 ] "GET /products HTTP/1.1" 301 9166 "-" "Mozilla/5.0 (Windows NT 10.0; Win64; x64) AppleWebKit/537.36"
10.0.0.50 - - [06/Jul/2025:05:09:22 ] "GET /admin HTTP/1.1" 200 47946 "-" "Mozilla/5.0 (X11; Linux x86_64) AppleWebKit/537.36"
172.16.0.25 - - [06/Jul/2025:05:10:22 ] "GET / HTTP/1.1" 200 36758 "-" "Mozilla/5.0 (Windows NT 10.0; Win64; x64) AppleWebKit/537.36"
10.0.0.50 - - [06/Jul/2025:05:11:22 ] "GET /api/users HTTP/1.1" 301 38278 "-" "Mozilla/5.0 (Macintosh; Intel Mac OS X 10_15_7) AppleWebKit/537.36"
192.168.1.100 - - [06/Jul/2025:05:12:22 ] "GET /logout HTTP/1.1" 500 31460 "-" "Mozilla/5.0 (Windows NT 10.0; Win64; x64) AppleWebKit/537.36"
192.168.1.100 - - [06/Jul/2025:05:13:22 ] "GET /contact HTTP/1.1" 503 10584 "-" "Mozilla/5.0 (Macintosh; Intel Mac OS X 10_15_7) AppleWebKit/537.36"
172.16.0.25 - - [06/Jul/2025:05:14:22 ] "GET /about HTTP/1.1" 200 10757 "-" "Mozilla/5.0 (Windows NT 10.0; Win64; x64) AppleWebKit/537.36"
198.51.100.10 - - [06/Jul/2025:05:15:22 ] "GET /api/orders HTTP/1.1" 200 11608 "-" "Mozilla/5.0 (Macintosh; Intel Mac OS X 10_15_7) AppleWebKit/537.36"
203.0.113.45 - - [06/Jul/2025:05:16:22 ] "GET /admin HTTP/1.1" 404 45639 "-" "Mozilla/5.0 (Macintosh; Intel Mac OS X 10_15_7) AppleWebKit/537.36"
172.16.0.25 - - [06/Jul/2025:05:17:22 ] "GET /logout HTTP/1.1" 503 15896 "-" "Mozilla/5.0 (X11; Linux x86_64) AppleWebKit/537.36"
10.0.0.50 - - [06/Jul/2025:05:18:22 ] "GET /dashboard HTTP/1.1" 200 36647 "-" "Mozilla/5.0 (Macintosh; Intel Mac OS X 10_15_7) AppleWebKit/537.36"
10.0.0.50 - - [06/Jul/2025:05:19:22 ] "GET / HTTP/1.1" 200 10581 "-" "Mozilla/5.0 (Macintosh; Intel Mac OS X 10_15_7) AppleWebKit/537.36"
198.51.100.10 - - [06/Jul/2025:05:20:22 ] "GET /index.html HTTP/1.1" 301 16456 "-" "Mozilla/5.0 (Macintosh; Intel Mac OS X 10_15_7) AppleWebKit/537.36"
192.168.1.100 - - [06/Jul/2025:05:21:22 ] "GET /about HTTP/1.1" 503 11980 "-" "Mozilla/5.0 (X11; Linux x86_64) AppleWebKit/537.36"
198.51.100.10 - - [06/Jul/2025:05:22:22 ] "GET /admin HTTP/1.1" 200 23031 "-" "Mozilla/5.0 (Windows NT 10.0; Win64; x64) AppleWebKit/537.36"
10.0.0.50 - - [06/Jul/2025:05:23:22 ] "GET /admin HTTP/1.1" 500 19711 "-" "Mozilla/5.0 (Windows NT 10.0; Win64; x64) AppleWebKit/537.36"
192.168.1.100 - - [06/Jul/2025:05:24:22 ] "GET /index.html HTTP/1.1" 200 17210 "-" "Mozilla/5.0 (Windows NT 10.0; Win64; x64) AppleWebKit/537.36"
172.16.0.25 - - [06/Jul/2025:05:25:22 ] "GET /contact HTTP/1.1" 200 6037 "-" "Mozilla/5.0 (Macintosh; Intel Mac OS X 10_15_7) AppleWebKit/537.36"
198.51.100.10 - - [06/Jul/2025:05:26:22 ] "GET /api/products HTTP/1.1" 301 3895 "-" "Mozilla/5.0 (X11; Linux x86_64) AppleWebKit/537.36"
10.0.0.50 - - [06/Jul/2025:05:27:22 ] "GET /login HTTP/1.1" 200 502 "-" "Mozilla/5.0 (Macintosh; Intel Mac OS X 10_15_7) AppleWebKit/537.36"
203.0.113.45 - - [06/Jul/2025:05:28:22 ] "GET /register HTTP/1.1" 200 18876 "-" "Mozilla/5.0 (X11; Linux x86_64) AppleWebKit/537.36"
192.168.1.100 - - [06/Jul/2025:05:29:22 ] "GET /api/products HTTP/1.1" 200 11305 "-" "Mozilla/5.0 (X11; Linux x86_64) AppleWebKit/537.36"
192.168.1.100 - - [06/Jul/2025:05:30:22 ] "GET /register HTTP/1.1" 301 46784 "-" "Mozilla/5.0 (Windows NT 10.0; Win64; x64) AppleWebKit/537.36"
172.16.0.25 - - [06/Jul/2025:05:31:22 ] "GET /api/orders HTTP/1.1" 200 26797 "-" "Mozilla/5.0 (Windows NT 10.0; Win64; x64) AppleWebKit/537.36"
10.0.0.50 - - [06/Jul/2025:05:32:22 ] "GET /api/products HTTP/1.1" 200 1920 "-" "Mozilla/5.0 (Windows NT 10.0; Win64; x64) AppleWebKit/537.36"
172.16.0.25 - - [06/Jul/2025:05:33:22 ] "GET /products HTTP/1.1" 301 8266 "-" "Mozilla/5.0 (Windows NT 10.0; Win64; x64) AppleWebKit/537.36"
10.0.0.50 - - [06/Jul/2025:05:34:22 ] "GET /index.html HTTP/1.1" 200 9082 "-" "Mozilla/5.0 (X11; Linux x86_64) AppleWebKit/537.36"
198.51.100.10 - - [06/Jul/2025:05:35:22 ] "GET / HTTP/1.1" 500 47966 "-" "Mozilla/5.0 (X11; Linux x86_64) AppleWebKit/537.36"
203.0.113.45 - - [06/Jul/2025:05:36:22 ] "GET /api/orders HTTP/1.1" 301 9165 "-" "Mozilla/5.0 (Macintosh; Intel Mac OS X 10_15_7) AppleWebKit/537.36"
10.0.0.50 - - [06/Jul/2025:05:37:22 ] "GET /admin HTTP/1.1" 404 26804 "-" "Mozilla/5.0 (Macintosh; Intel Mac OS X 10_15_7) AppleWebKit/537.36"
198.51.100.10 - - [06/Jul/2025:05:38:22 ] "GET /api/orders HTTP/1.1" 500 48870 "-" "Mozilla/5.0 (Windows NT 10.0; Win64; x64) AppleWebKit/537.36"
10.0.0.50 - - [06/Jul/2025:05:39:22 ] "GET /api/users HTTP/1.1" 200 17161 "-" "Mozilla/5.0 (Macintosh; Intel Mac OS X 10_15_7) AppleWebKit/537.36"
172.16.0.25 - - [06/Jul/2025:05:40:22 ] "GET / HTTP/1.1" 404 43642 "-" "Mozilla/5.0 (Macintosh; Intel Mac OS X 10_15_7) AppleWebKit/537.36"
10.0.0.50 - - [06/Jul/2025:05:41:22 ] "GET /api/orders HTTP/1.1" 200 17962 "-" "Mozilla/5.0 (X11; Linux x86_64) AppleWebKit/537.36"
192.168.1.100 - - [06/Jul/2025:05:42:22 ] "GET / HTTP/1.1" 200 16370 "-" "Mozilla/5.0 (Windows NT 10.0; Win64; x64) AppleWebKit/537.36"
172.16.0.25 - - [06/Jul/2025:05:43:22 ] "GET /profile HTTP/1.1" 503 36763 "-" "Mozilla/5.0 (Windows NT 10.0; Win64; x64) AppleWebKit/537.36"
198.51.100.10 - - [06/Jul/2025:05:44:22 ] "GET /about HTTP/1.1" 200 49345 "-" "Mozilla/5.0 (Windows NT 10.0; Win64; x64) AppleWebKit/537.36"
198.51.100.10 - - [06/Jul/2025:05:45:22 ] "GET /index.html HTTP/1.1" 200 10505 "-" "Mozilla/5.0 (Macintosh; Intel Mac OS X 10_15_7) AppleWebKit/537.36"
172.16.0.25 - - [06/Jul/2025:05:46:22 ] "GET /products HTTP/1.1" 500 42499 "-" "Mozilla/5.0 (Macintosh; Intel Mac OS X 10_15_7) AppleWebKit/537.36"
10.0.0.50 - - [06/Jul/2025:05:47:22 ] "GET /api/orders HTTP/1.1" 200 15576 "-" "Mozilla/5.0 (X11; Linux x86_64) AppleWebKit/537.36"
172.16.0.25 - - [06/Jul/2025:05:48:22 ] "GET /api/products HTTP/1.1" 200 25395 "-" "Mozilla/5.0 (Macintosh; Intel Mac OS X 10_15_7) AppleWebKit/537.36"
192.168.1.100 - - [06/Jul/2025:05:49:22 ] "GET /products HTTP/1.1" 500 11115 "-" "Mozilla/5.0 (Windows NT 10.0; Win64; x64) AppleWebKit/537.36"
172.16.0.25 - - [06/Jul/2025:05:50:22 ] "GET /api/orders HTTP/1.1" 200 49127 "-" "Mozilla/5.0 (X11; Linux x86_64) AppleWebKit/537.36"
198.51.100.10 - - [06/Jul/2025:05:51:22 ] "GET /index.html HTTP/1.1" 200 43531 "-" "Mozilla/5.0 (Macintosh; Intel Mac OS X 10_15_7) AppleWebKit/537.36"
203.0.113.45 - - [06/Jul/2025:05:52:22 ] "GET /api/products HTTP/1.1" 200 29443 "-" "Mozilla/5.0 (Macintosh; Intel Mac OS X 10_15_7) AppleWebKit/537.36"
172.16.0.25 - - [06/Jul/2025:05:53:22 ] "GET /api/orders HTTP/1.1" 200 39841 "-" "Mozilla/5.0 (X11; Linux x86_64) AppleWebKit/537.36"
172.16.0.25 - - [06/Jul/2025:05:54:22 ] "GET /profile HTTP/1.1" 200 14498 "-" "Mozilla/5.0 (Macintosh; Intel Mac OS X 10_15_7) AppleWebKit/537.36"
10.0.0.50 - - [06/Jul/2025:05:55:22 ] "GET /about HTTP/1.1" 200 19279 "-" "Mozilla/5.0 (Macintosh; Intel Mac OS X 10_15_7) AppleWebKit/537.36"
198.51.100.10 - - [06/Jul/2025:05:56:22 ] "GET /admin HTTP/1.1" 500 3396 "-" "Mozilla/5.0 (Windows NT 10.0; Win64; x64) AppleWebKit/537.36"
203.0.113.45 - - [06/Jul/2025:05:57:22 ] "GET /products HTTP/1.1" 503 16403 "-" "Mozilla/5.0 (Macintosh; Intel Mac OS X 10_15_7) AppleWebKit/537.36"
198.51.100.10 - - [06/Jul/2025:05:58:22 ] "GET /logout HTTP/1.1" 200 22920 "-" "Mozilla/5.0 (Macintosh; Intel Mac OS X 10_15_7) AppleWebKit/537.36"
203.0.113.45 - - [06/Jul/2025:05:59:22 ] "GET /api/products HTTP/1.1" 500 5752 "-" "Mozilla/5.0 (Windows NT 10.0; Win64; x64) AppleWebKit/537.36"
203.0.113.45 - - [06/Jul/2025:06:00:22 ] "GET /profile HTTP/1.1" 500 14804 "-" "Mozilla/5.0 (X11; Linux x86_64) AppleWebKit/537.36"
203.0.113.45 - - [06/Jul/2025:06:01:22 ] "GET /contact HTTP/1.1" 200 26787 "-" "Mozilla/5.0 (Macintosh; Intel Mac OS X 10_15_7) AppleWebKit/537.36"
203.0.113.45 - - [06/Jul/2025:06:02:22 ] "GET /dashboard HTTP/1.1" 200 11375 "-" "Mozilla/5.0 (Macintosh; Intel Mac OS X 10_15_7) AppleWebKit/537.36"
10.0.0.50 - - [06/Jul/2025:06:03:22 ] "GET /register HTTP/1.1" 200 18921 "-" "Mozilla/5.0 (Macintosh; Intel Mac OS X 10_15_7) AppleWebKit/537.36"
10.0.0.50 - - [06/Jul/2025:06:04:22 ] "GET /profile HTTP/1.1" 301 21100 "-" "Mozilla/5.0 (Windows NT 10.0; Win64; x64) AppleWebKit/537.36"
172.16.0.25 - - [06/Jul/2025:06:05:22 ] "GET /contact HTTP/1.1" 301 963 "-" "Mozilla/5.0 (X11; Linux x86_64) AppleWebKit/537.36"
10.0.0.50 - - [06/Jul/2025:06:06:22 ] "GET /contact HTTP/1.1" 301 1687 "-" "Mozilla/5.0 (X11; Linux x86_64) AppleWebKit/537.36"
203.0.113.45 - - [06/Jul/2025:06:07:22 ] "GET /admin HTTP/1.1" 500 9606 "-" "Mozilla/5.0 (Macintosh; Intel Mac OS X 10_15_7) AppleWebKit/537.36"
192.168.1.100 - - [06/Jul/2025:06:08:22 ] "GET /api/products HTTP/1.1" 404 6929 "-" "Mozilla/5.0 (Windows NT 10.0; Win64; x64) AppleWebKit/537.36"
10.0.0.50 - - [06/Jul/2025:06:09:22 ] "GET /contact HTTP/1.1" 200 36176 "-" "Mozilla/5.0 (Macintosh; Intel Mac OS X 10_15_7) AppleWebKit/537.36"
172.16.0.25 - - [06/Jul/2025:06:10:22 ] "GET /api/users HTTP/1.1" 301 15509 "-" "Mozilla/5.0 (Windows NT 10.0; Win64; x64) AppleWebKit/537.36"
172.16.0.25 - - [06/Jul/2025:06:11:22 ] "GET /products HTTP/1.1" 301 5994 "-" "Mozilla/5.0 (Macintosh; Intel Mac OS X 10_15_7) AppleWebKit/537.36"
10.0.0.50 - - [06/Jul/2025:06:12:22 ] "GET /profile HTTP/1.1" 500 7267 "-" "Mozilla/5.0 (X11; Linux x86_64) AppleWebKit/537.36"
172.16.0.25 - - [06/Jul/2025:06:13:22 ] "GET /products HTTP/1.1" 301 40130 "-" "Mozilla/5.0 (Windows NT 10.0; Win64; x64) AppleWebKit/537.36"
203.0.113.45 - - [06/Jul/2025:06:14:22 ] "GET /contact HTTP/1.1" 200 38835 "-" "Mozilla/5.0 (Windows NT 10.0; Win64; x64) AppleWebKit/537.36"
203.0.113.45 - - [06/Jul/2025:06:15:22 ] "GET /dashboard HTTP/1.1" 404 8485 "-" "Mozilla/5.0 (X11; Linux x86_64) AppleWebKit/537.36"
10.0.0.50 - - [06/Jul/2025:06:16:22 ] "GET /register HTTP/1.1" 200 4473 "-" "Mozilla/5.0 (X11; Linux x86_64) AppleWebKit/537.36"
10.0.0.50 - - [06/Jul/2025:06:17:22 ] "GET /contact HTTP/1.1" 200 13824 "-" "Mozilla/5.0 (Windows NT 10.0; Win64; x64) AppleWebKit/537.36"
198.51.100.10 - - [06/Jul/2025:06:18:22 ] "GET /admin HTTP/1.1" 503 23582 "-" "Mozilla/5.0 (X11; Linux x86_64) AppleWebKit/537.36"
198.51.100.10 - - [06/Jul/2025:06:19:22 ] "GET /logout HTTP/1.1" 200 2340 "-" "Mozilla/5.0 (X11; Linux x86_64) AppleWebKit/537.36"
10.0.0.50 - - [06/Jul/2025:06:20:22 ] "GET /api/products HTTP/1.1" 301 42979 "-" "Mozilla/5.0 (Windows NT 10.0; Win64; x64) AppleWebKit/537.36"
172.16.0.25 - - [06/Jul/2025:06:21:22 ] "GET /admin HTTP/1.1" 200 45745 "-" "Mozilla/5.0 (Macintosh; Intel Mac OS X 10_15_7) AppleWebKit/537.36"
198.51.100.10 - - [06/Jul/2025:06:22:22 ] "GET /api/users HTTP/1.1" 200 17024 "-" "Mozilla/5.0 (Windows NT 10.0; Win64; x64) AppleWebKit/537.36"
203.0.113.45 - - [06/Jul/2025:06:23:22 ] "GET /contact HTTP/1.1" 200 48406 "-" "Mozilla/5.0 (Windows NT 10.0; Win64; x64) AppleWebKit/537.36"
203.0.113.45 - - [06/Jul/2025:06:24:22 ] "GET /api/products HTTP/1.1" 200 25344 "-" "Mozilla/5.0 (Windows NT 10.0; Win64; x64) AppleWebKit/537.36"
198.51.100.10 - - [06/Jul/2025:06:25:22 ] "GET /register HTTP/1.1" 200 15640 "-" "Mozilla/5.0 (Macintosh; Intel Mac OS X 10_15_7) AppleWebKit/537.36"
10.0.0.50 - - [06/Jul/2025:06:26:22 ] "GET /about HTTP/1.1" 200 23841 "-" "Mozilla/5.0 (X11; Linux x86_64) AppleWebKit/537.36"
198.51.100.10 - - [06/Jul/2025:06:27:22 ] "GET / HTTP/1.1" 503 38921 "-" "Mozilla/5.0 (X11; Linux x86_64) AppleWebKit/537.36"
172.16.0.25 - - [06/Jul/2025:06:28:22 ] "GET /login HTTP/1.1" 301 17898 "-" "Mozilla/5.0 (X11; Linux x86_64) AppleWebKit/537.36"
10.0.0.50 - - [06/Jul/2025:06:29:22 ] "GET /contact HTTP/1.1" 200 43705 "-" "Mozilla/5.0 (X11; Linux x86_64) AppleWebKit/537.36"
192.168.1.100 - - [06/Jul/2025:06:30:22 ] "GET / HTTP/1.1" 301 25583 "-" "Mozilla/5.0 (Windows NT 10.0; Win64; x64) AppleWebKit/537.36"
192.168.1.100 - - [06/Jul/2025:06:31:22 ] "GET /api/orders HTTP/1.1" 404 19915 "-" "Mozilla/5.0 (Windows NT 10.0; Win64; x64) AppleWebKit/537.36"
172.16.0.25 - - [06/Jul/2025:06:32:22 ] "GET /api/orders HTTP/1.1" 301 15948 "-" "Mozilla/5.0 (X11; Linux x86_64) AppleWebKit/537.36"
10.0.0.50 - - [06/Jul/2025:06:33:22 ] "GET /profile HTTP/1.1" 302 40855 "-" "Mozilla/5.0 (X11; Linux x86_64) AppleWebKit/537.36"
198.51.100.10 - - [06/Jul/2025:06:34:22 ] "GET /register HTTP/1.1" 200 43584 "-" "Mozilla/5.0 (Windows NT 10.0; Win64; x64) AppleWebKit/537.36"
10.0.0.50 - - [06/Jul/2025:06:35:22 ] "GET /login HTTP/1.1" 200 14491 "-" "Mozilla/5.0 (X11; Linux x86_64) AppleWebKit/537.36"
10.0.0.50 - - [06/Jul/2025:06:36:22 ] "GET /about HTTP/1.1" 302 28678 "-" "Mozilla/5.0 (Macintosh; Intel Mac OS X 10_15_7) AppleWebKit/537.36"
203.0.113.45 - - [06/Jul/2025:06:37:22 ] "GET /login HTTP/1.1" 404 27780 "-" "Mozilla/5.0 (X11; Linux x86_64) AppleWebKit/537.36"
203.0.113.45 - - [06/Jul/2025:06:38:22 ] "GET /profile HTTP/1.1" 200 49990 "-" "Mozilla/5.0 (Macintosh; Intel Mac OS X 10_15_7) AppleWebKit/537.36"
10.0.0.50 - - [06/Jul/2025:06:39:22 ] "GET /register HTTP/1.1" 200 42276 "-" "Mozilla/5.0 (X11; Linux x86_64) AppleWebKit/537.36"
172.16.0.25 - - [06/Jul/2025:06:40:22 ] "GET /logout HTTP/1.1" 500 20394 "-" "Mozilla/5.0 (X11; Linux x86_64) AppleWebKit/537.36"
10.0.0.50 - - [06/Jul/2025:06:41:22 ] "GET /profile HTTP/1.1" 500 14874 "-" "Mozilla/5.0 (X11; Linux x86_64) AppleWebKit/537.36"
172.16.0.25 - - [06/Jul/2025:06:42:22 ] "GET /logout HTTP/1.1" 200 37918 "-" "Mozilla/5.0 (X11; Linux x86_64) AppleWebKit/537.36"
172.16.0.25 - - [06/Jul/2025:06:43:22 ] "GET /api/orders HTTP/1.1" 503 47883 "-" "Mozilla/5.0 (X11; Linux x86_64) AppleWebKit/537.36"
198.51.100.10 - - [06/Jul/2025:06:44:22 ] "GET /admin HTTP/1.1" 200 15337 "-" "Mozilla/5.0 (Windows NT 10.0; Win64; x64) AppleWebKit/537.36"
203.0.113.45 - - [06/Jul/2025:06:45:22 ] "GET /logout HTTP/1.1" 200 49096 "-" "Mozilla/5.0 (X11; Linux x86_64) AppleWebKit/537.36"
192.168.1.100 - - [06/Jul/2025:06:46:22 ] "GET /products HTTP/1.1" 200 36054 "-" "Mozilla/5.0 (X11; Linux x86_64) AppleWebKit/537.36"
172.16.0.25 - - [06/Jul/2025:06:47:22 ] "GET /contact HTTP/1.1" 503 16342 "-" "Mozilla/5.0 (Windows NT 10.0; Win64; x64) AppleWebKit/537.36"
192.168.1.100 - - [06/Jul/2025:06:48:22 ] "GET /contact HTTP/1.1" 302 7769 "-" "Mozilla/5.0 (Windows NT 10.0; Win64; x64) AppleWebKit/537.36"
10.0.0.50 - - [06/Jul/2025:06:49:22 ] "GET /admin HTTP/1.1" 404 35870 "-" "Mozilla/5.0 (Windows NT 10.0; Win64; x64) AppleWebKit/537.36"
172.16.0.25 - - [06/Jul/2025:06:50:22 ] "GET /products HTTP/1.1" 200 25510 "-" "Mozilla/5.0 (X11; Linux x86_64) AppleWebKit/537.36"
172.16.0.25 - - [06/Jul/2025:06:51:22 ] "GET /register HTTP/1.1" 200 3699 "-" "Mozilla/5.0 (X11; Linux x86_64) AppleWebKit/537.36"
203.0.113.45 - - [06/Jul/2025:06:52:22 ] "GET /api/products HTTP/1.1" 200 44044 "-" "Mozilla/5.0 (Macintosh; Intel Mac OS X 10_15_7) AppleWebKit/537.36"
198.51.100.10 - - [06/Jul/2025:06:53:22 ] "GET /register HTTP/1.1" 500 38557 "-" "Mozilla/5.0 (Windows NT 10.0; Win64; x64) AppleWebKit/537.36"
10.0.0.50 - - [06/Jul/2025:06:54:22 ] "GET /api/orders HTTP/1.1" 200 20879 "-" "Mozilla/5.0 (X11; Linux x86_64) AppleWebKit/537.36"
203.0.113.45 - - [06/Jul/2025:06:55:22 ] "GET /login HTTP/1.1" 404 40555 "-" "Mozilla/5.0 (Macintosh; Intel Mac OS X 10_15_7) AppleWebKit/537.36"
10.0.0.50 - - [06/Jul/2025:06:56:22 ] "GET /login HTTP/1.1" 200 11567 "-" "Mozilla/5.0 (X11; Linux x86_64) AppleWebKit/537.36"
10.0.0.50 - - [06/Jul/2025:06:57:22 ] "GET /contact HTTP/1.1" 301 9261 "-" "Mozilla/5.0 (Macintosh; Intel Mac OS X 10_15_7) AppleWebKit/537.36"
203.0.113.45 - - [06/Jul/2025:06:58:22 ] "GET /register HTTP/1.1" 200 14703 "-" "Mozilla/5.0 (Macintosh; Intel Mac OS X 10_15_7) AppleWebKit/537.36"
203.0.113.45 - - [06/Jul/2025:06:59:22 ] "GET /register HTTP/1.1" 200 3127 "-" "Mozilla/5.0 (Windows NT 10.0; Win64; x64) AppleWebKit/537.36"
10.0.0.50 - - [06/Jul/2025:07:00:22 ] "GET /about HTTP/1.1" 200 3356 "-" "Mozilla/5.0 (X11; Linux x86_64) AppleWebKit/537.36"
198.51.100.10 - - [06/Jul/2025:07:01:22 ] "GET /dashboard HTTP/1.1" 404 31681 "-" "Mozilla/5.0 (Windows NT 10.0; Win64; x64) AppleWebKit/537.36"
10.0.0.50 - - [06/Jul/2025:07:02:22 ] "GET / HTTP/1.1" 200 5060 "-" "Mozilla/5.0 (Windows NT 10.0; Win64; x64) AppleWebKit/537.36"
198.51.100.10 - - [06/Jul/2025:07:03:22 ] "GET /contact HTTP/1.1" 200 366 "-" "Mozilla/5.0 (Macintosh; Intel Mac OS X 10_15_7) AppleWebKit/537.36"
203.0.113.45 - - [06/Jul/2025:07:04:22 ] "GET /contact HTTP/1.1" 200 40075 "-" "Mozilla/5.0 (X11; Linux x86_64) AppleWebKit/537.36"
192.168.1.100 - - [06/Jul/2025:07:05:22 ] "GET /api/users HTTP/1.1" 200 16693 "-" "Mozilla/5.0 (Macintosh; Intel Mac OS X 10_15_7) AppleWebKit/537.36"
203.0.113.45 - - [06/Jul/2025:07:06:22 ] "GET /register HTTP/1.1" 200 2192 "-" "Mozilla/5.0 (Windows NT 10.0; Win64; x64) AppleWebKit/537.36"
203.0.113.45 - - [06/Jul/2025:07:07:22 ] "GET /contact HTTP/1.1" 503 5639 "-" "Mozilla/5.0 (Macintosh; Intel Mac OS X 10_15_7) AppleWebKit/537.36"
192.168.1.100 - - [06/Jul/2025:07:08:22 ] "GET /profile HTTP/1.1" 503 10323 "-" "Mozilla/5.0 (Macintosh; Intel Mac OS X 10_15_7) AppleWebKit/537.36"
172.16.0.25 - - [06/Jul/2025:07:09:22 ] "GET /contact HTTP/1.1" 200 45783 "-" "Mozilla/5.0 (Macintosh; Intel Mac OS X 10_15_7) AppleWebKit/537.36"
192.168.1.100 - - [06/Jul/2025:07:10:22 ] "GET /products HTTP/1.1" 200 35644 "-" "Mozilla/5.0 (X11; Linux x86_64) AppleWebKit/537.36"
172.16.0.25 - - [06/Jul/2025:07:11:22 ] "GET /products HTTP/1.1" 302 39065 "-" "Mozilla/5.0 (X11; Linux x86_64) AppleWebKit/537.36"
198.51.100.10 - - [06/Jul/2025:07:12:22 ] "GET /api/users HTTP/1.1" 503 14367 "-" "Mozilla/5.0 (Macintosh; Intel Mac OS X 10_15_7) AppleWebKit/537.36"
203.0.113.45 - - [06/Jul/2025:07:13:22 ] "GET /about HTTP/1.1" 200 24341 "-" "Mozilla/5.0 (X11; Linux x86_64) AppleWebKit/537.36"
203.0.113.45 - - [06/Jul/2025:07:14:22 ] "GET /products HTTP/1.1" 301 15300 "-" "Mozilla/5.0 (Windows NT 10.0; Win64; x64) AppleWebKit/537.36"
192.168.1.100 - - [06/Jul/2025:07:15:22 ] "GET /profile HTTP/1.1" 500 18228 "-" "Mozilla/5.0 (Macintosh; Intel Mac OS X 10_15_7) AppleWebKit/537.36"
172.16.0.25 - - [06/Jul/2025:07:16:22 ] "GET /dashboard HTTP/1.1" 200 22762 "-" "Mozilla/5.0 (Windows NT 10.0; Win64; x64) AppleWebKit/537.36"
192.168.1.100 - - [06/Jul/2025:07:17:22 ] "GET /dashboard HTTP/1.1" 503 22205 "-" "Mozilla/5.0 (X11; Linux x86_64) AppleWebKit/537.36"
