198.51.100.10 - - [06/Jul/2025:07:18:22 ] "GET /admin HTTP/1.1" 200 14956 "-" "Mozilla/5.0 (Windows NT 10.0; Win64; x64) AppleWebKit/537.36"
192.168.1.100 - - [06/Jul/2025:07:19:22 ] "GET /dashboard HTTP/1.1" 302 20184 "-" "Mozilla/5.0 (Macintosh; Intel Mac OS X 10_15_7) AppleWebKit/537.36"
172.16.0.25 - - [06/Jul/2025:07:20:22 ] "GET /login HTTP/1.1" 404 3071 "-" "Mozilla/5.0 (Windows NT 10.0; Win64; x64) AppleWebKit/537.36"
192.168.1.100 - - [06/Jul/2025:07:21:22 ] "GET /api/orders HTTP/1.1" 404 46546 "-" "Mozilla/5.0 (Windows NT 10.0; Win64; x64) AppleWebKit/537.36"
198.51.100.10 - - [06/Jul/2025:07:22:22 ] "GET /products HTTP/1.1" 404 12502 "-" "Mozilla/5.0 (Windows NT 10.0; Win64; x64) AppleWebKit/537.36"
192.168.1.100 - - [06/Jul/2025:07:23:22 ] "GET /about HTTP/1.1" 200 32908 "-" "Mozilla/5.0 (Windows NT 10.0; Win64; x64) AppleWebKit/537.36"
10.0.0.50 - - [06/Jul/2025:07:24:22 ] "GET /products HTTP/1.1" 200 43477 "-" "Mozilla/5.0 (Windows NT 10.0; Win64; x64) AppleWebKit/537.36"
10.0.0.50 - - [06/Jul/2025:07:25:22 ] "GET /admin HTTP/1.1" 200 836 "-" "Mozilla/5.0 (X11; Linux x86_64) AppleWebKit/537.36"
203.0.113.45 - - [06/Jul/2025:07:26:22 ] "GET /register HTTP/1.1" 200 49527 "-" "Mozilla/5.0 (Windows NT 10.0; Win64; x64) AppleWebKit/537.36"
172.16.0.25 - - [06/Jul/2025:07:27:22 ] "GET /profile HTTP/1.1" 200 35334 "-" "Mozilla/5.0 (X11; Linux x86_64) AppleWebKit/537.36"
10.0.0.50 - - [06/Jul/2025:07:28:22 ] "GET /register HTTP/1.1" 500 44170 "-" "Mozilla/5.0 (X11; Linux x86_64) AppleWebKit/537.36"
203.0.113.45 - - [06/Jul/2025:07:29:22 ] "GET /contact HTTP/1.1" 302 27163 "-" "Mozilla/5.0 (Windows NT 10.0; Win64; x64) AppleWebKit/537.36"
192.168.1.100 - - [06/Jul/2025:07:30:22 ] "GET /api/products HTTP/1.1" 200 39289 "-" "Mozilla/5.0 (Windows NT 10.0; Win64; x64) AppleWebKit/537.36"
10.0.0.50 - - [06/Jul/2025:07:31:22 ] "GET /login HTTP/1.1" 503 14994 "-" "Mozilla/5.0 (Macintosh; Intel Mac OS X 10_15_7) AppleWebKit/537.36"
203.0.113.45 - - [06/Jul/2025:07:32:22 ] "GET /logout HTTP/1.1" 200 42817 "-" "Mozilla/5.0 (X11; Linux x86_64) AppleWebKit/537.36"
192.168.1.100 - - [06/Jul/2025:07:33:22 ] "GET /api/orders HTTP/1.1" 500 25217 "-" "Mozilla/5.0 (X11; Linux x86_64) AppleWebKit/537.36"
10.0.0.50 - - [06/Jul/2025:07:34:22 ] "GET /api/products HTTP/1.1" 302 32618 "-" "Mozilla/5.0 (X11; Linux x86_64) AppleWebKit/537.36"
10.0.0.50 - - [06/Jul/2025:07:35:22 ] "GET /register HTTP/1.1" 404 44253 "-" "Mozilla/5.0 (Windows NT 10.0; Win64; x64) AppleWebKit/537.36"
192.168.1.100 - - [06/Jul/2025:07:36:22 ] "GET /dashboard HTTP/1.1" 200 39904 "-" "Mozilla/5.0 (X11; Linux x86_64) AppleWebKit/537.36"
10.0.0.50 - - [06/Jul/2025:07:37:22 ] "GET /api/orders HTTP/1.1" 200 42149 "-" "Mozilla/5.0 (Windows NT 10.0; Win64; x64) AppleWebKit/537.36"
192.168.1.100 - - [06/Jul/2025:07:38:22 ] "GET /products HTTP/1.1" 301 32038 "-" "Mozilla/5.0 (Windows NT 10.0; Win64; x64) AppleWebKit/537.36"
203.0.113.45 - - [06/Jul/2025:07:39:22 ] "GET /contact HTTP/1.1" 404 45425 "-" "Mozilla/5.0 (Windows NT 10.0; Win64; x64) AppleWebKit/537.36"
192.168.1.100 - - [06/Jul/2025:07:40:22 ] "GET /dashboard HTTP/1.1" 200 25926 "-" "Mozilla/5.0 (Macintosh; Intel Mac OS X 10_15_7) AppleWebKit/537.36"
172.16.0.25 - - [06/Jul/2025:07:41:22 ] "GET /index.html HTTP/1.1" 200 9732 "-" "Mozilla/5.0 (Windows NT 10.0; Win64; x64) AppleWebKit/537.36"
172.16.0.25 - - [06/Jul/2025:07:42:22 ] "GET /register HTTP/1.1" 200 14535 "-" "Mozilla/5.0 (Macintosh; Intel Mac OS X 10_15_7) AppleWebKit/537.36"
203.0.113.45 - - [06/Jul/2025:07:43:22 ] "GET / HTTP/1.1" 301 10762 "-" "Mozilla/5.0 (Windows NT 10.0; Win64; x64) AppleWebKit/537.36"
192.168.1.100 - - [06/Jul/2025:07:44:22 ] "GET /logout HTTP/1.1" 200 6335 "-" "Mozilla/5.0 (X11; Linux x86_64) AppleWebKit/537.36"
10.0.0.50 - - [06/Jul/2025:07:45:22 ] "GET /api/products HTTP/1.1" 301 40125 "-" "Mozilla/5.0 (X11; Linux x86_64) AppleWebKit/537.36"
192.168.1.100 - - [06/Jul/2025:07:46:22 ] "GET /dashboard HTTP/1.1" 200 17378 "-" "Mozilla/5.0 (X11; Linux x86_64) AppleWebKit/537.36"
203.0.113.45 - - [06/Jul/2025:07:47:22 ] "GET /index.html HTTP/1.1" 503 33589 "-" "Mozilla/5.0 (Windows NT 10.0; Win64; x64) AppleWebKit/537.36"
192.168.1.100 - - [06/Jul/2025:07:48:22 ] "GET /dashboard HTTP/1.1" 200 48488 "-" "Mozilla/5.0 (Macintosh; Intel Mac OS X 10_15_7) AppleWebKit/537.36"
192.168.1.100 - - [06/Jul/2025:07:49:22 ] "GET /api/orders HTTP/1.1" 200 40972 "-" "Mozilla/5.0 (Windows NT 10.0; Win64; x64) AppleWebKit/537.36"
172.16.0.25 - - [06/Jul/2025:07:50:22 ] "GET /profile HTTP/1.1" 500 32002 "-" "Mozilla/5.0 (Macintosh; Intel Mac OS X 10_15_7) AppleWebKit/537.36"
10.0.0.50 - - [06/Jul/2025:07:51:22 ] "GET /register HTTP/1.1" 200 36609 "-" "Mozilla/5.0 (Windows NT 10.0; Win64; x64) AppleWebKit/537.36"
10.0.0.50 - - [06/Jul/2025:07:52:22 ] "GET /api/products HTTP/1.1" 200 37828 "-" "Mozilla/5.0 (Macintosh; Intel Mac OS X 10_15_7) AppleWebKit/537.36"
198.51.100.10 - - [06/Jul/2025:07:53:22 ] "GET /logout HTTP/1.1" 500 19194 "-" "Mozilla/5.0 (Windows NT 10.0; Win64; x64) AppleWebKit/537.36"
172.16.0.25 - - [06/Jul/2025:07:54:22 ] "GET /login HTTP/1.1" 200 42460 "-" "Mozilla/5.0 (Macintosh; Intel Mac OS X 10_15_7) AppleWebKit/537.36"
172.16.0.25 - - [06/Jul/2025:07:55:22 ] "GET / HTTP/1.1" 301 5744 "-" "Mozilla/5.0 (X11; Linux x86_64) AppleWebKit/537.36"
203.0.113.45 - - [06/Jul/2025:07:56:22 ] "GET /products HTTP/1.1" 404 41843 "-" "Mozilla/5.0 (Windows NT 10.0; Win64; x64) AppleWebKit/537.36"
203.0.113.45 - - [06/Jul/2025:07:57:22 ] "GET /api/users HTTP/1.1" 500 45897 "-" "Mozilla/5.0 (Windows NT 10.0; Win64; x64) AppleWebKit/537.36"
198.51.100.10 - - [06/Jul/2025:07:58:22 ] "GET /profile HTTP/1.1" 500 31293 "-" "Mozilla/5.0 (Macintosh; Intel Mac OS X 10_15_7) AppleWebKit/537.36"
198.51.100.10 - - [06/Jul/2025:07:59:22 ] "GET /about HTTP/1.1" 301 41507 "-" "Mozilla/5.0 (Windows NT 10.0; Win64; x64) AppleWebKit/537.36"
192.168.1.100 - - [06/Jul/2025:08:00:22 ] "GET / HTTP/1.1" 500 22107 "-" "Mozilla/5.0 (Windows NT 10.0; Win64; x64) AppleWebKit/537.36"
172.16.0.25 - - [06/Jul/2025:08:01:22 ] "GET /api/orders HTTP/1.1" 200 9300 "-" "Mozilla/5.0 (Macintosh; Intel Mac OS X 10_15_7) AppleWebKit/537.36"
198.51.100.10 - - [06/Jul/2025:08:02:22 ] "GET /contact HTTP/1.1" 404 43155 "-" "Mozilla/5.0 (Macintosh; Intel Mac OS X 10_15_7) AppleWebKit/537.36"
203.0.113.45 - - [06/Jul/2025:08:03:22 ] "GET /login HTTP/1.1" 503 11106 "-" "Mozilla/5.0 (X11; Linux x86_64) AppleWebKit/537.36"
172.16.0.25 - - [06/Jul/2025:08:04:22 ] "GET /login HTTP/1.1" 503 27622 "-" "Mozilla/5.0 (Macintosh; Intel Mac OS X 10_15_7) AppleWebKit/537.36"
172.16.0.25 - - [06/Jul/2025:08:05:22 ] "GET /api/products HTTP/1.1" 200 20894 "-" "Mozilla/5.0 (X11; Linux x86_64) AppleWebKit/537.36"
192.168.1.100 - - [06/Jul/2025:08:06:22 ] "GET /admin HTTP/1.1" 200 35211 "-" "Mozilla/5.0 (Windows NT 10.0; Win64; x64) AppleWebKit/537.36"
203.0.113.45 - - [06/Jul/2025:08:07:22 ] "GET /products HTTP/1.1" 404 40395 "-" "Mozilla/5.0 (X11; Linux x86_64) AppleWebKit/537.36"
10.0.0.50 - - [06/Jul/2025:08:08:22 ] "GET /api/users HTTP/1.1" 302 20104 "-" "Mozilla/5.0 (X11; Linux x86_64) AppleWebKit/537.36"
198.51.100.10 - - [06/Jul/2025:08:09:22 ] "GET /profile HTTP/1.1" 301 24580 "-" "Mozilla/5.0 (Windows NT 10.0; Win64; x64) AppleWebKit/537.36"
192.168.1.100 - - [06/Jul/2025:08:10:22 ] "GET / HTTP/1.1" 404 2389 "-" "Mozilla/5.0 (X11; Linux x86_64) AppleWebKit/537.36"
192.168.1.100 - - [06/Jul/2025:08:11:22 ] "GET /contact HTTP/1.1" 200 22095 "-" "Mozilla/5.0 (X11; Linux x86_64) AppleWebKit/537.36"
203.0.113.45 - - [06/Jul/2025:08:12:22 ] "GET /contact HTTP/1.1" 503 30254 "-" "Mozilla/5.0 (Windows NT 10.0; Win64; x64) AppleWebKit/537.36"
172.16.0.25 - - [06/Jul/2025:08:13:22 ] "GET / HTTP/1.1" 200 37412 "-" "Mozilla/5.0 (Macintosh; Intel Mac OS X 10_15_7) AppleWebKit/537.36"
198.51.100.10 - - [06/Jul/2025:08:14:22 ] "GET /login HTTP/1.1" 404 9558 "-" "Mozilla/5.0 (X11; Linux x86_64) AppleWebKit/537.36"
198.51.100.10 - - [06/Jul/2025:08:15:22 ] "GET /products HTTP/1.1" 404 44996 "-" "Mozilla/5.0 (Windows NT 10.0; Win64; x64) AppleWebKit/537.36"
192.168.1.100 - - [06/Jul/2025:08:16:22 ] "GET /profile HTTP/1.1" 404 3164 "-" "Mozilla/5.0 (Windows NT 10.0; Win64; x64) AppleWebKit/537.36"
10.0.0.50 - - [06/Jul/2025:08:17:22 ] "GET /admin HTTP/1.1" 503 47103 "-" "Mozilla/5.0 (Windows NT 10.0; Win64; x64) AppleWebKit/537.36"
10.0.0.50 - - [06/Jul/2025:08:18:22 ] "GET /about HTTP/1.1" 200 46063 "-" "Mozilla/5.0 (Macintosh; Intel Mac OS X 10_15_7) AppleWebKit/537.36"
192.168.1.100 - - [06/Jul/2025:08:19:22 ] "GET /logout HTTP/1.1" 200 7188 "-" "Mozilla/5.0 (Macintosh; Intel Mac OS X 10_15_7) AppleWebKit/537.36"
10.0.0.50 - - [06/Jul/2025:08:20:22 ] "GET /products HTTP/1.1" 200 7560 "-" "Mozilla/5.0 (X11; Linux x86_64) AppleWebKit/537.36"
198.51.100.10 - - [06/Jul/2025:08:21:22 ] "GET /login HTTP/1.1" 200 29870 "-" "Mozilla/5.0 (Macintosh; Intel Mac OS X 10_15_7) AppleWebKit/537.36"
198.51.100.10 - - [06/Jul/2025:08:22:22 ] "GET /dashboard HTTP/1.1" 200 24868 "-" "Mozilla/5.0 (X11; Linux x86_64) AppleWebKit/537.36"
10.0.0.50 - - [06/Jul/2025:08:23:22 ] "GET /contact HTTP/1.1" 200 42258 "-" "Mozilla/5.0 (Windows NT 10.0; Win64; x64) AppleWebKit/537.36"
198.51.100.10 - - [06/Jul/2025:08:24:22 ] "GET /index.html HTTP/1.1" 503 28340 "-" "Mozilla/5.0 (X11; Linux x86_64) AppleWebKit/537.36"
192.168.1.100 - - [06/Jul/2025:08:25:22 ] "GET /index.html HTTP/1.1" 302 49729 "-" "Mozilla/5.0 (Windows NT 10.0; Win64; x64) AppleWebKit/537.36"
10.0.0.50 - - [06/Jul/2025:08:26:22 ] "GET /contact HTTP/1.1" 404 30820 "-" "Mozilla/5.0 (X11; Linux x86_64) AppleWebKit/537.36"
203.0.113.45 - - [06/Jul/2025:08:27:22 ] "GET / HTTP/1.1" 200 18541 "-" "Mozilla/5.0 (Windows NT 10.0; Win64; x64) AppleWebKit/537.36"
172.16.0.25 - - [06/Jul/2025:08:28:22 ] "GET /login HTTP/1.1" 503 49306 "-" "Mozilla/5.0 (X11; Linux x86_64) AppleWebKit/537.36"
198.51.100.10 - - [06/Jul/2025:08:29:22 ] "GET /register HTTP/1.1" 200 12721 "-" "Mozilla/5.0 (X11; Linux x86_64) AppleWebKit/537.36"
10.0.0.50 - - [06/Jul/2025:08:30:22 ] "GET /index.html HTTP/1.1" 200 38349 "-" "Mozilla/5.0 (X11; Linux x86_64) AppleWebKit/537.36"
10.0.0.50 - - [06/Jul/2025:08:31:22 ] "GET /index.html HTTP/1.1" 500 30559 "-" "Mozilla/5.0 (X11; Linux x86_64) AppleWebKit/537.36"
10.0.0.50 - - [06/Jul/2025:08:32:22 ] "GET /about HTTP/1.1" 302 929 "-" "Mozilla/5.0 (Windows NT 10.0; Win64; x64) AppleWebKit/537.36"
198.51.100.10 - - [06/Jul/2025:08:33:22 ] "GET /admin HTTP/1.1" 200 33310 "-" "Mozilla/5.0 (Windows NT 10.0; Win64; x64) AppleWebKit/537.36"
172.16.0.25 - - [06/Jul/2025:08:34:22 ] "GET / HTTP/1.1" 200 47134 "-" "Mozilla/5.0 (X11; Linux x86_64) AppleWebKit/537.36"
10.0.0.50 - - [06/Jul/2025:08:35:22 ] "GET /logout HTTP/1.1" 404 3640 "-" "Mozilla/5.0 (Windows NT 10.0; Win64; x64) AppleWebKit/537.36"
10.0.0.50 - - [06/Jul/2025:08:36:22 ] "GET / HTTP/1.1" 503 48401 "-" "Mozilla/5.0 (Windows NT 10.0; Win64; x64) AppleWebKit/537.36"
192.168.1.100 - - [06/Jul/2025:08:37:22 ] "GET /api/orders HTTP/1.1" 503 19056 "-" "Mozilla/5.0 (X11; Linux x86_64) AppleWebKit/537.36"
192.168.1.100 - - [06/Jul/2025:08:38:22 ] "GET /login HTTP/1.1" 503 35320 "-" "Mozilla/5.0 (Windows NT 10.0; Win64; x64) AppleWebKit/537.36"
203.0.113.45 - - [06/Jul/2025:08:39:22 ] "GET /logout HTTP/1.1" 301 44394 "-" "Mozilla/5.0 (Windows NT 10.0; Win64; x64) AppleWebKit/537.36"
203.0.113.45 - - [06/Jul/2025:08:40:22 ] "GET /products HTTP/1.1" 503 32510 "-" "Mozilla/5.0 (Macintosh; Intel Mac OS X 10_15_7) AppleWebKit/537.36"
192.168.1.100 - - [06/Jul/2025:08:41:22 ] "GET /api/users HTTP/1.1" 200 42469 "-" "Mozilla/5.0 (X11; Linux x86_64) AppleWebKit/537.36"
10.0.0.50 - - [06/Jul/2025:08:42:22 ] "GET /api/users HTTP/1.1" 404 23454 "-" "Mozilla/5.0 (Macintosh; Intel Mac OS X 10_15_7) AppleWebKit/537.36"
10.0.0.50 - - [06/Jul/2025:08:43:22 ] "GET / HTTP/1.1" 200 18921 "-" "Mozilla/5.0 (Macintosh; Intel Mac OS X 10_15_7) AppleWebKit/537.36"
10.0.0.50 - - [06/Jul/2025:08:44:22 ] "GET /dashboard HTTP/1.1" 200 223 "-" "Mozilla/5.0 (Macintosh; Intel Mac OS X 10_15_7) AppleWebKit/537.36"
172.16.0.25 - - [06/Jul/2025:08:45:22 ] "GET / HTTP/1.1" 200 3586 "-" "Mozilla/5.0 (Macintosh; Intel Mac OS X 10_15_7) AppleWebKit/537.36"
172.16.0.25 - - [06/Jul/2025:08:46:22 ] "GET /logout HTTP/1.1" 200 9887 "-" "Mozilla/5.0 (Windows NT 10.0; Win64; x64) AppleWebKit/537.36"
203.0.113.45 - - [06/Jul/2025:08:47:22 ] "GET /profile HTTP/1.1" 200 21127 "-" "Mozilla/5.0 (Macintosh; Intel Mac OS X 10_15_7) AppleWebKit/537.36"
198.51.100.10 - - [06/Jul/2025:08:48:22 ] "GET /api/products HTTP/1.1" 200 15274 "-" "Mozilla/5.0 (Macintosh; Intel Mac OS X 10_15_7) AppleWebKit/537.36"
172.16.0.25 - - [06/Jul/2025:08:49:22 ] "GET /api/orders HTTP/1.1" 404 3586 "-" "Mozilla/5.0 (Macintosh; Intel Mac OS X 10_15_7) AppleWebKit/537.36"
203.0.113.45 - - [06/Jul/2025:08:50:22 ] "GET /index.html HTTP/1.1" 503 29445 "-" "Mozilla/5.0 (X11; Linux x86_64) AppleWebKit/537.36"
203.0.113.45 - - [06/Jul/2025:08:51:22 ] "GET /register HTTP/1.1" 302 18794 "-" "Mozilla/5.0 (X11; Linux x86_64) AppleWebKit/537.36"
198.51.100.10 - - [06/Jul/2025:08:52:22 ] "GET /api/products HTTP/1.1" 503 23613 "-" "Mozilla/5.0 (Macintosh; Intel Mac OS X 10_15_7) AppleWebKit/537.36"
172.16.0.25 - - [06/Jul/2025:08:53:22 ] "GET /products HTTP/1.1" 200 40439 "-" "Mozilla/5.0 (X11; Linux x86_64) AppleWebKit/537.36"
172.16.0.25 - - [06/Jul/2025:08:54:22 ] "GET /index.html HTTP/1.1" 200 46460 "-" "Mozilla/5.0 (Macintosh; Intel Mac OS X 10_15_7) AppleWebKit/537.36"
172.16.0.25 - - [06/Jul/2025:08:55:22 ] "GET /api/orders HTTP/1.1" 301 42295 "-" "Mozilla/5.0 (Windows NT 10.0; Win64; x64) AppleWebKit/537.36"
10.0.0.50 - - [06/Jul/2025:08:56:22 ] "GET /index.html HTTP/1.1" 200 26979 "-" "Mozilla/5.0 (Windows NT 10.0; Win64; x64) AppleWebKit/537.36"
172.16.0.25 - - [06/Jul/2025:08:57:22 ] "GET /profile HTTP/1.1" 404 4234 "-" "Mozilla/5.0 (Macintosh; Intel Mac OS X 10_15_7) AppleWebKit/537.36"
172.16.0.25 - - [06/Jul/2025:08:58:22 ] "GET /admin HTTP/1.1" 503 14235 "-" "Mozilla/5.0 (X11; Linux x86_64) AppleWebKit/537.36"
198.51.100.10 - - [06/Jul/2025:08:59:22 ] "GET /products HTTP/1.1" 200 48960 "-" "Mozilla/5.0 (Macintosh; Intel Mac OS X 10_15_7) AppleWebKit/537.36"
192.168.1.100 - - [06/Jul/2025:09:00:22 ] "GET /profile HTTP/1.1" 404 18903 "-" "Mozilla/5.0 (Macintosh; Intel Mac OS X 10_15_7) AppleWebKit/537.36"
198.51.100.10 - - [06/Jul/2025:09:01:22 ] "GET /register HTTP/1.1" 200 27792 "-" "Mozilla/5.0 (Macintosh; Intel Mac OS X 10_15_7) AppleWebKit/537.36"
198.51.100.10 - - [06/Jul/2025:09:02:22 ] "GET /login HTTP/1.1" 301 33155 "-" "Mozilla/5.0 (Macintosh; Intel Mac OS X 10_15_7) AppleWebKit/537.36"
172.16.0.25 - - [06/Jul/2025:09:03:22 ] "GET /contact HTTP/1.1" 503 7943 "-" "Mozilla/5.0 (Macintosh; Intel Mac OS X 10_15_7) AppleWebKit/537.36"
10.0.0.50 - - [06/Jul/2025:09:04:22 ] "GET /admin HTTP/1.1" 301 40401 "-" "Mozilla/5.0 (X11; Linux x86_64) AppleWebKit/537.36"
172.16.0.25 - - [06/Jul/2025:09:05:22 ] "GET /profile HTTP/1.1" 302 49617 "-" "Mozilla/5.0 (X11; Linux x86_64) AppleWebKit/537.36"
198.51.100.10 - - [06/Jul/2025:09:06:22 ] "GET /api/orders HTTP/1.1" 500 41264 "-" "Mozilla/5.0 (X11; Linux x86_64) AppleWebKit/537.36"
192.168.1.100 - - [06/Jul/2025:09:07:22 ] "GET /register HTTP/1.1" 200 1985 "-" "Mozilla/5.0 (Macintosh; Intel Mac OS X 10_15_7) AppleWebKit/537.36"
10.0.0.50 - - [06/Jul/2025:09:08:22 ] "GET /contact HTTP/1.1" 302 40784 "-" "Mozilla/5.0 (Windows NT 10.0; Win64; x64) AppleWebKit/537.36"
203.0.113.45 - - [06/Jul/2025:09:09:22 ] "GET /profile HTTP/1.1" 503 16542 "-" "Mozilla/5.0 (Macintosh; Intel Mac OS X 10_15_7) AppleWebKit/537.36"
198.51.100.10 - - [06/Jul/2025:09:10:22 ] "GET / HTTP/1.1" 404 36782 "-" "Mozilla/5.0 (Macintosh; Intel Mac OS X 10_15_7) AppleWebKit/537.36"
172.16.0.25 - - [06/Jul/2025:09:11:22 ] "GET /logout HTTP/1.1" 301 40246 "-" "Mozilla/5.0 (X11; Linux x86_64) AppleWebKit/537.36"
172.16.0.25 - - [06/Jul/2025:09:12:22 ] "GET /register HTTP/1.1" 200 46620 "-" "Mozilla/5.0 (Macintosh; Intel Mac OS X 10_15_7) AppleWebKit/537.36"
192.168.1.100 - - [06/Jul/2025:09:13:22 ] "GET /api/products HTTP/1.1" 200 4529 "-" "Mozilla/5.0 (Macintosh; Intel Mac OS X 10_15_7) AppleWebKit/537.36"
10.0.0.50 - - [06/Jul/2025:09:14:22 ] "GET /login HTTP/1.1" 503 29200 "-" "Mozilla/5.0 (X11; Linux x86_64) AppleWebKit/537.36"
172.16.0.25 - - [06/Jul/2025:09:15:22 ] "GET /api/users HTTP/1.1" 200 33293 "-" "Mozilla/5.0 (X11; Linux x86_64) AppleWebKit/537.36"
203.0.113.45 - - [06/Jul/2025:09:16:22 ] "GET /register HTTP/1.1" 404 25923 "-" "Mozilla/5.0 (Windows NT 10.0; Win64; x64) AppleWebKit/537.36"
203.0.113.45 - - [06/Jul/2025:09:17:22 ] "GET /api/products HTTP/1.1" 200 15630 "-" "Mozilla/5.0 (X11; Linux x86_64) AppleWebKit/537.36"
10.0.0.50 - - [06/Jul/2025:09:18:22 ] "GET /admin HTTP/1.1" 200 14939 "-" "Mozilla/5.0 (Windows NT 10.0; Win64; x64) AppleWebKit/537.36"
172.16.0.25 - - [06/Jul/2025:09:19:22 ] "GET /api/users HTTP/1.1" 404 24278 "-" "Mozilla/5.0 (Windows NT 10.0; Win64; x64) AppleWebKit/537.36"
203.0.113.45 - - [06/Jul/2025:09:20:22 ] "GET /dashboard HTTP/1.1" 503 12884 "-" "Mozilla/5.0 (X11; Linux x86_64) AppleWebKit/537.36"
192.168.1.100 - - [06/Jul/2025:09:21:22 ] "GET /contact HTTP/1.1" 503 36770 "-" "Mozilla/5.0 (Windows NT 10.0; Win64; x64) AppleWebKit/537.36"
172.16.0.25 - - [06/Jul/2025:09:22:22 ] "GET /contact HTTP/1.1" 200 32206 "-" "Mozilla/5.0 (X11; Linux x86_64) AppleWebKit/537.36"
10.0.0.50 - - [06/Jul/2025:09:23:22 ] "GET /register HTTP/1.1" 200 42914 "-" "Mozilla/5.0 (X11; Linux x86_64) AppleWebKit/537.36"
10.0.0.50 - - [06/Jul/2025:09:24:22 ] "GET /register HTTP/1.1" 200 34112 "-" "Mozilla/5.0 (Macintosh; Intel Mac OS X 10_15_7) AppleWebKit/537.36"
192.168.1.100 - - [06/Jul/2025:09:25:22 ] "GET /products HTTP/1.1" 301 10675 "-" "Mozilla/5.0 (Macintosh; Intel Mac OS X 10_15_7) AppleWebKit/537.36"
10.0.0.50 - - [06/Jul/2025:09:26:22 ] "GET /login HTTP/1.1" 200 3069 "-" "Mozilla/5.0 (X11; Linux x86_64) AppleWebKit/537.36"
203.0.113.45 - - [06/Jul/2025:09:27:22 ] "GET /dashboard HTTP/1.1" 404 163 "-" "Mozilla/5.0 (Macintosh; Intel Mac OS X 10_15_7) AppleWebKit/537.36"
10.0.0.50 - - [06/Jul/2025:09:28:22 ] "GET /api/orders HTTP/1.1" 302 6228 "-" "Mozilla/5.0 (X11; Linux x86_64) AppleWebKit/537.36"
10.0.0.50 - - [06/Jul/2025:09:29:22 ] "GET /admin HTTP/1.1" 404 38582 "-" "Mozilla/5.0 (Windows NT 10.0; Win64; x64) AppleWebKit/537.36"
203.0.113.45 - - [06/Jul/2025:09:30:22 ] "GET /products HTTP/1.1" 404 16751 "-" "Mozilla/5.0 (Windows NT 10.0; Win64; x64) AppleWebKit/537.36"
10.0.0.50 - - [06/Jul/2025:09:31:22 ] "GET /login HTTP/1.1" 302 13346 "-" "Mozilla/5.0 (Windows NT 10.0; Win64; x64) AppleWebKit/537.36"
172.16.0.25 - - [06/Jul/2025:09:32:22 ] "GET /register HTTP/1.1" 500 14504 "-" "Mozilla/5.0 (Macintosh; Intel Mac OS X 10_15_7) AppleWebKit/537.36"
10.0.0.50 - - [06/Jul/2025:09:33:22 ] "GET /api/products HTTP/1.1" 200 35032 "-" "Mozilla/5.0 (X11; Linux x86_64) AppleWebKit/537.36"
198.51.100.10 - - [06/Jul/2025:09:34:22 ] "GET /index.html HTTP/1.1" 200 17413 "-" "Mozilla/5.0 (Windows NT 10.0; Win64; x64) AppleWebKit/537.36"
10.0.0.50 - - [06/Jul/2025:09:35:22 ] "GET /register HTTP/1.1" 200 10624 "-" "Mozilla/5.0 (Windows NT 10.0; Win64; x64) AppleWebKit/537.36"
10.0.0.50 - - [06/Jul/2025:09:36:22 ] "GET /profile HTTP/1.1" 404 28027 "-" "Mozilla/5.0 (Windows NT 10.0; Win64; x64) AppleWebKit/537.36"
192.168.1.100 - - [06/Jul/2025:09:37:22 ] "GET /register HTTP/1.1" 200 38061 "-" "Mozilla/5.0 (X11; Linux x86_64) AppleWebKit/537.36"
198.51.100.10 - - [06/Jul/2025:09:38:22 ] "GET /api/products HTTP/1.1" 200 44209 "-" "Mozilla/5.0 (X11; Linux x86_64) AppleWebKit/537.36"
192.168.1.100 - - [06/Jul/2025:09:39:22 ] "GET / HTTP/1.1" 301 30155 "-" "Mozilla/5.0 (Macintosh; Intel Mac OS X 10_15_7) AppleWebKit/537.36"
172.16.0.25 - - [06/Jul/2025:09:40:22 ] "GET /api/orders HTTP/1.1" 200 37012 "-" "Mozilla/5.0 (Windows NT 10.0; Win64; x64) AppleWebKit/537.36"
192.168.1.100 - - [06/Jul/2025:09:41:22 ] "GET / HTTP/1.1" 200 30721 "-" "Mozilla/5.0 (X11; Linux x86_64) AppleWebKit/537.36"
172.16.0.25 - - [06/Jul/2025:09:42:22 ] "GET /dashboard HTTP/1.1" 500 10557 "-" "Mozilla/5.0 (X11; Linux x86_64) AppleWebKit/537.36"
198.51.100.10 - - [06/Jul/2025:09:43:22 ] "GET /login HTTP/1.1" 200 11806 "-" "Mozilla/5.0 (X11; Linux x86_64) AppleWebKit/537.36"
198.51.100.10 - - [06/Jul/2025:09:44:22 ] "GET /products HTTP/1.1" 200 3294 "-" "Mozilla/5.0 (X11; Linux x86_64) AppleWebKit/537.36"
10.0.0.50 - - [06/Jul/2025:09:45:22 ] "GET /api/products HTTP/1.1" 302 39664 "-" "Mozilla/5.0 (X11; Linux x86_64) AppleWebKit/537.36"
192.168.1.100 - - [06/Jul/2025:09:46:22 ] "GET / HTTP/1.1" 200 13946 "-" "Mozilla/5.0 (Macintosh; Intel Mac OS X 10_15_7) AppleWebKit/537.36"
10.0.0.50 - - [06/Jul/2025:09:47:22 ] "GET /register HTTP/1.1" 200 14417 "-" "Mozilla/5.0 (X11; Linux x86_64) AppleWebKit/537.36"
172.16.0.25 - - [06/Jul/2025:09:48:22 ] "GET / HTTP/1.1" 200 27975 "-" "Mozilla/5.0 (Macintosh; Intel Mac OS X 10_15_7) AppleWebKit/537.36"
10.0.0.50 - - [06/Jul/2025:09:49:22 ] "GET /api/orders HTTP/1.1" 500 766 "-" "Mozilla/5.0 (X11; Linux x86_64) AppleWebKit/537.36"
10.0.0.50 - - [06/Jul/2025:09:50:22 ] "GET /logout HTTP/1.1" 500 42822 "-" "Mozilla/5.0 (Windows NT 10.0; Win64; x64) AppleWebKit/537.36"
10.0.0.50 - - [06/Jul/2025:09:51:22 ] "GET /about HTTP/1.1" 200 45227 "-" "Mozilla/5.0 (Macintosh; Intel Mac OS X 10_15_7) AppleWebKit/537.36"
10.0.0.50 - - [06/Jul/2025:09:52:22 ] "GET /api/orders HTTP/1.1" 200 19300 "-" "Mozilla/5.0 (Macintosh; Intel Mac OS X 10_15_7) AppleWebKit/537.36"
203.0.113.45 - - [06/Jul/2025:09:53:22 ] "GET /api/orders HTTP/1.1" 500 34062 "-" "Mozilla/5.0 (Windows NT 10.0; Win64; x64) AppleWebKit/537.36"
198.51.100.10 - - [06/Jul/2025:09:54:22 ] "GET /index.html HTTP/1.1" 200 35092 "-" "Mozilla/5.0 (X11; Linux x86_64) AppleWebKit/537.36"
172.16.0.25 - - [06/Jul/2025:09:55:22 ] "GET / HTTP/1.1" 200 36284 "-" "Mozilla/5.0 (Windows NT 10.0; Win64; x64) AppleWebKit/537.36"
203.0.113.45 - - [06/Jul/2025:09:56:22 ] "GET /profile HTTP/1.1" 404 21526 "-" "Mozilla/5.0 (X11; Linux x86_64) AppleWebKit/537.36"
198.51.100.10 - - [06/Jul/2025:09:57:22 ] "GET /index.html HTTP/1.1" 200 4559 "-" "Mozilla/5.0 (Windows NT 10.0; Win64; x64) AppleWebKit/537.36"
172.16.0.25 - - [06/Jul/2025:09:58:22 ] "GET /login HTTP/1.1" 200 2424 "-" "Mozilla/5.0 (Macintosh; Intel Mac OS X 10_15_7) AppleWebKit/537.36"
198.51.100.10 - - [06/Jul/2025:09:59:22 ] "GET /logout HTTP/1.1" 503 26790 "-" "Mozilla/5.0 (X11; Linux x86_64) AppleWebKit/537.36"
192.168.1.100 - - [06/Jul/2025:10:00:22 ] "GET / HTTP/1.1" 500 12788 "-" "Mozilla/5.0 (Macintosh; Intel Mac OS X 10_15_7) AppleWebKit/537.36"
203.0.113.45 - - [06/Jul/2025:10:01:22 ] "GET /api/users HTTP/1.1" 302 11209 "-" "Mozilla/5.0 (Windows NT 10.0; Win64; x64) AppleWebKit/537.36"
10.0.0.50 - - [06/Jul/2025:10:02:22 ] "GET /about HTTP/1.1" 200 44913 "-" "Mozilla/5.0 (X11; Linux x86_64) AppleWebKit/537.36"
203.0.113.45 - - [06/Jul/2025:10:03:22 ] "GET /contact HTTP/1.1" 200 4357 "-" "Mozilla/5.0 (Macintosh; Intel Mac OS X 10_15_7) AppleWebKit/537.36"
198.51.100.10 - - [06/Jul/2025:10:04:22 ] "GET /logout HTTP/1.1" 404 15980 "-" "Mozilla/5.0 (X11; Linux x86_64) AppleWebKit/537.36"
172.16.0.25 - - [06/Jul/2025:10:05:22 ] "GET /login HTTP/1.1" 200 22441 "-" "Mozilla/5.0 (Macintosh; Intel Mac OS X 10_15_7) AppleWebKit/537.36"
172.16.0.25 - - [06/Jul/2025:10:06:22 ] "GET /register HTTP/1.1" 503 44819 "-" "Mozilla/5.0 (Windows NT 10.0; Win64; x64) AppleWebKit/537.36"
198.51.100.10 - - [06/Jul/2025:10:07:22 ] "GET /index.html HTTP/1.1" 503 23442 "-" "Mozilla/5.0 (Macintosh; Intel Mac OS X 10_15_7) AppleWebKit/537.36"
172.16.0.25 - - [06/Jul/2025:10:08:22 ] "GET /index.html HTTP/1.1" 200 44325 "-" "Mozilla/5.0 (Macintosh; Intel Mac OS X 10_15_7) AppleWebKit/537.36"
198.51.100.10 - - [06/Jul/2025:10:09:22 ] "GET /products HTTP/1.1" 500 38100 "-" "Mozilla/5.0 (Windows NT 10.0; Win64; x64) AppleWebKit/537.36"
198.51.100.10 - - [06/Jul/2025:10:10:22 ] "GET /logout HTTP/1.1" 500 33206 "-" "Mozilla/5.0 (Macintosh; Intel Mac OS X 10_15_7) AppleWebKit/537.36"
198.51.100.10 - - [06/Jul/2025:10:11:22 ] "GET /admin HTTP/1.1" 404 17320 "-" "Mozilla/5.0 (Macintosh; Intel Mac OS X 10_15_7) AppleWebKit/537.36"
10.0.0.50 - - [06/Jul/2025:10:12:22 ] "GET /contact HTTP/1.1" 200 42821 "-" "Mozilla/5.0 (Macintosh; Intel Mac OS X 10_15_7) AppleWebKit/537.36"
192.168.1.100 - - [06/Jul/2025:10:13:22 ] "GET /admin HTTP/1.1" 503 34179 "-" "Mozilla/5.0 (Macintosh; Intel Mac OS X 10_15_7) AppleWebKit/537.36"
198.51.100.10 - - [06/Jul/2025:10:14:22 ] "GET /index.html HTTP/1.1" 200 30424 "-" "Mozilla/5.0 (X11; Linux x86_64) AppleWebKit/537.36"
203.0.113.45 - - [06/Jul/2025:10:15:22 ] "GET /products HTTP/1.1" 200 45832 "-" "Mozilla/5.0 (Macintosh; Intel Mac OS X 10_15_7) AppleWebKit/537.36"
172.16.0.25 - - [06/Jul/2025:10:16:22 ] "GET /contact HTTP/1.1" 503 9398 "-" "Mozilla/5.0 (Macintosh; Intel Mac OS X 10_15_7) AppleWebKit/537.36"
198.51.100.10 - - [06/Jul/2025:10:17:22 ] "GET /admin HTTP/1.1" 404 42709 "-" "Mozilla/5.0 (Macintosh; Intel Mac OS X 10_15_7) AppleWebKit/537.36"
172.16.0.25 - - [06/Jul/2025:10:18:22 ] "GET /about HTTP/1.1" 503 28827 "-" "Mozilla/5.0 (Macintosh; Intel Mac OS X 10_15_7) AppleWebKit/537.36"
198.51.100.10 - - [06/Jul/2025:10:19:22 ] "GET /register HTTP/1.1" 200 29762 "-" "Mozilla/5.0 (X11; Linux x86_64) AppleWebKit/537.36"
172.16.0.25 - - [06/Jul/2025:10:20:22 ] "GET /register HTTP/1.1" 404 39421 "-" "Mozilla/5.0 (Macintosh; Intel Mac OS X 10_15_7) AppleWebKit/537.36"
172.16.0.25 - - [06/Jul/2025:10:21:22 ] "GET /api/users HTTP/1.1" 200 29934 "-" "Mozilla/5.0 (X11; Linux x86_64) AppleWebKit/537.36"
198.51.100.10 - - [06/Jul/2025:10:22:22 ] "GET /products HTTP/1.1" 200 356 "-" "Mozilla/5.0 (X11; Linux x86_64) AppleWebKit/537.36"
10.0.0.50 - - [06/Jul/2025:10:23:22 ] "GET /profile HTTP/1.1" 200 40929 "-" "Mozilla/5.0 (X11; Linux x86_64) AppleWebKit/537.36"
203.0.113.45 - - [06/Jul/2025:10:24:22 ] "GET / HTTP/1.1" 404 40238 "-" "Mozilla/5.0 (X11; Linux x86_64) AppleWebKit/537.36"
203.0.113.45 - - [06/Jul/2025:10:25:22 ] "GET /logout HTTP/1.1" 200 16562 "-" "Mozilla/5.0 (Windows NT 10.0; Win64; x64) AppleWebKit/537.36"
203.0.113.45 - - [06/Jul/2025:10:26:22 ] "GET /api/products HTTP/1.1" 200 37265 "-" "Mozilla/5.0 (Windows NT 10.0; Win64; x64) AppleWebKit/537.36"
203.0.113.45 - - [06/Jul/2025:10:27:22 ] "GET / HTTP/1.1" 500 16652 "-" "Mozilla/5.0 (Windows NT 10.0; Win64; x64) AppleWebKit/537.36"
192.168.1.100 - - [06/Jul/2025:10:28:22 ] "GET /dashboard HTTP/1.1" 200 17731 "-" "Mozilla/5.0 (Macintosh; Intel Mac OS X 10_15_7) AppleWebKit/537.36"
203.0.113.45 - - [06/Jul/2025:10:29:22 ] "GET /profile HTTP/1.1" 500 41265 "-" "Mozilla/5.0 (Windows NT 10.0; Win64; x64) AppleWebKit/537.36"
192.168.1.100 - - [06/Jul/2025:10:30:22 ] "GET /about HTTP/1.1" 200 26945 "-" "Mozilla/5.0 (X11; Linux x86_64) AppleWebKit/537.36"
203.0.113.45 - - [06/Jul/2025:10:31:22 ] "GET /api/products HTTP/1.1" 200 44722 "-" "Mozilla/5.0 (Windows NT 10.0; Win64; x64) AppleWebKit/537.36"
203.0.113.45 - - [06/Jul/2025:10:32:22 ] "GET / HTTP/1.1" 200 45675 "-" "Mozilla/5.0 (Windows NT 10.0; Win64; x64) AppleWebKit/537.36"
203.0.113.45 - - [06/Jul/2025:10:33:22 ] "GET /dashboard HTTP/1.1" 200 26575 "-" "Mozilla/5.0 (X11; Linux x86_64) AppleWebKit/537.36"
198.51.100.10 - - [06/Jul/2025:10:34:22 ] "GET /dashboard HTTP/1.1" 200 37905 "-" "Mozilla/5.0 (Macintosh; Intel Mac OS X 10_15_7) AppleWebKit/537.36"
172.16.0.25 - - [06/Jul/2025:10:35:22 ] "GET /api/users HTTP/1.1" 503 13902 "-" "Mozilla/5.0 (Windows NT 10.0; Win64; x64) AppleWebKit/537.36"
172.16.0.25 - - [06/Jul/2025:10:36:22 ] "GET /api/users HTTP/1.1" 500 6091 "-" "Mozilla/5.0 (Windows NT 10.0; Win64; x64) AppleWebKit/537.36"
198.51.100.10 - - [06/Jul/2025:10:37:22 ] "GET /login HTTP/1.1" 500 15092 "-" "Mozilla/5.0 (X11; Linux x86_64) AppleWebKit/537.36"
172.16.0.25 - - [06/Jul/2025:10:38:22 ] "GET /register HTTP/1.1" 200 27693 "-" "Mozilla/5.0 (Windows NT 10.0; Win64; x64) AppleWebKit/537.36"
198.51.100.10 - - [06/Jul/2025:10:39:22 ] "GET /dashboard HTTP/1.1" 500 12344 "-" "Mozilla/5.0 (Windows NT 10.0; Win64; x64) AppleWebKit/537.36"
10.0.0.50 - - [06/Jul/2025:10:40:22 ] "GET /api/products HTTP/1.1" 200 8843 "-" "Mozilla/5.0 (Windows NT 10.0; Win64; x64) AppleWebKit/537.36"
198.51.100.10 - - [06/Jul/2025:10:41:22 ] "GET /register HTTP/1.1" 503 38295 "-" "Mozilla/5.0 (Windows NT 10.0; Win64; x64) AppleWebKit/537.36"
192.168.1.100 - - [06/Jul/2025:10:42:22 ] "GET /products HTTP/1.1" 200 14057 "-" "Mozilla/5.0 (Windows NT 10.0; Win64; x64) AppleWebKit/537.36"
10.0.0.50 - - [06/Jul/2025:10:43:22 ] "GET /api/products HTTP/1.1" 301 6632 "-" "Mozilla/5.0 (X11; Linux x86_64) AppleWebKit/537.36"
10.0.0.50 - - [06/Jul/2025:10:44:22 ] "GET /admin HTTP/1.1" 302 22188 "-" "Mozilla/5.0 (Macintosh; Intel Mac OS X 10_15_7) AppleWebKit/537.36"
172.16.0.25 - - [06/Jul/2025:10:45:22 ] "GET /api/orders HTTP/1.1" 302 18775 "-" "Mozilla/5.0 (X11; Linux x86_64) AppleWebKit/537.36"
198.51.100.10 - - [06/Jul/2025:10:46:22 ] "GET /contact HTTP/1.1" 200 28084 "-" "Mozilla/5.0 (X11; Linux x86_64) AppleWebKit/537.36"
192.168.1.100 - - [06/Jul/2025:10:47:22 ] "GET /admin HTTP/1.1" 503 38413 "-" "Mozilla/5.0 (Macintosh; Intel Mac OS X 10_15_7) AppleWebKit/537.36"
192.168.1.100 - - [06/Jul/2025:10:48:22 ] "GET /api/users HTTP/1.1" 301 48304 "-" "Mozilla/5.0 (Macintosh; Intel Mac OS X 10_15_7) AppleWebKit/537.36"
203.0.113.45 - - [06/Jul/2025:10:49:22 ] "GET / HTTP/1.1" 200 20934 "-" "Mozilla/5.0 (Macintosh; Intel Mac OS X 10_15_7) AppleWebKit/537.36"
10.0.0.50 - - [06/Jul/2025:10:50:22 ] "GET /about HTTP/1.1" 500 23695 "-" "Mozilla/5.0 (Windows NT 10.0; Win64; x64) AppleWebKit/537.36"
172.16.0.25 - - [06/Jul/2025:10:51:22 ] "GET /dashboard HTTP/1.1" 503 38950 "-" "Mozilla/5.0 (Macintosh; Intel Mac OS X 10_15_7) AppleWebKit/537.36"
203.0.113.45 - - [06/Jul/2025:10:52:22 ] "GET /login HTTP/1.1" 200 14998 "-" "Mozilla/5.0 (Windows NT 10.0; Win64; x64) AppleWebKit/537.36"
203.0.113.45 - - [06/Jul/2025:10:53:22 ] "GET /register HTTP/1.1" 301 36996 "-" "Mozilla/5.0 (Windows NT 10.0; Win64; x64) AppleWebKit/537.36"
198.51.100.10 - - [06/Jul/2025:10:54:22 ] "GET /api/users HTTP/1.1" 301 29887 "-" "Mozilla/5.0 (Macintosh; Intel Mac OS X 10_15_7) AppleWebKit/537.36"
172.16.0.25 - - [06/Jul/2025:10:55:22 ] "GET /register HTTP/1.1" 200 28506 "-" "Mozilla/5.0 (X11; Linux x86_64) AppleWebKit/537.36"
203.0.113.45 - - [06/Jul/2025:10:56:22 ] "GET /api/users HTTP/1.1" 503 15529 "-" "Mozilla/5.0 (X11; Linux x86_64) AppleWebKit/537.36"
198.51.100.10 - - [06/Jul/2025:10:57:22 ] "GET /contact HTTP/1.1" 503 36110 "-" "Mozilla/5.0 (Windows NT 10.0; Win64; x64) AppleWebKit/537.36"
198.51.100.10 - - [06/Jul/2025:10:58:22 ] "GET /profile HTTP/1.1" 200 31703 "-" "Mozilla/5.0 (Windows NT 10.0; Win64; x64) AppleWebKit/537.36"
198.51.100.10 - - [06/Jul/2025:10:59:22 ] "GET /api/products HTTP/1.1" 200 17303 "-" "Mozilla/5.0 (Macintosh; Intel Mac OS X 10_15_7) AppleWebKit/537.36"
192.168.1.100 - - [06/Jul/2025:11:00:22 ] "GET /api/orders HTTP/1.1" 503 15918 "-" "Mozilla/5.0 (Windows NT 10.0; Win64; x64) AppleWebKit/537.36"
203.0.113.45 - - [06/Jul/2025:11:01:22 ] "GET /admin HTTP/1.1" 301 14582 "-" "Mozilla/5.0 (Macintosh; Intel Mac OS X 10_15_7) AppleWebKit/537.36"
192.168.1.100 - - [06/Jul/2025:11:02:22 ] "GET /logout HTTP/1.1" 500 22478 "-" "Mozilla/5.0 (Windows NT 10.0; Win64; x64) AppleWebKit/537.36"
172.16.0.25 - - [06/Jul/2025:11:03:22 ] "GET /register HTTP/1.1" 500 198 "-" "Mozilla/5.0 (Windows NT 10.0; Win64; x64) AppleWebKit/537.36"
10.0.0.50 - - [06/Jul/2025:11:04:22 ] "GET /api/orders HTTP/1.1" 200 38125 "-" "Mozilla/5.0 (Windows NT 10.0; Win64; x64) AppleWebKit/537.36"
172.16.0.25 - - [06/Jul/2025:11:05:22 ] "GET /api/products HTTP/1.1" 301 19800 "-" "Mozilla/5.0 (Macintosh; Intel Mac OS X 10_15_7) AppleWebKit/537.36"
172.16.0.25 - - [06/Jul/2025:11:06:22 ] "GET / HTTP/1.1" 200 42302 "-" "Mozilla/5.0 (X11; Linux x86_64) AppleWebKit/537.36"
192.168.1.100 - - [06/Jul/2025:11:07:22 ] "GET /login HTTP/1.1" 404 33105 "-" "Mozilla/5.0 (Macintosh; Intel Mac OS X 10_15_7) AppleWebKit/537.36"
192.168.1.100 - - [06/Jul/2025:11:08:22 ] "GET /products HTTP/1.1" 500 11094 "-" "Mozilla/5.0 (Windows NT 10.0; Win64; x64) AppleWebKit/537.36"
203.0.113.45 - - [06/Jul/2025:11:09:22 ] "GET /api/orders HTTP/1.1" 500 28243 "-" "Mozilla/5.0 (X11; Linux x86_64) AppleWebKit/537.36"
10.0.0.50 - - [06/Jul/2025:11:10:22 ] "GET /profile HTTP/1.1" 503 34134 "-" "Mozilla/5.0 (X11; Linux x86_64) AppleWebKit/537.36"
198.51.100.10 - - [06/Jul/2025:11:11:22 ] "GET / HTTP/1.1" 200 24362 "-" "Mozilla/5.0 (Macintosh; Intel Mac OS X 10_15_7) AppleWebKit/537.36"
192.168.1.100 - - [06/Jul/2025:11:12:22 ] "GET /profile HTTP/1.1" 302 41067 "-" "Mozilla/5.0 (Macintosh; Intel Mac OS X 10_15_7) AppleWebKit/537.36"
192.168.1.100 - - [06/Jul/2025:11:13:22 ] "GET /profile HTTP/1.1" 404 29915 "-" "Mozilla/5.0 (Macintosh; Intel Mac OS X 10_15_7) AppleWebKit/537.36"
198.51.100.10 - - [06/Jul/2025:11:14:22 ] "GET /logout HTTP/1.1" 404 49258 "-" "Mozilla/5.0 (X11; Linux x86_64) AppleWebKit/537.36"
198.51.100.10 - - [06/Jul/2025:11:15:22 ] "GET /index.html HTTP/1.1" 200 34934 "-" "Mozilla/5.0 (Macintosh; Intel Mac OS X 10_15_7) AppleWebKit/537.36"
10.0.0.50 - - [06/Jul/2025:11:16:22 ] "GET /contact HTTP/1.1" 404 34121 "-" "Mozilla/5.0 (Windows NT 10.0; Win64; x64) AppleWebKit/537.36"
192.168.1.100 - - [06/Jul/2025:11:17:22 ] "GET /about HTTP/1.1" 500 3174 "-" "Mozilla/5.0 (X11; Linux x86_64) AppleWebKit/537.36"
10.0.0.50 - - [06/Jul/2025:11:18:22 ] "GET /register HTTP/1.1" 200 28380 "-" "Mozilla/5.0 (Macintosh; Intel Mac OS X 10_15_7) AppleWebKit/537.36"
10.0.0.50 - - [06/Jul/2025:11:19:22 ] "GET /about HTTP/1.1" 404 28670 "-" "Mozilla/5.0 (X11; Linux x86_64) AppleWebKit/537.36"
203.0.113.45 - - [06/Jul/2025:11:20:22 ] "GET /register HTTP/1.1" 503 34259 "-" "Mozilla/5.0 (X11; Linux x86_64) AppleWebKit/537.36"
172.16.0.25 - - [06/Jul/2025:11:21:22 ] "GET /index.html HTTP/1.1" 200 5321 "-" "Mozilla/5.0 (Macintosh; Intel Mac OS X 10_15_7) AppleWebKit/537.36"
10.0.0.50 - - [06/Jul/2025:11:22:22 ] "GET /admin HTTP/1.1" 404 48702 "-" "Mozilla/5.0 (Windows NT 10.0; Win64; x64) AppleWebKit/537.36"
172.16.0.25 - - [06/Jul/2025:11:23:22 ] "GET /api/products HTTP/1.1" 404 24009 "-" "Mozilla/5.0 (Macintosh; Intel Mac OS X 10_15_7) AppleWebKit/537.36"
172.16.0.25 - - [06/Jul/2025:11:24:22 ] "GET /login HTTP/1.1" 200 10647 "-" "Mozilla/5.0 (Macintosh; Intel Mac OS X 10_15_7) AppleWebKit/537.36"
198.51.100.10 - - [06/Jul/2025:11:25:22 ] "GET /contact HTTP/1.1" 503 30477 "-" "Mozilla/5.0 (X11; Linux x86_64) AppleWebKit/537.36"
203.0.113.45 - - [06/Jul/2025:11:26:22 ] "GET /login HTTP/1.1" 404 49405 "-" "Mozilla/5.0 (X11; Linux x86_64) AppleWebKit/537.36"
172.16.0.25 - - [06/Jul/2025:11:27:22 ] "GET /api/orders HTTP/1.1" 503 49449 "-" "Mozilla/5.0 (Macintosh; Intel Mac OS X 10_15_7) AppleWebKit/537.36"
192.168.1.100 - - [06/Jul/2025:11:28:22 ] "GET /profile HTTP/1.1" 200 18051 "-" "Mozilla/5.0 (Macintosh; Intel Mac OS X 10_15_7) AppleWebKit/537.36"
192.168.1.100 - - [06/Jul/2025:11:29:22 ] "GET /profile HTTP/1.1" 200 29037 "-" "Mozilla/5.0 (X11; Linux x86_64) AppleWebKit/537.36"
172.16.0.25 - - [06/Jul/2025:11:30:22 ] "GET /contact HTTP/1.1" 200 34863 "-" "Mozilla/5.0 (Macintosh; Intel Mac OS X 10_15_7) AppleWebKit/537.36"
203.0.113.45 - - [06/Jul/2025:11:31:22 ] "GET /api/orders HTTP/1.1" 301 47267 "-" "Mozilla/5.0 (Macintosh; Intel Mac OS X 10_15_7) AppleWebKit/537.36"
10.0.0.50 - - [06/Jul/2025:11:32:22 ] "GET / HTTP/1.1" 200 36672 "-" "Mozilla/5.0 (Windows NT 10.0; Win64; x64) AppleWebKit/537.36"
198.51.100.10 - - [06/Jul/2025:11:33:22 ] "GET /profile HTTP/1.1" 200 40795 "-" "Mozilla/5.0 (Windows NT 10.0; Win64; x64) AppleWebKit/537.36"
172.16.0.25 - - [06/Jul/2025:11:34:22 ] "GET / HTTP/1.1" 503 16937 "-" "Mozilla/5.0 (X11; Linux x86_64) AppleWebKit/537.36"
198.51.100.10 - - [06/Jul/2025:11:35:22 ] "GET /products HTTP/1.1" 302 20078 "-" "Mozilla/5.0 (Macintosh; Intel Mac OS X 10_15_7) AppleWebKit/537.36"
198.51.100.10 - - [06/Jul/2025:11:36:22 ] "GET /index.html HTTP/1.1" 200 45675 "-" "Mozilla/5.0 (X11; Linux x86_64) AppleWebKit/537.36"
10.0.0.50 - - [06/Jul/2025:11:37:22 ] "GET /products HTTP/1.1" 404 27740 "-" "Mozilla/5.0 (Macintosh; Intel Mac OS X 10_15_7) AppleWebKit/537.36"
172.16.0.25 - - [06/Jul/2025:11:38:22 ] "GET /products HTTP/1.1" 200 12700 "-" "Mozilla/5.0 (X11; Linux x86_64) AppleWebKit/537.36"
198.51.100.10 - - [06/Jul/2025:11:39:22 ] "GET /index.html HTTP/1.1" 500 26353 "-" "Mozilla/5.0 (Macintosh; Intel Mac OS X 10_15_7) AppleWebKit/537.36"
172.16.0.25 - - [06/Jul/2025:11:40:22 ] "GET /dashboard HTTP/1.1" 302 22539 "-" "Mozilla/5.0 (X11; Linux x86_64) AppleWebKit/537.36"
10.0.0.50 - - [06/Jul/2025:11:41:22 ] "GET /profile HTTP/1.1" 404 35447 "-" "Mozilla/5.0 (Windows NT 10.0; Win64; x64) AppleWebKit/537.36"
172.16.0.25 - - [06/Jul/2025:11:42:22 ] "GET /index.html HTTP/1.1" 200 21195 "-" "Mozilla/5.0 (Windows NT 10.0; Win64; x64) AppleWebKit/537.36"
203.0.113.45 - - [06/Jul/2025:11:43:22 ] "GET /api/products HTTP/1.1" 503 41620 "-" "Mozilla/5.0 (Macintosh; Intel Mac OS X 10_15_7) AppleWebKit/537.36"
10.0.0.50 - - [06/Jul/2025:11:44:22 ] "GET /logout HTTP/1.1" 503 42266 "-" "Mozilla/5.0 (Windows NT 10.0; Win64; x64) AppleWebKit/537.36"
172.16.0.25 - - [06/Jul/2025:11:45:22 ] "GET /about HTTP/1.1" 503 10235 "-" "Mozilla/5.0 (X11; Linux x86_64) AppleWebKit/537.36"
10.0.0.50 - - [06/Jul/2025:11:46:22 ] "GET /register HTTP/1.1" 200 17899 "-" "Mozilla/5.0 (X11; Linux x86_64) AppleWebKit/537.36"
172.16.0.25 - - [06/Jul/2025:11:47:22 ] "GET /register HTTP/1.1" 200 9953 "-" "Mozilla/5.0 (Windows NT 10.0; Win64; x64) AppleWebKit/537.36"
203.0.113.45 - - [06/Jul/2025:11:48:22 ] "GET /api/users HTTP/1.1" 200 31317 "-" "Mozilla/5.0 (Macintosh; Intel Mac OS X 10_15_7) AppleWebKit/537.36"
198.51.100.10 - - [06/Jul/2025:11:49:22 ] "GET / HTTP/1.1" 302 18320 "-" "Mozilla/5.0 (Windows NT 10.0; Win64; x64) AppleWebKit/537.36"
10.0.0.50 - - [06/Jul/2025:11:50:22 ] "GET /api/orders HTTP/1.1" 404 24579 "-" "Mozilla/5.0 (X11; Linux x86_64) AppleWebKit/537.36"
198.51.100.10 - - [06/Jul/2025:11:51:22 ] "GET /api/users HTTP/1.1" 200 36375 "-" "Mozilla/5.0 (Windows NT 10.0; Win64; x64) AppleWebKit/537.36"
10.0.0.50 - - [06/Jul/2025:11:52:22 ] "GET /admin HTTP/1.1" 200 44468 "-" "Mozilla/5.0 (X11; Linux x86_64) AppleWebKit/537.36"
203.0.113.45 - - [06/Jul/2025:11:53:22 ] "GET /index.html HTTP/1.1" 404 8831 "-" "Mozilla/5.0 (X11; Linux x86_64) AppleWebKit/537.36"
203.0.113.45 - - [06/Jul/2025:11:54:22 ] "GET /contact HTTP/1.1" 200 44346 "-" "Mozilla/5.0 (Windows NT 10.0; Win64; x64) AppleWebKit/537.36"
10.0.0.50 - - [06/Jul/2025:11:55:22 ] "GET /about HTTP/1.1" 503 12462 "-" "Mozilla/5.0 (Macintosh; Intel Mac OS X 10_15_7) AppleWebKit/537.36"
198.51.100.10 - - [06/Jul/2025:11:56:22 ] "GET /products HTTP/1.1" 503 48593 "-" "Mozilla/5.0 (X11; Linux x86_64) AppleWebKit/537.36"
198.51.100.10 - - [06/Jul/2025:11:57:22 ] "GET / HTTP/1.1" 301 26392 "-" "Mozilla/5.0 (X11; Linux x86_64) AppleWebKit/537.36"
198.51.100.10 - - [06/Jul/2025:11:58:22 ] "GET /contact HTTP/1.1" 503 14652 "-" "Mozilla/5.0 (X11; Linux x86_64) AppleWebKit/537.36"
172.16.0.25 - - [06/Jul/2025:11:59:22 ] "GET /register HTTP/1.1" 301 48863 "-" "Mozilla/5.0 (Macintosh; Intel Mac OS X 10_15_7) AppleWebKit/537.36"
10.0.0.50 - - [06/Jul/2025:12:00:22 ] "GET /products HTTP/1.1" 200 49767 "-" "Mozilla/5.0 (Macintosh; Intel Mac OS X 10_15_7) AppleWebKit/537.36"
172.16.0.25 - - [06/Jul/2025:12:01:22 ] "GET /login HTTP/1.1" 500 47227 "-" "Mozilla/5.0 (Macintosh; Intel Mac OS X 10_15_7) AppleWebKit/537.36"
198.51.100.10 - - [06/Jul/2025:12:02:22 ] "GET /products HTTP/1.1" 200 24367 "-" "Mozilla/5.0 (Macintosh; Intel Mac OS X 10_15_7) AppleWebKit/537.36"
10.0.0.50 - - [06/Jul/2025:12:03:22 ] "GET /products HTTP/1.1" 500 4502 "-" "Mozilla/5.0 (Windows NT 10.0; Win64; x64) AppleWebKit/537.36"
10.0.0.50 - - [06/Jul/2025:12:04:22 ] "GET /dashboard HTTP/1.1" 200 40176 "-" "Mozilla/5.0 (Windows NT 10.0; Win64; x64) AppleWebKit/537.36"
